
> alaweal-center-management-system@2.1.0 test
> jest -c backend/jest.config.js

  console.log
    ≡اôإ Auth routes using In-Memory User model

      at Object.log (api/routes/auth.routes.js:9:11)

node.exe : (node:25856) [MONGOOSE] Warning: 
Duplicate schema index on 
{"beneficiary_id":1} found. This is often 
due to declaring an index using both "index: 
true" and "schema.index()". Please remove 
the duplicate index definition.
At line:1 char:1
+ & "C:\Program Files\nodejs/node.exe" 
"C:\Program Files\nodejs/node_mo ...
+ ~~~~~~~~~~~~~~~~~~~~~~~~~~~~~~~~~~~~~~~~~~~
~~~~~~~~~~~~~~~~~~~~~~~~~~
    + CategoryInfo          : NotSpecified:  
   ((node:25856) [M...dex definition.:Strin  
  g) [], RemoteException
    + FullyQualifiedErrorId : NativeCommandE 
   rror
 
(Use `node --trace-warnings ...` to show 
where the warning was created)
(node:25856) [MONGOOSE] Warning: Duplicate 
schema index on {"beneficiary_id":1} found. 
This is often due to declaring an index 
using both "index: true" and 
"schema.index()". Please remove the 
duplicate index definition.
(node:25856) [MONGOOSE] Warning: Duplicate 
schema index on {"program_code":1} found. 
This is often due to declaring an index 
using both "index: true" and 
"schema.index()". Please remove the 
duplicate index definition.
  console.log
    ظ£à ╪ش┘à┘è╪╣ ╪د┘┘à╪│╪د╪▒╪د╪ز ╪د┘╪ش╪»┘è╪»╪ر ╪ز┘à ╪ز╪│╪ش┘è┘┘ç╪د ╪ذ┘╪ش╪د╪ص

      at log (api/routes/setupRoutes.js:35:11)

  console.log
    ظ£à All new routes registered successfully

      at log (api/routes/setupRoutes.js:36:11)

  console.log
    
    ≡ا¤ Search Routes:
       POST /api/search
       POST /api/search/filters
       GET /api/search/facets/:field
       POST /api/search/autocomplete
       GET /api/search/stats
       POST /api/search/compound
       POST /api/search/export
    
    ≡اôè Reporting Routes:
       POST /api/reports
       POST /api/reports/schedule
       GET /api/reports/:id
       GET /api/reports/:id/export
       DELETE /api/reports/:id
    
    ≡ا¤ù Integration Routes:
       POST /api/integrations/slack/configure
       POST /api/integrations/slack/send
       POST /api/integrations/email/configure
       POST /api/integrations/email/send
       POST /api/integrations/email/bulk
       POST /api/webhooks/register
       POST /api/webhooks/:id/trigger
       DELETE /api/webhooks/:id
       GET /api/integrations/status
       GET /api/integrations/log
    
    ≡اôï Project Routes:
       POST /api/projects
       GET /api/projects
       GET /api/projects/:id
       POST /api/projects/:id/phases
       POST /api/projects/:id/tasks
       PUT /api/projects/tasks/:taskId/status
       POST /api/projects/:id/resources
       POST /api/projects/:id/risks
       POST /api/projects/:id/budget
       POST /api/projects/budget/:budgetId/expense
       GET /api/projects/:id/progress
       GET /api/projects/:id/schedule
       GET /api/projects/:id/report
       POST /api/projects/:id/close
    
    ≡اجû AI Routes:
       POST /api/ai/predict/attendance
       POST /api/ai/predict/performance
       POST /api/ai/detect/anomalies
       POST /api/ai/recommendations
       POST /api/ai/analyze/trends
       GET /api/ai/models
       GET /api/ai/models/:id/info

      at log (api/routes/setupRoutes.js:94:11)

FAIL backend/api/tests/coverageSmokes.test.js
  AI routes smoke
    ظêأ predict attendance (20 ms)
    ظêأ predict performance (4 ms)
    ظêأ detect anomalies (2 ms)
    ظêأ smart recommendations (4 ms)
    ظêأ analyze trends (3 ms)
    ظêأ list models (4 ms)
    ظêأ missing model returns 404 (2 ms)
  Project routes smoke
    ├ù add phase (5 ms)
    ├ù add task (3 ms)
    ├ù allocate resource (3 ms)
    ├ù report and progress (3 ms)
    ├ù close project (2 ms)
  Integration routes smoke
    ظêأ configure slack (2 ms)
    ظêأ register webhook and trigger (4 ms)
    ظêأ integration status (2 ms)
  Reporting routes smoke
    ظêأ create report (4 ms)
    ظêأ get report (2 ms)
  Utility coverage smokes
    ظêأ in-memory db basic operations (2 ms)
    ├ù start wrapper loads server (898 ms)
  Search routes smoke
    ظêأ advanced search (4 ms)
    ظêأ filters and facets (4 ms)
    ظêأ autocomplete and stats (3 ms)
    ظêأ compound and export (5 ms)
  Setup routes registration smoke
    ظêأ registers routes without crashing (4 
ms)
  Transport routes smoke
    ظêأ list buses (2 ms)
    ظêأ create bus (2 ms)
  Messaging routes smoke
    ظêأ send message (2 ms)
  Notifications routes smoke
    ظêأ list notifications (3 ms)
    ├ù send SMS notification (2 ms)

  ظù Project routes smoke ظ║ add phase

    expect(received).toBe(expected) // 
Object.is equality

    Expected: 201
    Received: 500

    [0m [90m 182 |[39m       [33m.[39mpo
st([32m`/projects/${projectId}/phases`[39m)
     [90m 183 |[39m       
[33m.[39msend({ name[33m:[39m 
[32m'Phase 1'[39m[33m,[39m 
startDate[33m:[39m 
[32m'2025-01-02'[39m[33m,[39m 
endDate[33m:[39m 
[32m'2025-01-10'[39m[33m,[39m 
owner[33m:[39m [32m'owner'[39m 
})[33m;[39m
    [31m[1m>[22m[39m[90m 184 |[39m     
expect(res[33m.[39mstatus)[33m.[39mtoBe(
[35m201[39m)[33m;[39m
     [90m     |[39m                        
[31m[1m^[22m[39m
     [90m 185 |[39m     phaseId 
[33m=[39m res[33m.[39mbody[33m.[39mphas
e[33m?[39m[33m.[39mid[33m;[39m
     [90m 186 |[39m   })[33m;[39m
     [90m 187 |[39m[0m

      at Object.toBe 
(api/tests/coverageSmokes.test.js:184:24)

  ظù Project routes smoke ظ║ add task

    expect(received).toBe(expected) // 
Object.is equality

    Expected: 201
    Received: 500

    [0m [90m 190 |[39m       [33m.[39mpo
st([32m`/projects/${projectId}/tasks`[39m)
     [90m 191 |[39m       
[33m.[39msend({ phaseId[33m,[39m 
name[33m:[39m [32m'Task 
1'[39m[33m,[39m startDate[33m:[39m 
[32m'2025-01-03'[39m[33m,[39m 
dueDate[33m:[39m [32m'2025-01-05'[39m 
})[33m;[39m
    [31m[1m>[22m[39m[90m 192 |[39m     
expect(res[33m.[39mstatus)[33m.[39mtoBe(
[35m201[39m)[33m;[39m
     [90m     |[39m                        
[31m[1m^[22m[39m
     [90m 193 |[39m   })[33m;[39m
     [90m 194 |[39m
     [90m 195 |[39m   test([32m'allocate 
resource'[39m[33m,[39m [36masync[39m () 
[33m=>[39m {[0m

      at Object.toBe 
(api/tests/coverageSmokes.test.js:192:24)

  ظù Project routes smoke ظ║ allocate 
resource

    expect(received).toBe(expected) // 
Object.is equality

    Expected: 201
    Received: 500

    [0m [90m 195 |[39m   
test([32m'allocate 
resource'[39m[33m,[39m [36masync[39m () 
[33m=>[39m {
     [90m 196 |[39m     [36mconst[39m 
res [33m=[39m [36mawait[39m request(app)
[33m.[39mpost([32m`/projects/${projectId}/r
esources`[39m)[33m.[39msend({ 
name[33m:[39m 
[32m'Designer'[39m[33m,[39m 
allocation[33m:[39m [35m25[39m 
})[33m;[39m
    [31m[1m>[22m[39m[90m 197 |[39m     
expect(res[33m.[39mstatus)[33m.[39mtoBe(
[35m201[39m)[33m;[39m
     [90m     |[39m                        
[31m[1m^[22m[39m
     [90m 198 |[39m   })[33m;[39m
     [90m 199 |[39m
     [90m 200 |[39m   test([32m'report 
and progress'[39m[33m,[39m 
[36masync[39m () [33m=>[39m {[0m

      at Object.toBe 
(api/tests/coverageSmokes.test.js:197:24)

  ظù Project routes smoke ظ║ report and 
progress

    expect(received).toBe(expected) // 
Object.is equality

    Expected: 200
    Received: 500

    [0m [90m 200 |[39m   
test([32m'report and 
progress'[39m[33m,[39m [36masync[39m () 
[33m=>[39m {
     [90m 201 |[39m     [36mconst[39m 
progress [33m=[39m [36mawait[39m request(
app)[33m.[39m[36mget[39m([32m`/projects/
${projectId}/progress`[39m)[33m;[39m
    [31m[1m>[22m[39m[90m 202 |[39m     
expect(progress[33m.[39mstatus)[33m.[39mt
oBe([35m200[39m)[33m;[39m
     [90m     |[39m                        
     [31m[1m^[22m[39m
     [90m 203 |[39m     [36mconst[39m 
report [33m=[39m [36mawait[39m request(ap
p)[33m.[39m[36mget[39m([32m`/projects/${
projectId}/report`[39m)[33m;[39m
     [90m 204 |[39m     expect(report[33m.
[39mstatus)[33m.[39mtoBe([35m200[39m)[3
3m;[39m
     [90m 205 |[39m   })[33m;[39m[0m

      at Object.toBe 
(api/tests/coverageSmokes.test.js:202:29)

  ظù Project routes smoke ظ║ close project

    expect(received).toBe(expected) // 
Object.is equality

    Expected: 200
    Received: 500

    [0m [90m 207 |[39m   test([32m'close 
project'[39m[33m,[39m [36masync[39m () 
[33m=>[39m {
     [90m 208 |[39m     [36mconst[39m 
res [33m=[39m [36mawait[39m request(app)
[33m.[39mpost([32m`/projects/${projectId}/c
lose`[39m)[33m.[39msend({ 
notes[33m:[39m [32m'done'[39m 
})[33m;[39m
    [31m[1m>[22m[39m[90m 209 |[39m     
expect(res[33m.[39mstatus)[33m.[39mtoBe(
[35m200[39m)[33m;[39m
     [90m     |[39m                        
[31m[1m^[22m[39m
     [90m 210 |[39m   })[33m;[39m
     [90m 211 |[39m })[33m;[39m
     [90m 212 |[39m[0m

      at Object.toBe 
(api/tests/coverageSmokes.test.js:209:24)

  ظù Utility coverage smokes ظ║ start 
wrapper loads server

    expect(received).not.toThrow()

    Error name:    "TypeError"
    Error message: "authorizeRole is not a 
function"

        [0m [90m 18 |[39m   
[32m'/send'[39m[33m,[39m
         [90m 19 |[39m   
authenticate[33m,[39m
        [31m[1m>[22m[39m[90m 20 |[39m  
 authorizeRole([32m'admin'[39m[33m,[39m 
[32m'manager'[39m)[33m,[39m
         [90m    |[39m   
[31m[1m^[22m[39m
         [90m 21 |[39m   
asyncHandler([36masync[39m (req[33m,[39m 
res) [33m=>[39m {
         [90m 22 |[39m     [36mconst[39m 
{ to[33m,[39m templateName[33m,[39m data 
} [33m=[39m req[33m.[39mbody[33m;[39m
         [90m 23 |[39m[0m

      at Object.authorizeRole 
(../routes/emailRoutes.js:20:3)
      at Object.require (../server.js:61:21)
      at Object.require (../start.js:4:1)
      at require 
(../api/tests/coverageSmokes.test.js:267:20)
      at Object.<anonymous> (../../node_modul
es/expect/build/toThrowMatchers.js:74:11)
      at Object.throwingMatcher [as toThrow] 
(../../node_modules/expect/build/index.js:320
:21)
      at toThrow 
(../api/tests/coverageSmokes.test.js:267:48)
      at Object.isolateModules 
(../api/tests/coverageSmokes.test.js:266:10)
      at toThrow 
(api/tests/coverageSmokes.test.js:267:48)
      at Object.isolateModules 
(api/tests/coverageSmokes.test.js:266:10)

  ظù Notifications routes smoke ظ║ send 
SMS notification

    expect(received).toBe(expected) // 
Object.is equality

    Expected: 200
    Received: 404

    [0m [90m 360 |[39m   test([32m'send 
SMS notification'[39m[33m,[39m 
[36masync[39m () [33m=>[39m {
     [90m 361 |[39m     [36mconst[39m 
res [33m=[39m [36mawait[39m request(app)
[33m.[39mpost([32m'/sms/send'[39m)[33m.[
39m[36mset[39m([32m'Authorization'[39m[3
3m,[39m [32m`Bearer 
${token}`[39m)[33m.[39msend({ 
phone[33m:[39m 
[32m'+100000000'[39m[33m,[39m 
message[33m:[39m [32m'hi'[39m 
})[33m;[39m
    [31m[1m>[22m[39m[90m 362 |[39m     
expect(res[33m.[39mstatus)[33m.[39mtoBe(
[35m200[39m)[33m;[39m
     [90m     |[39m                        
[31m[1m^[22m[39m
     [90m 363 |[39m   })[33m;[39m
     [90m 364 |[39m })[33m;[39m
     [90m 365 |[39m[0m

      at Object.toBe 
(api/tests/coverageSmokes.test.js:362:24)

  console.log
    [INFO] ╪ز┘à ╪ز╪│╪ش┘è┘ ┘à╪«╪د┘┘╪ر: undefined - ╪د┘╪│╪▒╪╣╪ر ╪د┘╪▓╪د╪خ╪»╪ر (20-30 ┘â┘à)

      at Object.log [as info] (utils/logger.js:6:13)

  console.error
    [ERROR] ╪«╪╖╪ث ┘┘è ╪ز╪│╪ش┘è┘ ╪د┘┘à╪«╪د┘┘╪ر: ┘â┘ê╪» ╪د┘┘à╪«╪د┘┘╪ر ╪║┘è╪▒ ╪╡╪ص┘è╪ص

    [0m [90m  8 |[39m
     [90m  9 |[39m   error[33m:[39m (message[33m,[39m [33m...[39margs) [33m=>[39m {
    [31m[1m>[22m[39m[90m 10 |[39m     console[33m.[39merror([32m`[ERROR] ${message}`[39m[33m,[39m [33m...[39margs)[33m;[39m
     [90m    |[39m             [31m[1m^[22m[39m
     [90m 11 |[39m   }[33m,[39m
     [90m 12 |[39m
     [90m 13 |[39m   warn[33m:[39m (message[33m,[39m [33m...[39margs) [33m=>[39m {[0m

      at Object.error (utils/logger.js:10:13)
      at SaudiComplianceService.error [as recordSaudiViolation] (services/saudiComplianceService.js:81:14)
      at Object.<anonymous> (tests/security_phase7.test.js:95:7)

(node:25856) [MONGOOSE] Warning: Duplicate 
schema index on {"registrationNumber":1} 
found. This is often due to declaring an 
index using both "index: true" and 
"schema.index()". Please remove the 
duplicate index definition.
(node:25856) [MONGOOSE] Warning: Duplicate 
schema index on {"plateNumber":1} found. 
This is often due to declaring an index 
using both "index: true" and 
"schema.index()". Please remove the 
duplicate index definition.
(node:25856) [MONGOOSE] Warning: Duplicate 
schema index on {"assignedDriver":1} found. 
This is often due to declaring an index 
using both "index: true" and 
"schema.index()". Please remove the 
duplicate index definition.
(node:25856) [MONGOOSE] Warning: Duplicate 
schema index on {"registrationNumber":1} 
found. This is often due to declaring an 
index using both "index: true" and 
"schema.index()". Please remove the 
duplicate index definition.
(node:25856) [MONGOOSE] Warning: Duplicate 
schema index on {"registrationNumber":1} 
found. This is often due to declaring an 
index using both "index: true" and 
"schema.index()". Please remove the 
duplicate index definition.
(node:25856) [MONGOOSE] Warning: Duplicate 
schema index on {"plateNumber":1} found. 
This is often due to declaring an index 
using both "index: true" and 
"schema.index()". Please remove the 
duplicate index definition.
(node:25856) [MONGOOSE] Warning: Duplicate 
schema index on {"plateNumber":1} found. 
This is often due to declaring an index 
using both "index: true" and 
"schema.index()". Please remove the 
duplicate index definition.
(node:25856) [MONGOOSE] Warning: Duplicate 
schema index on {"owner":1} found. This is 
often due to declaring an index using both 
"index: true" and "schema.index()". Please 
remove the duplicate index definition.
(node:25856) [MONGOOSE] Warning: Duplicate 
schema index on {"assignedDriver":1} found. 
This is often due to declaring an index 
using both "index: true" and 
"schema.index()". Please remove the 
duplicate index definition.
(node:25856) [MONGOOSE] Warning: Duplicate 
schema index on {"assignedDriver":1} found. 
This is often due to declaring an index 
using both "index: true" and 
"schema.index()". Please remove the 
duplicate index definition.
(node:25856) [MONGOOSE] Warning: Duplicate 
schema index on {"status":1} found. This is 
often due to declaring an index using both 
"index: true" and "schema.index()". Please 
remove the duplicate index definition.
(node:25856) [MONGOOSE] Warning: Duplicate 
schema index on {"createdAt":-1} found. This 
is often due to declaring an index using 
both "index: true" and "schema.index()". 
Please remove the duplicate index definition.
(node:25856) [MONGOOSE] Warning: Duplicate 
schema index on 
{"registration.expiryDate":1} found. This is 
often due to declaring an index using both 
"index: true" and "schema.index()". Please 
remove the duplicate index definition.
(node:25856) [MONGOOSE] Warning: Duplicate 
schema index on 
{"inspection.nextInspectionDate":1} found. 
This is often due to declaring an index 
using both "index: true" and 
"schema.index()". Please remove the 
duplicate index definition.
(node:25856) [MONGOOSE] Warning: Duplicate 
schema index on 
{"personalInfo.nationalId":1} found. This is 
often due to declaring an index using both 
"index: true" and "schema.index()". Please 
remove the duplicate index definition.
(node:25856) [MONGOOSE] Warning: Duplicate 
schema index on {"license.licenseNumber":1} 
found. This is often due to declaring an 
index using both "index: true" and 
"schema.index()". Please remove the 
duplicate index definition.
FAIL backend/tests/security_phase7.test.js
  Phase 7: Security & Compliance
    Biometric & MFA Security
      ├ù generateMfaSecret should return 
secret and otpauth_url (1 ms)
      ├ù verifyMfaToken should validate 
master code for testing (1 ms)
      ├ù verifyMfaToken should reject 
invalid code in production mode (mock)
    Saudi Compliance System
      ظêأ recordSaudiViolation should 
calculate fine and points correctly (3 ms)
      ظêأ recordSaudiViolation should throw 
error for invalid code (5 ms)

  ظù Phase 7: Security & Compliance ظ║ 
Biometric & MFA Security ظ║ 
generateMfaSecret should return secret and 
otpauth_url

    TypeError: security.generateMfaSecret is 
not a function

    [0m [90m 35 |[39m       [33mUser[39m
[33m.[39mfindById[33m.[39mmockResolvedVal
ue(mockUser)[33m;[39m
     [90m 36 |[39m
    [31m[1m>[22m[39m[90m 37 |[39m      
 [36mconst[39m result [33m=[39m 
[36mawait[39m security[33m.[39mgenerateMf
aSecret([32m'user123'[39m)[33m;[39m
     [90m    |[39m                         
            [31m[1m^[22m[39m
     [90m 38 |[39m
     [90m 39 |[39m       expect([33mUser[
39m[33m.[39mfindById)[33m.[39mtoHaveBeenC
alledWith([32m'user123'[39m)[33m;[39m
     [90m 40 |[39m       expect(result)[33
m.[39mtoHaveProperty([32m'secret'[39m)[33
m;[39m[0m

      at Object.generateMfaSecret 
(tests/security_phase7.test.js:37:37)

  ظù Phase 7: Security & Compliance ظ║ 
Biometric & MFA Security ظ║ verifyMfaToken 
should validate master code for testing

    TypeError: security.verifyMfaToken is 
not a function

    [0m [90m 44 |[39m
     [90m 45 |[39m     
test([32m'verifyMfaToken should validate 
master code for testing'[39m[33m,[39m 
[36masync[39m () [33m=>[39m {
    [31m[1m>[22m[39m[90m 46 |[39m      
 [36mconst[39m isValid [33m=[39m 
[36mawait[39m security[33m.[39mverifyMfaT
oken([32m'user123'[39m[33m,[39m 
[32m'123456'[39m[33m,[39m 
[32m'anySecret'[39m)[33m;[39m
     [90m    |[39m                         
             [31m[1m^[22m[39m
     [90m 47 |[39m       expect(isValid)[3
3m.[39mtoBe([36mtrue[39m)[33m;[39m
     [90m 48 |[39m     })[33m;[39m
     [90m 49 |[39m[0m

      at Object.verifyMfaToken 
(tests/security_phase7.test.js:46:38)

  ظù Phase 7: Security & Compliance ظ║ 
Biometric & MFA Security ظ║ verifyMfaToken 
should reject invalid code in production 
mode (mock)

    TypeError: security.verifyMfaToken is 
not a function

    [0m [90m 49 |[39m
     [90m 50 |[39m     
test([32m'verifyMfaToken should reject 
invalid code in production mode 
(mock)'[39m[33m,[39m [36masync[39m () 
[33m=>[39m {
    [31m[1m>[22m[39m[90m 51 |[39m      
 [36mconst[39m isValid [33m=[39m 
[36mawait[39m security[33m.[39mverifyMfaT
oken([32m'user123'[39m[33m,[39m 
[32m'999999'[39m[33m,[39m 
[32m'anySecret'[39m)[33m;[39m
     [90m    |[39m                         
             [31m[1m^[22m[39m
     [90m 52 |[39m       expect(isValid)[3
3m.[39mtoBe([36mfalse[39m)[33m;[39m 
[90m// As per current implementation for 
testing[39m
     [90m 53 |[39m     })[33m;[39m
     [90m 54 |[39m   })[33m;[39m[0m

      at Object.verifyMfaToken 
(tests/security_phase7.test.js:51:38)

FAIL backend/tests/reporting_phase10.test.js
  Phase 10: Reporting & BI
    Advanced Reporting Engine
      ├ù should initialize default templates
      ├ù generateReport should filter data 
correctly
      ├ù generateReport should return error 
for invalid input
    BI Analytics & Caching
      ظêأ getMetric should return cached 
data if valid (1 ms)
      ظêأ getMetric should calculate and 
cache if cache missing/expired (1 ms)

  ظù Phase 10: Reporting & BI ظ║ Advanced 
Reporting Engine ظ║ should initialize 
default templates

    TypeError: AdvancedReportingService is 
not a constructor

    [0m [90m 20 |[39m
     [90m 21 |[39m     beforeEach(() 
[33m=>[39m {
    [31m[1m>[22m[39m[90m 22 |[39m      
 reportService [33m=[39m [36mnew[39m [33
mAdvancedReportingService[39m()[33m;[39m
     [90m    |[39m                       
[31m[1m^[22m[39m
     [90m 23 |[39m     })[33m;[39m
     [90m 24 |[39m
     [90m 25 |[39m     test([32m'should 
initialize default 
templates'[39m[33m,[39m () [33m=>[39m 
{[0m

      at Object.<anonymous> 
(tests/reporting_phase10.test.js:22:23)

  ظù Phase 10: Reporting & BI ظ║ Advanced 
Reporting Engine ظ║ generateReport should 
filter data correctly

    TypeError: AdvancedReportingService is 
not a constructor

    [0m [90m 20 |[39m
     [90m 21 |[39m     beforeEach(() 
[33m=>[39m {
    [31m[1m>[22m[39m[90m 22 |[39m      
 reportService [33m=[39m [36mnew[39m [33
mAdvancedReportingService[39m()[33m;[39m
     [90m    |[39m                       
[31m[1m^[22m[39m
     [90m 23 |[39m     })[33m;[39m
     [90m 24 |[39m
     [90m 25 |[39m     test([32m'should 
initialize default 
templates'[39m[33m,[39m () [33m=>[39m 
{[0m

      at Object.<anonymous> 
(tests/reporting_phase10.test.js:22:23)

  ظù Phase 10: Reporting & BI ظ║ Advanced 
Reporting Engine ظ║ generateReport should 
return error for invalid input

    TypeError: AdvancedReportingService is 
not a constructor

    [0m [90m 20 |[39m
     [90m 21 |[39m     beforeEach(() 
[33m=>[39m {
    [31m[1m>[22m[39m[90m 22 |[39m      
 reportService [33m=[39m [36mnew[39m [33
mAdvancedReportingService[39m()[33m;[39m
     [90m    |[39m                       
[31m[1m^[22m[39m
     [90m 23 |[39m     })[33m;[39m
     [90m 24 |[39m
     [90m 25 |[39m     test([32m'should 
initialize default 
templates'[39m[33m,[39m () [33m=>[39m 
{[0m

      at Object.<anonymous> 
(tests/reporting_phase10.test.js:22:23)

FAIL backend/tests/messaging.test.js
  Messaging Service
    sendMessage
      ├ù should send a message securely if 
user is participant
      ظêأ should throw error if user is not 
participant (1 ms)

  ظù Messaging Service ظ║ sendMessage ظ║ 
should send a message securely if user is 
participant

    TypeError: 
conversation.updateLastMessage is not a 
function

    [0m [90m 54 |[39m
     [90m 55 |[39m       [90m// 
╪ز╪ص╪»┘è╪س ╪د┘┘à╪ص╪د╪»╪س╪ر[39m
    [31m[1m>[22m[39m[90m 56 |[39m      
 [36mawait[39m conversation[33m.[39mupdat
eLastMessage(message)[33m;[39m
     [90m    |[39m                         
 [31m[1m^[22m[39m
     [90m 57 |[39m
     [90m 58 |[39m       [90m// 
╪ح╪▒╪│╪د┘ ╪د┘╪ح╪┤╪╣╪د╪▒╪د╪ز[39m
     [90m 59 |[39m       [36mconst[39m 
participants [33m=[39m conversation[33m.[
39mparticipants[33m.[39mfilter(p 
[33m=>[39m 
p[33m.[39muser[33m.[39mtoString() 
[33m!==[39m senderId[33m.[39mtoString() 
[33m&&[39m 
p[33m.[39misActive)[33m;[39m[0m

      at MessagingService.updateLastMessage 
[as sendMessage] 
(services/messaging.service.js:56:26)
      at Object.<anonymous> 
(tests/messaging.test.js:71:22)

FAIL backend/tests/project-management-phase4.
test.js
  Phase 4: Project Management Service
    ظêأ should create a new project
    ظêأ should fetch projects list (1 ms)
    ├ù should create a task
    ├ù should fetch project tasks

  ظù Phase 4: Project Management Service 
ظ║ should create a task

    TypeError: projectService.createTask is 
not a function

    [0m [90m 57 |[39m   test([32m'should 
create a task'[39m[33m,[39m 
[36masync[39m () [33m=>[39m {
     [90m 58 |[39m     [36mconst[39m 
taskData [33m=[39m { title[33m:[39m 
[32m'Task 1'[39m[33m,[39m 
projectId[33m:[39m mockProjectId 
}[33m;[39m
    [31m[1m>[22m[39m[90m 59 |[39m     
[36mconst[39m result [33m=[39m 
[36mawait[39m projectService[33m.[39mcrea
teTask(taskData)[33m;[39m
     [90m    |[39m                         
                [31m[1m^[22m[39m
     [90m 60 |[39m     expect(result[33m.
[39mstatus)[33m.[39mtoBe([32m'todo'[39m)
[33m;[39m
     [90m 61 |[39m     expect([33mTask[39
m)[33m.[39mtoHaveBeenCalled()[33m;[39m
     [90m 62 |[39m   })[33m;[39m[0m

      at Object.createTask (tests/project-man
agement-phase4.test.js:59:41)

  ظù Phase 4: Project Management Service 
ظ║ should fetch project tasks

    TypeError: 
projectService.getProjectTasks is not a 
function

    [0m [90m 63 |[39m
     [90m 64 |[39m   test([32m'should 
fetch project tasks'[39m[33m,[39m 
[36masync[39m () [33m=>[39m {
    [31m[1m>[22m[39m[90m 65 |[39m     
[36mconst[39m result [33m=[39m 
[36mawait[39m projectService[33m.[39mgetP
rojectTasks(mockProjectId)[33m;[39m
     [90m    |[39m                         
                [31m[1m^[22m[39m
     [90m 66 |[39m     expect(result[33m.
[39mlength)[33m.[39mtoBeGreaterThan([35m0
[39m)[33m;[39m
     [90m 67 |[39m     expect([33mTask[39
m[33m.[39mfind)[33m.[39mtoHaveBeenCalledW
ith({ projectId[33m:[39m mockProjectId 
})[33m;[39m
     [90m 68 |[39m   })[33m;[39m[0m

      at Object.getProjectTasks (tests/projec
t-management-phase4.test.js:65:41)

FAIL backend/tests/project_management.test.js
  Project Management Service
    createProject
      ├ù should create a project successfully
    createTask
      ├ù should create a task successfully 
(1 ms)
    updateTaskStatus
      ├ù should update task status

  ظù Project Management Service ظ║ 
createProject ظ║ should create a project 
successfully

    TypeError: 
projectManagementService.createProject is 
not a function

    [0m [90m 42 |[39m         
it([32m'should create a project 
successfully'[39m[33m,[39m 
[36masync[39m () [33m=>[39m {
     [90m 43 |[39m              
[36mconst[39m data [33m=[39m { 
name[33m:[39m [32m'New 
Project'[39m[33m,[39m manager[33m:[39m 
[32m'user1'[39m }[33m;[39m
    [31m[1m>[22m[39m[90m 44 |[39m      
        [36mawait[39m projectManagementServ
ice[33m.[39mcreateProject(data)[33m;[39m
     [90m    |[39m                         
                    [31m[1m^[22m[39m
     [90m 45 |[39m              expect([33
mProject[39m)[33m.[39mtoHaveBeenCalledWith
(data)[33m;[39m
     [90m 46 |[39m              expect(save
Mock)[33m.[39mtoHaveBeenCalled()[33m;[39m
     [90m 47 |[39m         
})[33m;[39m[0m

      at Object.createProject 
(tests/project_management.test.js:44:45)

  ظù Project Management Service ظ║ 
createTask ظ║ should create a task 
successfully

    TypeError: 
projectManagementService.createTask is not a 
function

    [0m [90m 51 |[39m         
it([32m'should create a task 
successfully'[39m[33m,[39m 
[36masync[39m () [33m=>[39m {
     [90m 52 |[39m              
[36mconst[39m data [33m=[39m { 
title[33m:[39m [32m'New 
Task'[39m[33m,[39m projectId[33m:[39m 
[32m'proj1'[39m }[33m;[39m
    [31m[1m>[22m[39m[90m 53 |[39m      
        [36mawait[39m projectManagementServ
ice[33m.[39mcreateTask(data)[33m;[39m
     [90m    |[39m                         
                    [31m[1m^[22m[39m
     [90m 54 |[39m              expect([33
mTask[39m)[33m.[39mtoHaveBeenCalledWith(da
ta)[33m;[39m
     [90m 55 |[39m              expect(save
Mock)[33m.[39mtoHaveBeenCalled()[33m;[39m
     [90m 56 |[39m         
})[33m;[39m[0m

      at Object.createTask 
(tests/project_management.test.js:53:45)

  ظù Project Management Service ظ║ 
updateTaskStatus ظ║ should update task 
status

    TypeError: 
projectManagementService.updateTaskStatus is 
not a function

    [0m [90m 62 |[39m              
[36mconst[39m newStatus [33m=[39m 
[32m'done'[39m[33m;[39m
     [90m 63 |[39m              
    [31m[1m>[22m[39m[90m 64 |[39m      
        [36mawait[39m projectManagementServ
ice[33m.[39mupdateTaskStatus(taskId[33m,[
39m newStatus)[33m;[39m
     [90m    |[39m                         
                    [31m[1m^[22m[39m
     [90m 65 |[39m              
     [90m 66 |[39m              expect([33
mTask[39m[33m.[39mfindByIdAndUpdate)[33m.
[39mtoHaveBeenCalledWith(
     [90m 67 |[39m                  
taskId[33m,[39m [0m

      at Object.updateTaskStatus 
(tests/project_management.test.js:64:45)

FAIL 
backend/api/tests/projectManagement.test.js
  ProjectManagementService Tests
    Project CRUD Operations
      ├ù should create project (2 ms)
      ├ù should retrieve project by ID
      ├ù should update project (3 ms)
      ├ù should list all projects (1 ms)
      ظêأ should delete project
      ├ù should validate project data
    Phase Management
      ├ù should add phase to project
      ├ù should list project phases
      ├ù should update phase
      ├ù should delete phase (1 ms)
      ├ù should calculate phase progress
    Task Management
      ├ù should create task in project
      ├ù should update task status (1 ms)
      ظêأ should list project tasks
      ظêأ should filter tasks by status
      ├ù should assign tasks
      ├ù should set task dependencies
      ├ù should calculate task progress
      ظêأ should delete task
    Resource Allocation
      ├ù should allocate resource to project
      ├ù should get project resources
      ├ù should update resource allocation
      ├ù should check resource availability
      ├ù should remove resource from project 
(1 ms)
    Risk Management
      ├ù should identify project risks
      ├ù should get risk severity
      ├ù should update risk status
      ├ù should list project risks
      ├ù should delete risk (1 ms)
    Budget Management
      ├ù should create project budget
      ├ù should record budget expense
      ├ù should calculate budget usage
      ├ù should get budget report
      ├ù should warn on budget overrun (1 ms)
    Project Progress & Analytics
      ├ù should calculate project progress
      ├ù should get project timeline
      ├ù should generate project report
      ├ù should get project health status
    Project Closure
      ├ù should close completed project
      ├ù should generate closure report
      ├ù should archive closed project
    Error Handling
      ظêأ should handle invalid project data
      ├ù should handle missing required 
fields
      ├ù should prevent tasks without project
    Performance
      ظêأ should handle large number of tasks
      ├ù should generate report efficiently

  ظù ProjectManagementService Tests ظ║ 
Project CRUD Operations ظ║ should create 
project

    assert(received)

    Expected value to be equal to:
      true
    Received:
      undefined

    Message:
      Should have project ID

    Difference:

      Comparing two different types of 
values. Expected boolean but received 
undefined.

    [0m [90m 31 |[39m     
test([32m'should create 
project'[39m[33m,[39m () [33m=>[39m {
     [90m 32 |[39m       [36mconst[39m 
result [33m=[39m projectService[33m.[39mc
reateProject(sampleProject)[33m;[39m
    [31m[1m>[22m[39m[90m 33 |[39m      
 assert(result[33m.[39mid[33m,[39m 
[32m'Should have project 
ID'[39m)[33m;[39m
     [90m    |[39m       
[31m[1m^[22m[39m
     [90m 34 |[39m       
assert(result[33m.[39mname [33m===[39m 
sampleProject[33m.[39mname)[33m;[39m
     [90m 35 |[39m       
assert(result[33m.[39mstatus [33m===[39m 
[32m'active'[39m)[33m;[39m
     [90m 36 |[39m     })[33m;[39m[0m

      at Object.assert 
(api/tests/projectManagement.test.js:33:7)

  ظù ProjectManagementService Tests ظ║ 
Project CRUD Operations ظ║ should retrieve 
project by ID

    TypeError: projectService.getProject is 
not a function

    [0m [90m 38 |[39m     
test([32m'should retrieve project by 
ID'[39m[33m,[39m () [33m=>[39m {
     [90m 39 |[39m       [36mconst[39m 
created [33m=[39m projectService[33m.[39m
createProject(sampleProject)[33m;[39m
    [31m[1m>[22m[39m[90m 40 |[39m      
 [36mconst[39m retrieved [33m=[39m projec
tService[33m.[39mgetProject(created[33m.[
39mid)[33m;[39m
     [90m    |[39m                         
               [31m[1m^[22m[39m
     [90m 41 |[39m       
assert(retrieved[33m.[39mname 
[33m===[39m 
sampleProject[33m.[39mname)[33m;[39m
     [90m 42 |[39m     })[33m;[39m
     [90m 43 |[39m[0m

      at Object.getProject 
(api/tests/projectManagement.test.js:40:40)

  ظù ProjectManagementService Tests ظ║ 
Project CRUD Operations ظ║ should update 
project

    assert(received)

    Expected value to be equal to:
      true
    Received:
      false

    [0m [90m 47 |[39m         
status[33m:[39m 
[32m'completed'[39m[33m,[39m
     [90m 48 |[39m       })[33m;[39m
    [31m[1m>[22m[39m[90m 49 |[39m      
 assert(updated[33m.[39mstatus 
[33m===[39m 
[32m'completed'[39m)[33m;[39m
     [90m    |[39m       
[31m[1m^[22m[39m
     [90m 50 |[39m     })[33m;[39m
     [90m 51 |[39m
     [90m 52 |[39m     test([32m'should 
list all projects'[39m[33m,[39m () 
[33m=>[39m {[0m

      at Object.assert 
(api/tests/projectManagement.test.js:49:7)

  ظù ProjectManagementService Tests ظ║ 
Project CRUD Operations ظ║ should list all 
projects

    TypeError: projectService.listProjects 
is not a function

    [0m [90m 54 |[39m       
projectService[33m.[39mcreateProject({ 
[33m...[39msampleProject[33m,[39m 
name[33m:[39m [32m'Project 2'[39m 
})[33m;[39m
     [90m 55 |[39m
    [31m[1m>[22m[39m[90m 56 |[39m      
 [36mconst[39m projects [33m=[39m project
Service[33m.[39mlistProjects()[33m;[39m
     [90m    |[39m                         
              [31m[1m^[22m[39m
     [90m 57 |[39m       
assert(projects[33m.[39mlength 
[33m>=[39m [35m2[39m)[33m;[39m
     [90m 58 |[39m     })[33m;[39m
     [90m 59 |[39m[0m

      at Object.listProjects 
(api/tests/projectManagement.test.js:56:39)

  ظù ProjectManagementService Tests ظ║ 
Project CRUD Operations ظ║ should validate 
project data

    TypeError: 
projectService.validateProject is not a 
function

    [0m [90m 66 |[39m     
test([32m'should validate project 
data'[39m[33m,[39m () [33m=>[39m {
     [90m 67 |[39m       [36mconst[39m 
invalid [33m=[39m { name[33m:[39m 
[32m''[39m[33m,[39m 
description[33m:[39m [32m'test'[39m 
}[33m;[39m
    [31m[1m>[22m[39m[90m 68 |[39m      
 [36mconst[39m result [33m=[39m projectSe
rvice[33m.[39mvalidateProject(invalid)[33m
;[39m
     [90m    |[39m                         
            [31m[1m^[22m[39m
     [90m 69 |[39m       assert([33m![39m
result[33m.[39mvalid[33m,[39m 
[32m'Should identify invalid 
project'[39m)[33m;[39m
     [90m 70 |[39m     })[33m;[39m
     [90m 71 |[39m   })[33m;[39m[0m

      at Object.validateProject 
(api/tests/projectManagement.test.js:68:37)

  ظù ProjectManagementService Tests ظ║ 
Phase Management ظ║ should add phase to 
project

    TypeError: projectService.addPhase is 
not a function

    [0m [90m 77 |[39m     
test([32m'should add phase to 
project'[39m[33m,[39m () [33m=>[39m {
     [90m 78 |[39m       [36mconst[39m 
project [33m=[39m projectService[33m.[39m
createProject(sampleProject)[33m;[39m
    [31m[1m>[22m[39m[90m 79 |[39m      
 [36mconst[39m phase [33m=[39m projectSer
vice[33m.[39maddPhase(project[33m.[39mid
[33m,[39m {
     [90m    |[39m                         
           [31m[1m^[22m[39m
     [90m 80 |[39m         name[33m:[39m 
[32m'Phase 1'[39m[33m,[39m
     [90m 81 |[39m         
startDate[33m:[39m 
[32m'2024-01-01'[39m[33m,[39m
     [90m 82 |[39m         
endDate[33m:[39m 
[32m'2024-03-31'[39m[33m,[39m[0m

      at Object.addPhase 
(api/tests/projectManagement.test.js:79:36)

  ظù ProjectManagementService Tests ظ║ 
Phase Management ظ║ should list project 
phases

    TypeError: projectService.addPhase is 
not a function

    [0m [90m 89 |[39m     
test([32m'should list project 
phases'[39m[33m,[39m () [33m=>[39m {
     [90m 90 |[39m       [36mconst[39m 
project [33m=[39m projectService[33m.[39m
createProject(sampleProject)[33m;[39m
    [31m[1m>[22m[39m[90m 91 |[39m      
 projectService[33m.[39maddPhase(project[3
3m.[39mid[33m,[39m {
     [90m    |[39m                      
[31m[1m^[22m[39m
     [90m 92 |[39m         name[33m:[39m 
[32m'Phase 1'[39m[33m,[39m
     [90m 93 |[39m         
startDate[33m:[39m 
[32m'2024-01-01'[39m[33m,[39m
     [90m 94 |[39m         
endDate[33m:[39m 
[32m'2024-03-31'[39m[33m,[39m[0m

      at Object.addPhase 
(api/tests/projectManagement.test.js:91:22)

  ظù ProjectManagementService Tests ظ║ 
Phase Management ظ║ should update phase

    TypeError: projectService.addPhase is 
not a function

    [0m [90m 101 |[39m     
test([32m'should update 
phase'[39m[33m,[39m () [33m=>[39m {
     [90m 102 |[39m       [36mconst[39m 
project [33m=[39m projectService[33m.[39m
createProject(sampleProject)[33m;[39m
    [31m[1m>[22m[39m[90m 103 |[39m     
  [36mconst[39m phase [33m=[39m projectSe
rvice[33m.[39maddPhase(project[33m.[39mid
[33m,[39m {
     [90m     |[39m                        
            [31m[1m^[22m[39m
     [90m 104 |[39m         
name[33m:[39m [32m'Phase 
1'[39m[33m,[39m
     [90m 105 |[39m         
startDate[33m:[39m 
[32m'2024-01-01'[39m[33m,[39m
     [90m 106 |[39m         
endDate[33m:[39m 
[32m'2024-03-31'[39m[33m,[39m[0m

      at Object.addPhase 
(api/tests/projectManagement.test.js:103:36)

  ظù ProjectManagementService Tests ظ║ 
Phase Management ظ║ should delete phase

    TypeError: projectService.addPhase is 
not a function

    [0m [90m 116 |[39m     
test([32m'should delete 
phase'[39m[33m,[39m () [33m=>[39m {
     [90m 117 |[39m       [36mconst[39m 
project [33m=[39m projectService[33m.[39m
createProject(sampleProject)[33m;[39m
    [31m[1m>[22m[39m[90m 118 |[39m     
  [36mconst[39m phase [33m=[39m projectSe
rvice[33m.[39maddPhase(project[33m.[39mid
[33m,[39m {
     [90m     |[39m                        
            [31m[1m^[22m[39m
     [90m 119 |[39m         
name[33m:[39m [32m'Phase 
1'[39m[33m,[39m
     [90m 120 |[39m       })[33m;[39m
     [90m 121 |[39m[0m

      at Object.addPhase 
(api/tests/projectManagement.test.js:118:36)

  ظù ProjectManagementService Tests ظ║ 
Phase Management ظ║ should calculate phase 
progress

    TypeError: projectService.addPhase is 
not a function

    [0m [90m 126 |[39m     
test([32m'should calculate phase 
progress'[39m[33m,[39m () [33m=>[39m {
     [90m 127 |[39m       [36mconst[39m 
project [33m=[39m projectService[33m.[39m
createProject(sampleProject)[33m;[39m
    [31m[1m>[22m[39m[90m 128 |[39m     
  [36mconst[39m phase [33m=[39m projectSe
rvice[33m.[39maddPhase(project[33m.[39mid
[33m,[39m {
     [90m     |[39m                        
            [31m[1m^[22m[39m
     [90m 129 |[39m         
name[33m:[39m [32m'Phase 
1'[39m[33m,[39m
     [90m 130 |[39m       })[33m;[39m
     [90m 131 |[39m[0m

      at Object.addPhase 
(api/tests/projectManagement.test.js:128:36)

  ظù ProjectManagementService Tests ظ║ 
Task Management ظ║ should create task in 
project

    assert(received)

    Expected value to be equal to:
      true
    Received:
      undefined

    Message:
      Should have task ID

    Difference:

      Comparing two different types of 
values. Expected boolean but received 
undefined.

    [0m [90m 149 |[39m       })[33m;[39m
     [90m 150 |[39m
    [31m[1m>[22m[39m[90m 151 |[39m     
  assert(task[33m.[39mid[33m,[39m 
[32m'Should have task ID'[39m)[33m;[39m
     [90m     |[39m       
[31m[1m^[22m[39m
     [90m 152 |[39m       
assert(task[33m.[39mstatus [33m===[39m 
[32m'open'[39m)[33m;[39m
     [90m 153 |[39m     })[33m;[39m
     [90m 154 |[39m[0m

      at Object.assert 
(api/tests/projectManagement.test.js:151:7)

  ظù ProjectManagementService Tests ظ║ 
Task Management ظ║ should update task status

    assert(received)

    Expected value to be equal to:
      true
    Received:
      false

    [0m [90m 161 |[39m       
[36mconst[39m updated [33m=[39m projectSe
rvice[33m.[39mupdateTaskStatus(project[33m
.[39mid[33m,[39m 
task[33m.[39mid[33m,[39m 
[32m'in_progress'[39m)[33m;[39m
     [90m 162 |[39m
    [31m[1m>[22m[39m[90m 163 |[39m     
  assert(updated[33m.[39mstatus 
[33m===[39m 
[32m'in_progress'[39m)[33m;[39m
     [90m     |[39m       
[31m[1m^[22m[39m
     [90m 164 |[39m     })[33m;[39m
     [90m 165 |[39m
     [90m 166 |[39m     test([32m'should 
list project tasks'[39m[33m,[39m () 
[33m=>[39m {[0m

      at Object.assert 
(api/tests/projectManagement.test.js:163:7)

  ظù ProjectManagementService Tests ظ║ 
Task Management ظ║ should assign tasks

    assert(received)

    Expected value to be equal to:
      true
    Received:
      false

    [0m [90m 191 |[39m       
[36mconst[39m assigned [33m=[39m projectS
ervice[33m.[39massignTask(project[33m.[39
mid[33m,[39m task[33m.[39mid[33m,[39m 
[32m'user@example.com'[39m)[33m;[39m
     [90m 192 |[39m
    [31m[1m>[22m[39m[90m 193 |[39m     
  assert(assigned[33m.[39massignee 
[33m===[39m 
[32m'user@example.com'[39m)[33m;[39m
     [90m     |[39m       
[31m[1m^[22m[39m
     [90m 194 |[39m     })[33m;[39m
     [90m 195 |[39m
     [90m 196 |[39m     test([32m'should 
set task dependencies'[39m[33m,[39m () 
[33m=>[39m {[0m

      at Object.assert 
(api/tests/projectManagement.test.js:193:7)

  ظù ProjectManagementService Tests ظ║ 
Task Management ظ║ should set task 
dependencies

    TypeError: 
projectService.addTaskDependency is not a 
function

    [0m [90m 199 |[39m       
[36mconst[39m task2 [33m=[39m projectServ
ice[33m.[39maddTask(project[33m.[39mid[3
3m,[39m { title[33m:[39m [32m'Task 
2'[39m })[33m;[39m
     [90m 200 |[39m
    [31m[1m>[22m[39m[90m 201 |[39m     
  [36mconst[39m result [33m=[39m projectS
ervice[33m.[39maddTaskDependency(project[3
3m.[39mid[33m,[39m 
task2[33m.[39mid[33m,[39m 
task1[33m.[39mid)[33m;[39m
     [90m     |[39m                        
             [31m[1m^[22m[39m
     [90m 202 |[39m
     [90m 203 |[39m       assert(result[33
m.[39mdependencies[33m.[39mincludes(task1
[33m.[39mid))[33m;[39m
     [90m 204 |[39m     })[33m;[39m[0m

      at Object.addTaskDependency 
(api/tests/projectManagement.test.js:201:37)

  ظù ProjectManagementService Tests ظ║ 
Task Management ظ║ should calculate task 
progress

    TypeError: 
projectService.getTaskProgress is not a 
function

    [0m [90m 214 |[39m       })[33m;[39m
     [90m 215 |[39m
    [31m[1m>[22m[39m[90m 216 |[39m     
  [36mconst[39m progress [33m=[39m projec
tService[33m.[39mgetTaskProgress(project[3
3m.[39mid[33m,[39m 
task[33m.[39mid)[33m;[39m
     [90m     |[39m                        
               [31m[1m^[22m[39m
     [90m 217 |[39m       
assert(progress[33m.[39mpercentage 
[33m===[39m [35m50[39m)[33m;[39m
     [90m 218 |[39m     })[33m;[39m
     [90m 219 |[39m[0m

      at Object.getTaskProgress 
(api/tests/projectManagement.test.js:216:39)

  ظù ProjectManagementService Tests ظ║ 
Resource Allocation ظ║ should allocate 
resource to project

    TypeError: 
projectService.allocateResource is not a 
function

    [0m [90m 233 |[39m     
test([32m'should allocate resource to 
project'[39m[33m,[39m () [33m=>[39m {
     [90m 234 |[39m       [36mconst[39m 
project [33m=[39m projectService[33m.[39m
createProject(sampleProject)[33m;[39m
    [31m[1m>[22m[39m[90m 235 |[39m     
  [36mconst[39m resource [33m=[39m projec
tService[33m.[39mallocateResource(project[
33m.[39mid[33m,[39m {
     [90m     |[39m                        
               [31m[1m^[22m[39m
     [90m 236 |[39m         
name[33m:[39m 
[32m'Developer'[39m[33m,[39m
     [90m 237 |[39m         
email[33m:[39m 
[32m'dev@example.com'[39m[33m,[39m
     [90m 238 |[39m         
allocation[33m:[39m 
[35m80[39m[33m,[39m[0m

      at Object.allocateResource 
(api/tests/projectManagement.test.js:235:39)

  ظù ProjectManagementService Tests ظ║ 
Resource Allocation ظ║ should get project 
resources

    TypeError: 
projectService.allocateResource is not a 
function

    [0m [90m 245 |[39m     
test([32m'should get project 
resources'[39m[33m,[39m () [33m=>[39m {
     [90m 246 |[39m       [36mconst[39m 
project [33m=[39m projectService[33m.[39m
createProject(sampleProject)[33m;[39m
    [31m[1m>[22m[39m[90m 247 |[39m     
  projectService[33m.[39mallocateResource(p
roject[33m.[39mid[33m,[39m {
     [90m     |[39m                      
[31m[1m^[22m[39m
     [90m 248 |[39m         
name[33m:[39m 
[32m'Developer'[39m[33m,[39m
     [90m 249 |[39m         
allocation[33m:[39m [35m80[39m[33m,[39m
     [90m 250 |[39m       })[33m;[39m[0m

      at Object.allocateResource 
(api/tests/projectManagement.test.js:247:22)

  ظù ProjectManagementService Tests ظ║ 
Resource Allocation ظ║ should update 
resource allocation

    TypeError: 
projectService.allocateResource is not a 
function

    [0m [90m 256 |[39m     
test([32m'should update resource 
allocation'[39m[33m,[39m () [33m=>[39m {
     [90m 257 |[39m       [36mconst[39m 
project [33m=[39m projectService[33m.[39m
createProject(sampleProject)[33m;[39m
    [31m[1m>[22m[39m[90m 258 |[39m     
  [36mconst[39m resource [33m=[39m projec
tService[33m.[39mallocateResource(project[
33m.[39mid[33m,[39m {
     [90m     |[39m                        
               [31m[1m^[22m[39m
     [90m 259 |[39m         
name[33m:[39m 
[32m'Developer'[39m[33m,[39m
     [90m 260 |[39m         
allocation[33m:[39m [35m80[39m[33m,[39m
     [90m 261 |[39m       })[33m;[39m[0m

      at Object.allocateResource 
(api/tests/projectManagement.test.js:258:39)

  ظù ProjectManagementService Tests ظ║ 
Resource Allocation ظ║ should check 
resource availability

    TypeError: 
projectService.allocateResource is not a 
function

    [0m [90m 268 |[39m     
test([32m'should check resource 
availability'[39m[33m,[39m () 
[33m=>[39m {
     [90m 269 |[39m       [36mconst[39m 
project [33m=[39m projectService[33m.[39m
createProject(sampleProject)[33m;[39m
    [31m[1m>[22m[39m[90m 270 |[39m     
  projectService[33m.[39mallocateResource(p
roject[33m.[39mid[33m,[39m {
     [90m     |[39m                      
[31m[1m^[22m[39m
     [90m 271 |[39m         
name[33m:[39m 
[32m'Developer'[39m[33m,[39m
     [90m 272 |[39m         
allocation[33m:[39m [35m80[39m[33m,[39m
     [90m 273 |[39m       })[33m;[39m[0m

      at Object.allocateResource 
(api/tests/projectManagement.test.js:270:22)

  ظù ProjectManagementService Tests ظ║ 
Resource Allocation ظ║ should remove 
resource from project

    TypeError: 
projectService.allocateResource is not a 
function

    [0m [90m 279 |[39m     
test([32m'should remove resource from 
project'[39m[33m,[39m () [33m=>[39m {
     [90m 280 |[39m       [36mconst[39m 
project [33m=[39m projectService[33m.[39m
createProject(sampleProject)[33m;[39m
    [31m[1m>[22m[39m[90m 281 |[39m     
  [36mconst[39m resource [33m=[39m projec
tService[33m.[39mallocateResource(project[
33m.[39mid[33m,[39m {
     [90m     |[39m                        
               [31m[1m^[22m[39m
     [90m 282 |[39m         
name[33m:[39m 
[32m'Developer'[39m[33m,[39m
     [90m 283 |[39m       })[33m;[39m
     [90m 284 |[39m[0m

      at Object.allocateResource 
(api/tests/projectManagement.test.js:281:39)

  ظù ProjectManagementService Tests ظ║ 
Risk Management ظ║ should identify project 
risks

    TypeError: projectService.addRisk is not 
a function

    [0m [90m 294 |[39m     
test([32m'should identify project 
risks'[39m[33m,[39m () [33m=>[39m {
     [90m 295 |[39m       [36mconst[39m 
project [33m=[39m projectService[33m.[39m
createProject(sampleProject)[33m;[39m
    [31m[1m>[22m[39m[90m 296 |[39m     
  [36mconst[39m risk [33m=[39m projectSer
vice[33m.[39maddRisk(project[33m.[39mid[
33m,[39m {
     [90m     |[39m                        
           [31m[1m^[22m[39m
     [90m 297 |[39m         
title[33m:[39m [32m'Budget 
Risk'[39m[33m,[39m
     [90m 298 |[39m         
description[33m:[39m [32m'Potential 
budget overrun'[39m[33m,[39m
     [90m 299 |[39m         
probability[33m:[39m 
[32m'high'[39m[33m,[39m[0m

      at Object.addRisk 
(api/tests/projectManagement.test.js:296:35)

  ظù ProjectManagementService Tests ظ║ 
Risk Management ظ║ should get risk severity

    TypeError: projectService.addRisk is not 
a function

    [0m [90m 307 |[39m     
test([32m'should get risk 
severity'[39m[33m,[39m () [33m=>[39m {
     [90m 308 |[39m       [36mconst[39m 
project [33m=[39m projectService[33m.[39m
createProject(sampleProject)[33m;[39m
    [31m[1m>[22m[39m[90m 309 |[39m     
  [36mconst[39m risk [33m=[39m projectSer
vice[33m.[39maddRisk(project[33m.[39mid[
33m,[39m {
     [90m     |[39m                        
           [31m[1m^[22m[39m
     [90m 310 |[39m         
title[33m:[39m [32m'Risk'[39m[33m,[39m
     [90m 311 |[39m         
probability[33m:[39m 
[32m'high'[39m[33m,[39m
     [90m 312 |[39m         
impact[33m:[39m 
[32m'high'[39m[33m,[39m[0m

      at Object.addRisk 
(api/tests/projectManagement.test.js:309:35)

  ظù ProjectManagementService Tests ظ║ 
Risk Management ظ║ should update risk status

    TypeError: projectService.addRisk is not 
a function

    [0m [90m 319 |[39m     
test([32m'should update risk 
status'[39m[33m,[39m () [33m=>[39m {
     [90m 320 |[39m       [36mconst[39m 
project [33m=[39m projectService[33m.[39m
createProject(sampleProject)[33m;[39m
    [31m[1m>[22m[39m[90m 321 |[39m     
  [36mconst[39m risk [33m=[39m projectSer
vice[33m.[39maddRisk(project[33m.[39mid[
33m,[39m {
     [90m     |[39m                        
           [31m[1m^[22m[39m
     [90m 322 |[39m         
title[33m:[39m [32m'Risk'[39m[33m,[39m
     [90m 323 |[39m       })[33m;[39m
     [90m 324 |[39m[0m

      at Object.addRisk 
(api/tests/projectManagement.test.js:321:35)

  ظù ProjectManagementService Tests ظ║ 
Risk Management ظ║ should list project risks

    TypeError: projectService.addRisk is not 
a function

    [0m [90m 330 |[39m     
test([32m'should list project 
risks'[39m[33m,[39m () [33m=>[39m {
     [90m 331 |[39m       [36mconst[39m 
project [33m=[39m projectService[33m.[39m
createProject(sampleProject)[33m;[39m
    [31m[1m>[22m[39m[90m 332 |[39m     
  projectService[33m.[39maddRisk(project[3
3m.[39mid[33m,[39m { title[33m:[39m 
[32m'Risk 1'[39m })[33m;[39m
     [90m     |[39m                      
[31m[1m^[22m[39m
     [90m 333 |[39m       projectService[3
3m.[39maddRisk(project[33m.[39mid[33m,[3
9m { title[33m:[39m [32m'Risk 2'[39m 
})[33m;[39m
     [90m 334 |[39m
     [90m 335 |[39m       [36mconst[39m 
risks [33m=[39m projectService[33m.[39mge
tRisks(project[33m.[39mid)[33m;[39m[0m

      at Object.addRisk 
(api/tests/projectManagement.test.js:332:22)

  ظù ProjectManagementService Tests ظ║ 
Risk Management ظ║ should delete risk

    TypeError: projectService.addRisk is not 
a function

    [0m [90m 339 |[39m     
test([32m'should delete 
risk'[39m[33m,[39m () [33m=>[39m {
     [90m 340 |[39m       [36mconst[39m 
project [33m=[39m projectService[33m.[39m
createProject(sampleProject)[33m;[39m
    [31m[1m>[22m[39m[90m 341 |[39m     
  [36mconst[39m risk [33m=[39m projectSer
vice[33m.[39maddRisk(project[33m.[39mid[
33m,[39m { title[33m:[39m 
[32m'Risk'[39m })[33m;[39m
     [90m     |[39m                        
           [31m[1m^[22m[39m
     [90m 342 |[39m
     [90m 343 |[39m       [36mconst[39m 
deleted [33m=[39m projectService[33m.[39m
deleteRisk(project[33m.[39mid[33m,[39m 
risk[33m.[39mid)[33m;[39m
     [90m 344 |[39m       
assert(deleted)[33m;[39m[0m

      at Object.addRisk 
(api/tests/projectManagement.test.js:341:35)

  ظù ProjectManagementService Tests ظ║ 
Budget Management ظ║ should create project 
budget

    TypeError: projectService.createBudget 
is not a function

    [0m [90m 352 |[39m     
test([32m'should create project 
budget'[39m[33m,[39m () [33m=>[39m {
     [90m 353 |[39m       [36mconst[39m 
project [33m=[39m projectService[33m.[39m
createProject(sampleProject)[33m;[39m
    [31m[1m>[22m[39m[90m 354 |[39m     
  [36mconst[39m budget [33m=[39m projectS
ervice[33m.[39mcreateBudget(project[33m.[
39mid[33m,[39m {
     [90m     |[39m                        
             [31m[1m^[22m[39m
     [90m 355 |[39m         
totalAmount[33m:[39m 
[35m100000[39m[33m,[39m
     [90m 356 |[39m         
currency[33m:[39m 
[32m'USD'[39m[33m,[39m
     [90m 357 |[39m       })[33m;[39m[0m

      at Object.createBudget 
(api/tests/projectManagement.test.js:354:37)

  ظù ProjectManagementService Tests ظ║ 
Budget Management ظ║ should record budget 
expense

    TypeError: projectService.createBudget 
is not a function

    [0m [90m 363 |[39m     
test([32m'should record budget 
expense'[39m[33m,[39m () [33m=>[39m {
     [90m 364 |[39m       [36mconst[39m 
project [33m=[39m projectService[33m.[39m
createProject(sampleProject)[33m;[39m
    [31m[1m>[22m[39m[90m 365 |[39m     
  [36mconst[39m budget [33m=[39m projectS
ervice[33m.[39mcreateBudget(project[33m.[
39mid[33m,[39m {
     [90m     |[39m                        
             [31m[1m^[22m[39m
     [90m 366 |[39m         
totalAmount[33m:[39m 
[35m100000[39m[33m,[39m
     [90m 367 |[39m       })[33m;[39m
     [90m 368 |[39m[0m

      at Object.createBudget 
(api/tests/projectManagement.test.js:365:37)

  ظù ProjectManagementService Tests ظ║ 
Budget Management ظ║ should calculate 
budget usage

    TypeError: projectService.createBudget 
is not a function

    [0m [90m 378 |[39m     
test([32m'should calculate budget 
usage'[39m[33m,[39m () [33m=>[39m {
     [90m 379 |[39m       [36mconst[39m 
project [33m=[39m projectService[33m.[39m
createProject(sampleProject)[33m;[39m
    [31m[1m>[22m[39m[90m 380 |[39m     
  [36mconst[39m budget [33m=[39m projectS
ervice[33m.[39mcreateBudget(project[33m.[
39mid[33m,[39m {
     [90m     |[39m                        
             [31m[1m^[22m[39m
     [90m 381 |[39m         
totalAmount[33m:[39m 
[35m100000[39m[33m,[39m
     [90m 382 |[39m       })[33m;[39m
     [90m 383 |[39m[0m

      at Object.createBudget 
(api/tests/projectManagement.test.js:380:37)

  ظù ProjectManagementService Tests ظ║ 
Budget Management ظ║ should get budget 
report

    TypeError: projectService.createBudget 
is not a function

    [0m [90m 393 |[39m     
test([32m'should get budget 
report'[39m[33m,[39m () [33m=>[39m {
     [90m 394 |[39m       [36mconst[39m 
project [33m=[39m projectService[33m.[39m
createProject(sampleProject)[33m;[39m
    [31m[1m>[22m[39m[90m 395 |[39m     
  [36mconst[39m budget [33m=[39m projectS
ervice[33m.[39mcreateBudget(project[33m.[
39mid[33m,[39m {
     [90m     |[39m                        
             [31m[1m^[22m[39m
     [90m 396 |[39m         
totalAmount[33m:[39m 
[35m100000[39m[33m,[39m
     [90m 397 |[39m       })[33m;[39m
     [90m 398 |[39m[0m

      at Object.createBudget 
(api/tests/projectManagement.test.js:395:37)

  ظù ProjectManagementService Tests ظ║ 
Budget Management ظ║ should warn on budget 
overrun

    TypeError: projectService.createBudget 
is not a function

    [0m [90m 409 |[39m     
test([32m'should warn on budget 
overrun'[39m[33m,[39m () [33m=>[39m {
     [90m 410 |[39m       [36mconst[39m 
project [33m=[39m projectService[33m.[39m
createProject(sampleProject)[33m;[39m
    [31m[1m>[22m[39m[90m 411 |[39m     
  [36mconst[39m budget [33m=[39m projectS
ervice[33m.[39mcreateBudget(project[33m.[
39mid[33m,[39m {
     [90m     |[39m                        
             [31m[1m^[22m[39m
     [90m 412 |[39m         
totalAmount[33m:[39m 
[35m100000[39m[33m,[39m
     [90m 413 |[39m       })[33m;[39m
     [90m 414 |[39m[0m

      at Object.createBudget 
(api/tests/projectManagement.test.js:411:37)

  ظù ProjectManagementService Tests ظ║ 
Project Progress & Analytics ظ║ should 
calculate project progress

    TypeError: 
projectService.getProjectProgress is not a 
function

    [0m [90m 437 |[39m       projectServic
e[33m.[39mupdateTaskStatus(project[33m.[3
9mid[33m,[39m 
task1[33m.[39mid[33m,[39m 
[32m'completed'[39m)[33m;[39m
     [90m 438 |[39m
    [31m[1m>[22m[39m[90m 439 |[39m     
  [36mconst[39m progress [33m=[39m projec
tService[33m.[39mgetProjectProgress(project
[33m.[39mid)[33m;[39m
     [90m     |[39m                        
               [31m[1m^[22m[39m
     [90m 440 |[39m       
assert(progress[33m.[39mpercentage 
[33m===[39m [35m50[39m)[33m;[39m
     [90m 441 |[39m     })[33m;[39m
     [90m 442 |[39m[0m

      at Object.getProjectProgress 
(api/tests/projectManagement.test.js:439:39)

  ظù ProjectManagementService Tests ظ║ 
Project Progress & Analytics ظ║ should get 
project timeline

    TypeError: projectService.addPhase is 
not a function

    [0m [90m 443 |[39m     
test([32m'should get project 
timeline'[39m[33m,[39m () [33m=>[39m {
     [90m 444 |[39m       [36mconst[39m 
project [33m=[39m projectService[33m.[39m
createProject(sampleProject)[33m;[39m
    [31m[1m>[22m[39m[90m 445 |[39m     
  projectService[33m.[39maddPhase(project[
33m.[39mid[33m,[39m {
     [90m     |[39m                      
[31m[1m^[22m[39m
     [90m 446 |[39m         
name[33m:[39m [32m'Phase 
1'[39m[33m,[39m
     [90m 447 |[39m         
startDate[33m:[39m 
[32m'2024-01-01'[39m[33m,[39m
     [90m 448 |[39m         
endDate[33m:[39m 
[32m'2024-03-31'[39m[33m,[39m[0m

      at Object.addPhase 
(api/tests/projectManagement.test.js:445:22)

  ظù ProjectManagementService Tests ظ║ 
Project Progress & Analytics ظ║ should 
generate project report

    TypeError: 
projectService.generateProjectReport is not 
a function

    [0m [90m 457 |[39m       projectServic
e[33m.[39maddTask(project[33m.[39mid[33m
,[39m { title[33m:[39m [32m'Task 1'[39m 
})[33m;[39m
     [90m 458 |[39m
    [31m[1m>[22m[39m[90m 459 |[39m     
  [36mconst[39m report [33m=[39m projectS
ervice[33m.[39mgenerateProjectReport(projec
t[33m.[39mid)[33m;[39m
     [90m     |[39m                        
             [31m[1m^[22m[39m
     [90m 460 |[39m       
assert(report[33m.[39msummary[33m,[39m 
[32m'Should have summary'[39m)[33m;[39m
     [90m 461 |[39m       
assert(report[33m.[39mmetrics[33m,[39m 
[32m'Should have metrics'[39m)[33m;[39m
     [90m 462 |[39m     })[33m;[39m[0m

      at Object.generateProjectReport 
(api/tests/projectManagement.test.js:459:37)

  ظù ProjectManagementService Tests ظ║ 
Project Progress & Analytics ظ║ should get 
project health status

    TypeError: 
projectService.getProjectHealth is not a 
function

    [0m [90m 465 |[39m       
[36mconst[39m project [33m=[39m projectSe
rvice[33m.[39mcreateProject(sampleProject)
[33m;[39m
     [90m 466 |[39m
    [31m[1m>[22m[39m[90m 467 |[39m     
  [36mconst[39m health [33m=[39m projectS
ervice[33m.[39mgetProjectHealth(project[33
m.[39mid)[33m;[39m
     [90m     |[39m                        
             [31m[1m^[22m[39m
     [90m 468 |[39m       
assert([[32m'green'[39m[33m,[39m 
[32m'yellow'[39m[33m,[39m [32m'red'[39m
][33m.[39mincludes(health[33m.[39mstatus)
)[33m;[39m
     [90m 469 |[39m     })[33m;[39m
     [90m 470 |[39m   })[33m;[39m[0m

      at Object.getProjectHealth 
(api/tests/projectManagement.test.js:467:37)

  ظù ProjectManagementService Tests ظ║ 
Project Closure ظ║ should close completed 
project

    TypeError: projectService.closeProject 
is not a function

    [0m [90m 477 |[39m       
[36mconst[39m project [33m=[39m projectSe
rvice[33m.[39mcreateProject(sampleProject)
[33m;[39m
     [90m 478 |[39m
    [31m[1m>[22m[39m[90m 479 |[39m     
  [36mconst[39m closed [33m=[39m projectS
ervice[33m.[39mcloseProject(project[33m.[
39mid[33m,[39m {
     [90m     |[39m                        
             [31m[1m^[22m[39m
     [90m 480 |[39m         
closureDate[33m:[39m [36mnew[39m 
[33mDate[39m()[33m,[39m
     [90m 481 |[39m         
reason[33m:[39m [32m'Completed 
successfully'[39m[33m,[39m
     [90m 482 |[39m       })[33m;[39m[0m

      at Object.closeProject 
(api/tests/projectManagement.test.js:479:37)

  ظù ProjectManagementService Tests ظ║ 
Project Closure ظ║ should generate closure 
report

    TypeError: 
projectService.getClosureReport is not a 
function

    [0m [90m 489 |[39m       projectServic
e[33m.[39maddTask(project[33m.[39mid[33m
,[39m { title[33m:[39m [32m'Task 1'[39m 
})[33m;[39m
     [90m 490 |[39m
    [31m[1m>[22m[39m[90m 491 |[39m     
  [36mconst[39m report [33m=[39m projectS
ervice[33m.[39mgetClosureReport(project[33
m.[39mid)[33m;[39m
     [90m     |[39m                        
             [31m[1m^[22m[39m
     [90m 492 |[39m       
assert(report[33m.[39mcompletionPercentage 
[33m>=[39m [35m0[39m)[33m;[39m
     [90m 493 |[39m       
assert(report[33m.[39mlessons[33m,[39m 
[32m'Should have lessons 
learned'[39m)[33m;[39m
     [90m 494 |[39m     })[33m;[39m[0m

      at Object.getClosureReport 
(api/tests/projectManagement.test.js:491:37)

  ظù ProjectManagementService Tests ظ║ 
Project Closure ظ║ should archive closed 
project

    TypeError: projectService.closeProject 
is not a function

    [0m [90m 496 |[39m     
test([32m'should archive closed 
project'[39m[33m,[39m () [33m=>[39m {
     [90m 497 |[39m       [36mconst[39m 
project [33m=[39m projectService[33m.[39m
createProject(sampleProject)[33m;[39m
    [31m[1m>[22m[39m[90m 498 |[39m     
  projectService[33m.[39mcloseProject(proje
ct[33m.[39mid[33m,[39m {})[33m;[39m
     [90m     |[39m                      
[31m[1m^[22m[39m
     [90m 499 |[39m
     [90m 500 |[39m       [36mconst[39m 
archived [33m=[39m projectService[33m.[39
marchiveProject(project[33m.[39mid)[33m;[
39m
     [90m 501 |[39m       
assert(archived[33m.[39mstatus 
[33m===[39m 
[32m'archived'[39m)[33m;[39m[0m

      at Object.closeProject 
(api/tests/projectManagement.test.js:498:22)

  ظù ProjectManagementService Tests ظ║ 
Error Handling ظ║ should handle missing 
required fields

    assert(received)

    Expected value to be equal to:
      true
    Received:
      undefined

    Message:
      Should handle missing fields

    Difference:

      Comparing two different types of 
values. Expected boolean but received 
undefined.

    [0m [90m 517 |[39m         [90m// 
Missing other required fields[39m
     [90m 518 |[39m       })[33m;[39m
    [31m[1m>[22m[39m[90m 519 |[39m     
  assert(result[33m.[39merror [33m||[39m 
result[33m.[39mid[33m,[39m [32m'Should 
handle missing fields'[39m)[33m;[39m
     [90m     |[39m       
[31m[1m^[22m[39m
     [90m 520 |[39m     })[33m;[39m
     [90m 521 |[39m
     [90m 522 |[39m     test([32m'should 
prevent tasks without 
project'[39m[33m,[39m () [33m=>[39m 
{[0m

      at Object.assert 
(api/tests/projectManagement.test.js:519:7)

  ظù ProjectManagementService Tests ظ║ 
Error Handling ظ║ should prevent tasks 
without project

    assert(received)

    Expected value to be equal to:
      true
    Received:
      undefined

    Message:
      Should prevent invalid project

    Difference:

      Comparing two different types of 
values. Expected boolean but received 
undefined.

    [0m [90m 522 |[39m     
test([32m'should prevent tasks without 
project'[39m[33m,[39m () [33m=>[39m {
     [90m 523 |[39m       [36mconst[39m 
result [33m=[39m projectService[33m.[39ma
ddTask([32m'invalid-id'[39m[33m,[39m { 
title[33m:[39m [32m'Task'[39m 
})[33m;[39m
    [31m[1m>[22m[39m[90m 524 |[39m     
  assert(result[33m.[39merror[33m,[39m 
[32m'Should prevent invalid 
project'[39m)[33m;[39m
     [90m     |[39m       
[31m[1m^[22m[39m
     [90m 525 |[39m     })[33m;[39m
     [90m 526 |[39m   })[33m;[39m
     [90m 527 |[39m[0m

      at Object.assert 
(api/tests/projectManagement.test.js:524:7)

  ظù ProjectManagementService Tests ظ║ 
Performance ظ║ should generate report 
efficiently

    TypeError: 
projectService.generateProjectReport is not 
a function

    [0m [90m 551 |[39m
     [90m 552 |[39m       [36mconst[39m 
start [33m=[39m 
[33mDate[39m[33m.[39mnow()[33m;[39m
    [31m[1m>[22m[39m[90m 553 |[39m     
  [36mconst[39m report [33m=[39m projectS
ervice[33m.[39mgenerateProjectReport(projec
t[33m.[39mid)[33m;[39m
     [90m     |[39m                        
             [31m[1m^[22m[39m
     [90m 554 |[39m       [36mconst[39m 
duration [33m=[39m 
[33mDate[39m[33m.[39mnow() [33m-[39m 
start[33m;[39m
     [90m 555 |[39m
     [90m 556 |[39m       
assert(report[33m,[39m [32m'Should 
generate report'[39m)[33m;[39m[0m

      at Object.generateProjectReport 
(api/tests/projectManagement.test.js:553:37)

FAIL backend/tests/security-phase7.test.js
  SecurityService Phase 7
    generateMfaSecret
      ├ù should generate a secret and return 
otpauth url
    verifyMfaToken
      ├ù should return true for valid mock 
token
      ├ù should return false for invalid 
token
    enableMfa
      ├ù should enable mfa on user and 
return backup codes
    logSecurityEvent
      ├ù should save an audit log

  ظù SecurityService Phase 7 ظ║ 
generateMfaSecret ظ║ should generate a 
secret and return otpauth url

    TypeError: 
securityService.generateMfaSecret is not a 
function

    [0m [90m 16 |[39m       [33mUser[39m
[33m.[39mfindById[33m.[39mmockResolvedVal
ue({ email[33m:[39m 
[32m'test@example.com'[39m })[33m;[39m
     [90m 17 |[39m
    [31m[1m>[22m[39m[90m 18 |[39m      
 [36mconst[39m result [33m=[39m 
[36mawait[39m securityService[33m.[39mgen
erateMfaSecret([32m'user123'[39m)[33m;[39
m
     [90m    |[39m                         
                   [31m[1m^[22m[39m
     [90m 19 |[39m
     [90m 20 |[39m       expect(result[33m
.[39msecret)[33m.[39mtoBeDefined()[33m;[
39m
     [90m 21 |[39m       expect(result[33m
.[39motpauth_url)[33m.[39mtoContain([32m'
secret='[39m)[33m;[39m[0m

      at Object.generateMfaSecret 
(tests/security-phase7.test.js:18:44)

  ظù SecurityService Phase 7 ظ║ 
verifyMfaToken ظ║ should return true for 
valid mock token

    TypeError: 
securityService.verifyMfaToken is not a 
function

    [0m [90m 26 |[39m   describe([32m'ver
ifyMfaToken'[39m[33m,[39m () [33m=>[39m 
{
     [90m 27 |[39m     it([32m'should 
return true for valid mock 
token'[39m[33m,[39m [36masync[39m () 
[33m=>[39m {
    [31m[1m>[22m[39m[90m 28 |[39m      
 [36mconst[39m result [33m=[39m 
[36mawait[39m securityService[33m.[39mver
ifyMfaToken([32m'u1'[39m[33m,[39m 
[32m'123456'[39m[33m,[39m 
[32m'secret'[39m)[33m;[39m
     [90m    |[39m                         
                   [31m[1m^[22m[39m
     [90m 29 |[39m       expect(result)[33
m.[39mtoBe([36mtrue[39m)[33m;[39m
     [90m 30 |[39m     })[33m;[39m
     [90m 31 |[39m[0m

      at Object.verifyMfaToken 
(tests/security-phase7.test.js:28:44)

  ظù SecurityService Phase 7 ظ║ 
verifyMfaToken ظ║ should return false for 
invalid token

    TypeError: 
securityService.verifyMfaToken is not a 
function

    [0m [90m 31 |[39m
     [90m 32 |[39m     it([32m'should 
return false for invalid 
token'[39m[33m,[39m [36masync[39m () 
[33m=>[39m {
    [31m[1m>[22m[39m[90m 33 |[39m      
 [36mconst[39m result [33m=[39m 
[36mawait[39m securityService[33m.[39mver
ifyMfaToken([32m'u1'[39m[33m,[39m 
[32m'wrong'[39m[33m,[39m 
[32m'secret'[39m)[33m;[39m
     [90m    |[39m                         
                   [31m[1m^[22m[39m
     [90m 34 |[39m       expect(result)[33
m.[39mtoBe([36mfalse[39m)[33m;[39m
     [90m 35 |[39m     })[33m;[39m
     [90m 36 |[39m   })[33m;[39m[0m

      at Object.verifyMfaToken 
(tests/security-phase7.test.js:33:44)

  ظù SecurityService Phase 7 ظ║ enableMfa 
ظ║ should enable mfa on user and return 
backup codes

    TypeError: securityService.enableMfa is 
not a function

    [0m [90m 46 |[39m       [33mAuditLog
[39m[33m.[39mmockImplementation(() 
[33m=>[39m ({ save[33m:[39m 
jest[33m.[39mfn() }))[33m;[39m
     [90m 47 |[39m
    [31m[1m>[22m[39m[90m 48 |[39m      
 [36mconst[39m result [33m=[39m 
[36mawait[39m securityService[33m.[39mena
bleMfa([32m'user123'[39m[33m,[39m 
[32m'secret123'[39m)[33m;[39m
     [90m    |[39m                         
                   [31m[1m^[22m[39m
     [90m 49 |[39m
     [90m 50 |[39m       expect(mockUser[3
3m.[39mmfa[33m.[39menabled)[33m.[39mtoBe
([36mtrue[39m)[33m;[39m
     [90m 51 |[39m       expect(mockUser[3
3m.[39mmfa[33m.[39msecret)[33m.[39mtoBe(
[32m'secret123'[39m)[33m;[39m[0m

      at Object.enableMfa 
(tests/security-phase7.test.js:48:44)

  ظù SecurityService Phase 7 ظ║ 
logSecurityEvent ظ║ should save an audit log

    TypeError: 
securityService.logSecurityEvent is not a 
function

    [0m [90m 60 |[39m       [33mAuditLog
[39m[33m.[39mmockImplementation(() 
[33m=>[39m ({ save[33m:[39m saveMock 
}))[33m;[39m
     [90m 61 |[39m
    [31m[1m>[22m[39m[90m 62 |[39m      
 [36mawait[39m 
securityService[33m.[39mlogSecurityEvent({
     [90m    |[39m                         
    [31m[1m^[22m[39m
     [90m 63 |[39m         
action[33m:[39m 
[32m'TEST_EVENT'[39m[33m,[39m
     [90m 64 |[39m         
userId[33m:[39m [32m'u1'[39m[33m,[39m
     [90m 65 |[39m         
description[33m:[39m 
[32m'test'[39m[33m,[39m[0m

      at Object.logSecurityEvent 
(tests/security-phase7.test.js:62:29)

  console.log
    ظ£à ╪ش┘à┘è╪╣ ╪د┘╪د╪«╪ز╪ذ╪د╪▒╪د╪ز ╪ش╪د┘ç╪▓╪ر ┘┘╪ز╪┤╪║┘è┘

      at Object.log (tests/smartNotifications.test.js:428:9)

  console.log
    ≡اْش ╪ح╪╢╪د┘╪ر ╪▒╪│╪د┘╪ر ╪»╪د╪«┘ ╪د┘╪ز╪╖╪ذ┘è┘é

      at AdvancedMessagingAlertSystem.log [as sendToChannel] (services/advancedMessagingAlertSystem.js:179:17)

  console.log
    ≡اôد ╪ح╪▒╪│╪د┘ ╪ذ╪▒┘è╪» ╪ح┘┘ë user_123: ╪│┘è╪▒ ╪╣┘à┘ ╪ش╪»┘è╪»: ╪╖┘╪ذ ╪ح╪ش╪د╪▓╪ر

      at AdvancedMessagingAlertSystem.log [as sendToChannel] (services/advancedMessagingAlertSystem.js:167:17)

  console.log
    ≡اôد ╪ح╪▒╪│╪د┘ ╪ذ╪▒┘è╪» ╪ح┘┘ë manager@example.com: ≡ا¤┤ ┘┘ê╪▒┘è: Performance Drop Alert

      at AdvancedMessagingAlertSystem.log [as sendToChannel] (services/advancedMessagingAlertSystem.js:167:17)

  console.log
    ≡ا¤¤ ╪ح╪▒╪│╪د┘ ╪ح╪┤╪╣╪د╪▒ ┘┘ê╪▒┘è ╪ح┘┘ë manager@example.com

      at AdvancedMessagingAlertSystem.log [as sendToChannel] (services/advancedMessagingAlertSystem.js:175:17)

  console.log
    ≡اْش ╪ح╪╢╪د┘╪ر ╪▒╪│╪د┘╪ر ╪»╪د╪«┘ ╪د┘╪ز╪╖╪ذ┘è┘é

      at AdvancedMessagingAlertSystem.log [as sendToChannel] (services/advancedMessagingAlertSystem.js:179:17)

  console.log
    ≡اْش ╪ح╪╢╪د┘╪ر ╪▒╪│╪د┘╪ر ╪»╪د╪«┘ ╪د┘╪ز╪╖╪ذ┘è┘é

      at AdvancedMessagingAlertSystem.log [as sendToChannel] (services/advancedMessagingAlertSystem.js:179:17)

  console.log
    ≡اôد ╪ح╪▒╪│╪د┘ ╪ذ╪▒┘è╪» ╪ح┘┘ë user_123: ┘à┘ê╪د┘┘é╪ر ┘à╪╖┘┘ê╪ذ╪ر: ╪╖┘╪ذ ╪ح╪ش╪د╪▓╪ر

      at AdvancedMessagingAlertSystem.log [as sendToChannel] (services/advancedMessagingAlertSystem.js:167:17)

FAIL backend/tests/smartNotifications.test.js
  SmartNotificationService Tests
    ├ù should create a smart notification
    ├ù should calculate correct priority
    ├ù should send notification successfully
    ├ù should mark notification as read
    ├ù should get unread notifications only
    ├ù should delete notification
    ├ù should clear all notifications
    ├ù should calculate statistics correctly
    ├ù should schedule notification
  AdvancedMessagingAlertSystem Tests
    ظêأ should initialize message templates 
(1 ms)
    ظêأ should send message using template 
(2 ms)
    ظêأ should create alert rule (1 ms)
    ظêأ should check and trigger alerts (1 
ms)
    ظêأ should support multiple alert types
    ظêأ should get message statistics
    ظêأ should get alert statistics
  Integration Tests
    ├ù complete notification workflow
    ظêأ send message and trigger alert (1 ms)
    ├ù schedule multiple notifications
  Performance Tests
    ├ù should handle 1000 notifications
    ├ù should retrieve notifications quickly
  Edge Cases
    ├ù should handle user with no 
notifications
    ├ù should handle deleting same 
notification twice
    ├ù should handle empty workflow data

  ظù SmartNotificationService Tests ظ║ 
should create a smart notification

    TypeError: 
notificationService.createSmartNotification 
is not a function

    [0m [90m 27 |[39m     }[33m;[39m
     [90m 28 |[39m
    [31m[1m>[22m[39m[90m 29 |[39m     
[36mconst[39m notification [33m=[39m noti
ficationService[33m.[39mcreateSmartNotifica
tion(workflow[33m,[39m 
[32m'urgent'[39m[33m,[39m 
[32m'user_123'[39m)[33m;[39m
     [90m    |[39m                         
                     [31m[1m^[22m[39m
     [90m 30 |[39m
     [90m 31 |[39m     expect(notification)
[33m.[39mtoBeDefined()[33m;[39m
     [90m 32 |[39m     expect(notification
[33m.[39mid)[33m.[39mtoBeDefined()[33m;[
39m[0m

      at Object.createSmartNotification 
(tests/smartNotifications.test.js:29:46)

  ظù SmartNotificationService Tests ظ║ 
should calculate correct priority

    TypeError: 
notificationService.calculatePriority is not 
a function

    [0m [90m 40 |[39m     [36mconst[39m 
workflow [33m=[39m { priority[33m:[39m 
[32m'normal'[39m[33m,[39m 
status[33m:[39m [32m'active'[39m 
}[33m;[39m
     [90m 41 |[39m
    [31m[1m>[22m[39m[90m 42 |[39m     
[36mconst[39m urgentPriority [33m=[39m no
tificationService[33m.[39mcalculatePriority
(workflow[33m,[39m 
[32m'urgent'[39m)[33m;[39m
     [90m    |[39m                         
                       [31m[1m^[22m[39m
     [90m 43 |[39m     expect(urgentPriorit
y)[33m.[39mtoBe([35m5[39m)[33m;[39m
     [90m 44 |[39m
     [90m 45 |[39m     [36mconst[39m 
warningPriority [33m=[39m notificationServi
ce[33m.[39mcalculatePriority(workflow[33m,
[39m [32m'warning'[39m)[33m;[39m[0m

      at Object.calculatePriority 
(tests/smartNotifications.test.js:42:48)

  ظù SmartNotificationService Tests ظ║ 
should send notification successfully

    TypeError: 
notificationService.createSmartNotification 
is not a function

    [0m [90m 56 |[39m   test([32m'should 
send notification 
successfully'[39m[33m,[39m () 
[33m=>[39m {
     [90m 57 |[39m     [36mconst[39m 
workflow [33m=[39m { id[33m:[39m 
[32m'wf_001'[39m[33m,[39m 
name[33m:[39m [32m'Test'[39m }[33m;[39m
    [31m[1m>[22m[39m[90m 58 |[39m     
[36mconst[39m notification [33m=[39m noti
ficationService[33m.[39mcreateSmartNotifica
tion(workflow[33m,[39m 
[32m'info'[39m[33m,[39m 
[32m'user_123'[39m)[33m;[39m
     [90m    |[39m                         
                     [31m[1m^[22m[39m
     [90m 59 |[39m
     [90m 60 |[39m     [36mconst[39m 
result [33m=[39m notificationService[33m.
[39msendNotification([32m'user_123'[39m[33
m,[39m notification)[33m;[39m
     [90m 61 |[39m[0m

      at Object.createSmartNotification 
(tests/smartNotifications.test.js:58:46)

  ظù SmartNotificationService Tests ظ║ 
should mark notification as read

    TypeError: 
notificationService.createSmartNotification 
is not a function

    [0m [90m 70 |[39m   test([32m'should 
mark notification as read'[39m[33m,[39m 
() [33m=>[39m {
     [90m 71 |[39m     [36mconst[39m 
workflow [33m=[39m { id[33m:[39m 
[32m'wf_001'[39m }[33m;[39m
    [31m[1m>[22m[39m[90m 72 |[39m     
[36mconst[39m notification [33m=[39m noti
ficationService[33m.[39mcreateSmartNotifica
tion(workflow[33m,[39m 
[32m'info'[39m[33m,[39m 
[32m'user_123'[39m)[33m;[39m
     [90m    |[39m                         
                     [31m[1m^[22m[39m
     [90m 73 |[39m     [36mconst[39m 
notificationId [33m=[39m 
notification[33m.[39mid[33m;[39m
     [90m 74 |[39m
     [90m 75 |[39m     notificationService
[33m.[39mmarkAsRead(notificationId[33m,[39
m [32m'user_123'[39m)[33m;[39m[0m

      at Object.createSmartNotification 
(tests/smartNotifications.test.js:72:46)

  ظù SmartNotificationService Tests ظ║ 
should get unread notifications only

    TypeError: 
notificationService.createSmartNotification 
is not a function

    [0m [90m 85 |[39m
     [90m 86 |[39m     [90m// ╪ح┘╪┤╪د╪ة 
╪╣╪»╪ر ╪ح╪┤╪╣╪د╪▒╪د╪ز[39m
    [31m[1m>[22m[39m[90m 87 |[39m     
[36mconst[39m notif1 [33m=[39m notificati
onService[33m.[39mcreateSmartNotification(w
orkflow[33m,[39m 
[32m'urgent'[39m[33m,[39m 
[32m'user_123'[39m)[33m;[39m
     [90m    |[39m                         
               [31m[1m^[22m[39m
     [90m 88 |[39m     [36mconst[39m 
notif2 [33m=[39m notificationService[33m.
[39mcreateSmartNotification(workflow[33m,[3
9m [32m'info'[39m[33m,[39m 
[32m'user_123'[39m)[33m;[39m
     [90m 89 |[39m
     [90m 90 |[39m     notificationService
[33m.[39msendNotification([32m'user_123'[3
9m[33m,[39m notif1)[33m;[39m[0m

      at Object.createSmartNotification 
(tests/smartNotifications.test.js:87:40)

  ظù SmartNotificationService Tests ظ║ 
should delete notification

    TypeError: 
notificationService.createSmartNotification 
is not a function

    [0m [90m 102 |[39m   
test([32m'should delete 
notification'[39m[33m,[39m () 
[33m=>[39m {
     [90m 103 |[39m     [36mconst[39m 
workflow [33m=[39m { id[33m:[39m 
[32m'wf_001'[39m }[33m;[39m
    [31m[1m>[22m[39m[90m 104 |[39m     
[36mconst[39m notification [33m=[39m noti
ficationService[33m.[39mcreateSmartNotifica
tion(workflow[33m,[39m 
[32m'info'[39m[33m,[39m 
[32m'user_123'[39m)[33m;[39m
     [90m     |[39m                        
                      [31m[1m^[22m[39m
     [90m 105 |[39m     [36mconst[39m 
notificationId [33m=[39m 
notification[33m.[39mid[33m;[39m
     [90m 106 |[39m
     [90m 107 |[39m     notificationService
[33m.[39msendNotification([32m'user_123'[
39m[33m,[39m notification)[33m;[39m[0m

      at Object.createSmartNotification 
(tests/smartNotifications.test.js:104:46)

  ظù SmartNotificationService Tests ظ║ 
should clear all notifications

    TypeError: 
notificationService.createSmartNotification 
is not a function

    [0m [90m 115 |[39m     
[36mconst[39m workflow [33m=[39m { 
id[33m:[39m [32m'wf_001'[39m }[33m;[39m
     [90m 116 |[39m
    [31m[1m>[22m[39m[90m 117 |[39m     
[36mconst[39m notif1 [33m=[39m notificati
onService[33m.[39mcreateSmartNotification(w
orkflow[33m,[39m 
[32m'urgent'[39m[33m,[39m 
[32m'user_123'[39m)[33m;[39m
     [90m     |[39m                        
                [31m[1m^[22m[39m
     [90m 118 |[39m     [36mconst[39m 
notif2 [33m=[39m notificationService[33m.
[39mcreateSmartNotification(workflow[33m,[3
9m [32m'info'[39m[33m,[39m 
[32m'user_123'[39m)[33m;[39m
     [90m 119 |[39m
     [90m 120 |[39m     notificationService
[33m.[39msendNotification([32m'user_123'[
39m[33m,[39m notif1)[33m;[39m[0m

      at Object.createSmartNotification 
(tests/smartNotifications.test.js:117:40)

  ظù SmartNotificationService Tests ظ║ 
should calculate statistics correctly

    TypeError: 
notificationService.createSmartNotification 
is not a function

    [0m [90m 133 |[39m     
[36mconst[39m workflow [33m=[39m { 
id[33m:[39m [32m'wf_001'[39m[33m,[39m 
priority[33m:[39m [32m'high'[39m 
}[33m;[39m
     [90m 134 |[39m
    [31m[1m>[22m[39m[90m 135 |[39m     
[36mconst[39m notif1 [33m=[39m notificati
onService[33m.[39mcreateSmartNotification(w
orkflow[33m,[39m 
[32m'urgent'[39m[33m,[39m 
[32m'user_123'[39m)[33m;[39m
     [90m     |[39m                        
                [31m[1m^[22m[39m
     [90m 136 |[39m     [36mconst[39m 
notif2 [33m=[39m notificationService[33m.
[39mcreateSmartNotification(workflow[33m,[3
9m [32m'urgent'[39m[33m,[39m 
[32m'user_123'[39m)[33m;[39m
     [90m 137 |[39m     [36mconst[39m 
notif3 [33m=[39m notificationService[33m.
[39mcreateSmartNotification(workflow[33m,[3
9m [32m'info'[39m[33m,[39m 
[32m'user_123'[39m)[33m;[39m
     [90m 138 |[39m[0m

      at Object.createSmartNotification 
(tests/smartNotifications.test.js:135:40)

  ظù SmartNotificationService Tests ظ║ 
should schedule notification

    TypeError: 
notificationService.createSmartNotification 
is not a function

    [0m [90m 154 |[39m   
test([32m'should schedule 
notification'[39m[33m,[39m done 
[33m=>[39m {
     [90m 155 |[39m     [36mconst[39m 
workflow [33m=[39m { id[33m:[39m 
[32m'wf_001'[39m }[33m;[39m
    [31m[1m>[22m[39m[90m 156 |[39m     
[36mconst[39m notification [33m=[39m noti
ficationService[33m.[39mcreateSmartNotifica
tion(workflow[33m,[39m 
[32m'info'[39m[33m,[39m 
[32m'user_123'[39m)[33m;[39m
     [90m     |[39m                        
                      [31m[1m^[22m[39m
     [90m 157 |[39m
     [90m 158 |[39m     [36mconst[39m 
scheduledTime [33m=[39m [36mnew[39m [33m
Date[39m([33mDate[39m[33m.[39mnow() 
[33m+[39m [35m1000[39m)[33m;[39m 
[90m// ╪ذ╪╣╪» ╪س╪د┘┘è╪ر ┘ê╪د╪ص╪»╪ر[39m
     [90m 159 |[39m[0m

      at Object.createSmartNotification 
(tests/smartNotifications.test.js:156:46)

  ظù Integration Tests ظ║ complete 
notification workflow

    TypeError: 
notificationService.createSmartNotification 
is not a function

    [0m [90m 287 |[39m
     [90m 288 |[39m     [90m// 2. 
╪ح┘╪┤╪د╪ة ╪ح╪┤╪╣╪د╪▒[39m
    [31m[1m>[22m[39m[90m 289 |[39m     
[36mconst[39m notification [33m=[39m noti
ficationService[33m.[39mcreateSmartNotifica
tion(workflow[33m,[39m 
[32m'approval'[39m[33m,[39m 
[32m'user_123'[39m)[33m;[39m
     [90m     |[39m                        
                      [31m[1m^[22m[39m
     [90m 290 |[39m
     [90m 291 |[39m     [90m// 3. 
╪ح╪▒╪│╪د┘ ╪د┘╪ح╪┤╪╣╪د╪▒[39m
     [90m 292 |[39m     [36mconst[39m 
sendResult [33m=[39m notificationService[3
3m.[39msendNotification([32m'user_123'[39m
[33m,[39m notification)[33m;[39m[0m

      at Object.createSmartNotification 
(tests/smartNotifications.test.js:289:46)

  ظù Integration Tests ظ║ schedule 
multiple notifications

    TypeError: 
notificationService.createSmartNotification 
is not a function

    [0m [90m 333 |[39m
     [90m 334 |[39m     
workflows[33m.[39mforEach(workflow 
[33m=>[39m {
    [31m[1m>[22m[39m[90m 335 |[39m     
  [36mconst[39m notification [33m=[39m no
tificationService[33m.[39mcreateSmartNotifi
cation(workflow[33m,[39m 
[32m'info'[39m[33m,[39m 
[32m'user_123'[39m)[33m;[39m
     [90m     |[39m                        
                        [31m[1m^[22m[39m
     [90m 336 |[39m
     [90m 337 |[39m       [36mconst[39m 
scheduledTime [33m=[39m [36mnew[39m [33m
Date[39m([33mDate[39m[33m.[39mnow() 
[33m+[39m [35m2000[39m)[33m;[39m
     [90m 338 |[39m       notificationServi
ce[33m.[39mscheduleNotification(notificatio
n[33m,[39m scheduledTime[33m,[39m 
[32m'user_123'[39m)[33m;[39m[0m

      at createSmartNotification 
(tests/smartNotifications.test.js:335:48)
          at Array.forEach (<anonymous>)
      at Object.forEach 
(tests/smartNotifications.test.js:334:15)

  ظù Performance Tests ظ║ should handle 
1000 notifications

    TypeError: 
notificationService.createSmartNotification 
is not a function

    [0m [90m 362 |[39m
     [90m 363 |[39m     [36mfor[39m 
([36mlet[39m i [33m=[39m 
[35m0[39m[33m;[39m i [33m<[39m 
[35m1000[39m[33m;[39m i[33m++[39m) {
    [31m[1m>[22m[39m[90m 364 |[39m     
  [36mconst[39m notification [33m=[39m no
tificationService[33m.[39mcreateSmartNotifi
cation(workflow[33m,[39m 
[32m'info'[39m[33m,[39m [32m`user_${i % 
100}`[39m)[33m;[39m
     [90m     |[39m                        
                        [31m[1m^[22m[39m
     [90m 365 |[39m       notificationServi
ce[33m.[39msendNotification([32m`user_${i 
% 100}`[39m[33m,[39m 
notification)[33m;[39m
     [90m 366 |[39m     }
     [90m 367 |[39m[0m

      at Object.createSmartNotification 
(tests/smartNotifications.test.js:364:48)

  ظù Performance Tests ظ║ should retrieve 
notifications quickly

    TypeError: 
notificationService.createSmartNotification 
is not a function

    [0m [90m 378 |[39m
     [90m 379 |[39m     [36mfor[39m 
([36mlet[39m i [33m=[39m 
[35m0[39m[33m;[39m i [33m<[39m 
[35m100[39m[33m;[39m i[33m++[39m) {
    [31m[1m>[22m[39m[90m 380 |[39m     
  [36mconst[39m notification [33m=[39m no
tificationService[33m.[39mcreateSmartNotifi
cation(workflow[33m,[39m 
[32m'info'[39m[33m,[39m 
[32m'user_123'[39m)[33m;[39m
     [90m     |[39m                        
                        [31m[1m^[22m[39m
     [90m 381 |[39m       notificationServi
ce[33m.[39msendNotification([32m'user_123'
[39m[33m,[39m notification)[33m;[39m
     [90m 382 |[39m     }
     [90m 383 |[39m[0m

      at Object.createSmartNotification 
(tests/smartNotifications.test.js:380:48)

  ظù Edge Cases ظ║ should handle user with 
no notifications

    TypeError: 
notificationService.getAllNotifications is 
not a function

    [0m [90m 402 |[39m   [90m// 
╪د╪«╪ز╪ذ╪د╪▒ 1: ┘à╪│╪ز╪«╪»┘à ╪ذ╪»┘ê┘ 
╪ح╪┤╪╣╪د╪▒╪د╪ز[39m
     [90m 403 |[39m   test([32m'should 
handle user with no 
notifications'[39m[33m,[39m () 
[33m=>[39m {
    [31m[1m>[22m[39m[90m 404 |[39m     
[36mconst[39m notifications [33m=[39m not
ificationService[33m.[39mgetAllNotification
s([32m'nonexistent_user'[39m)[33m;[39m
     [90m     |[39m                        
                       [31m[1m^[22m[39m
     [90m 405 |[39m     expect(notification
s[33m.[39mlength)[33m.[39mtoBe([35m0[39
m)[33m;[39m
     [90m 406 |[39m   })[33m;[39m
     [90m 407 |[39m[0m

      at Object.getAllNotifications 
(tests/smartNotifications.test.js:404:47)

  ظù Edge Cases ظ║ should handle deleting 
same notification twice

    TypeError: 
notificationService.createSmartNotification 
is not a function

    [0m [90m 408 |[39m   [90m// 
╪د╪«╪ز╪ذ╪د╪▒ 2: ╪ص╪░┘ ┘┘╪│ ╪د┘╪ح╪┤╪╣╪د╪▒ 
┘à╪▒╪ز┘è┘[39m
     [90m 409 |[39m   test([32m'should 
handle deleting same notification 
twice'[39m[33m,[39m () [33m=>[39m {
    [31m[1m>[22m[39m[90m 410 |[39m     
[36mconst[39m notification [33m=[39m noti
ficationService[33m.[39mcreateSmartNotifica
tion({ id[33m:[39m [32m'wf_001'[39m 
}[33m,[39m [32m'info'[39m[33m,[39m 
[32m'user_123'[39m)[33m;[39m
     [90m     |[39m                        
                      [31m[1m^[22m[39m
     [90m 411 |[39m     notificationService
[33m.[39msendNotification([32m'user_123'[
39m[33m,[39m notification)[33m;[39m
     [90m 412 |[39m
     [90m 413 |[39m     notificationService
[33m.[39mdeleteNotification(notification[3
3m.[39mid[33m,[39m 
[32m'user_123'[39m)[33m;[39m[0m

      at Object.createSmartNotification 
(tests/smartNotifications.test.js:410:46)

  ظù Edge Cases ظ║ should handle empty 
workflow data

    TypeError: 
notificationService.createSmartNotification 
is not a function

    [0m [90m 420 |[39m   [90m// 
╪د╪«╪ز╪ذ╪د╪▒ 3: ╪ذ┘è╪د┘╪د╪ز ┘╪د╪▒╪║╪ر[39m
     [90m 421 |[39m   test([32m'should 
handle empty workflow data'[39m[33m,[39m 
() [33m=>[39m {
    [31m[1m>[22m[39m[90m 422 |[39m     
[36mconst[39m notification [33m=[39m noti
ficationService[33m.[39mcreateSmartNotifica
tion({}[33m,[39m 
[32m'info'[39m[33m,[39m 
[32m'user_123'[39m)[33m;[39m
     [90m     |[39m                        
                      [31m[1m^[22m[39m
     [90m 423 |[39m     expect(notification
[33m.[39mid)[33m.[39mtoBeDefined()[33m;
[39m
     [90m 424 |[39m     expect(notification
[33m.[39mtitle)[33m.[39mtoBeDefined()[33
m;[39m
     [90m 425 |[39m   })[33m;[39m[0m

      at Object.createSmartNotification 
(tests/smartNotifications.test.js:422:46)

  console.log
    ≡اôإ Auth routes using In-Memory User model

      at Object.log (api/routes/auth.routes.js:9:11)

  console.log
    System: Smart CRM & Engagement Unit - Initialized

      at new log (services/smartCRM.service.js:8:13)

  console.log
    ≡ا» Using in-memory database (development mode)

      at log (config/database.js:14:13)

  console.log
    ≡اôإ Data will be lost when server restarts

      at log (config/database.js:15:13)

  console.log
    ظأآي╕  To use MongoDB Atlas, set USE_MOCK_DB=false in .env

      at log (config/database.js:16:13)

  console.log
    ظ╣ي╕  Using in-memory database - seeding skipped

      at log (server.js:542:15)

(node:25856) [MONGOOSE] Warning: Duplicate 
schema index on {"email":1} found. This is 
often due to declaring an index using both 
"index: true" and "schema.index()". Please 
remove the duplicate index definition.
(node:25856) [MONGOOSE] Warning: Duplicate 
schema index on {"beneficiary_id":1} found. 
This is often due to declaring an index 
using both "index: true" and 
"schema.index()". Please remove the 
duplicate index definition.
(node:25856) [MONGOOSE] Warning: Duplicate 
schema index on {"beneficiary_id":1} found. 
This is often due to declaring an index 
using both "index: true" and 
"schema.index()". Please remove the 
duplicate index definition.
(node:25856) [MONGOOSE] Warning: Duplicate 
schema index on {"program_code":1} found. 
This is often due to declaring an index 
using both "index: true" and 
"schema.index()". Please remove the 
duplicate index definition.
(node:25856) [MONGOOSE] Warning: Duplicate 
schema index on {"owner.nationalId":1} 
found. This is often due to declaring an 
index using both "index: true" and 
"schema.index()". Please remove the 
duplicate index definition.
(node:25856) [MONGOOSE] Warning: Duplicate 
schema index on 
{"registration.expiryDate":1} found. This is 
often due to declaring an index using both 
"index: true" and "schema.index()". Please 
remove the duplicate index definition.
(node:25856) [MONGOOSE] Warning: Duplicate 
schema index on {"insurance.expiryDate":1} 
found. This is often due to declaring an 
index using both "index: true" and 
"schema.index()". Please remove the 
duplicate index definition.
(node:25856) [MONGOOSE] Warning: Duplicate 
schema index on 
{"inspection.nextInspectionDate":1} found. 
This is often due to declaring an index 
using both "index: true" and 
"schema.index()". Please remove the 
duplicate index definition.
  console.log
    ≡ا¤ْ [SECURITY] 2026-01-16T09:38:23.635Z - USER_REGISTERED {
      userId: undefined,
      email: 'ahmed@example.com',
      ip: '::ffff:127.0.0.1'
    }

      at log (utils/security.js:83:11)

[0mPOST /api/auth/register [32m201[0m 67.189 ms - 356[0m
[0mPOST /api/auth/register [33m400[0m 0.645 ms - 51[0m
[0mPOST /api/auth/register [33m400[0m 0.377 ms - 47[0m
[0mPOST /api/auth/register [33m400[0m 0.321 ms - 99[0m
[0mPOST /api/auth/register [33m400[0m 0.325 ms - 50[0m
[0mPOST /api/auth/register [33m400[0m 0.238 ms - 289[0m
  console.log
    ≡ا¤ْ [SECURITY] 2026-01-16T09:38:23.706Z - USER_REGISTERED {
      userId: undefined,
      email: 'duplicate@example.com',
      ip: '::ffff:127.0.0.1'
    }

      at log (utils/security.js:83:11)

[0mPOST /api/auth/register [32m201[0m 52.108 ms - 365[0m
  console.log
    ≡ا¤ْ [SECURITY] 2026-01-16T09:38:23.709Z - REGISTRATION_ATTEMPT_EXISTING_EMAIL { email: 'duplicate@example.com', ip: '::ffff:127.0.0.1' }

      at log (utils/security.js:83:11)

[0mPOST /api/auth/register [33m400[0m 0.689 ms - 54[0m
  console.log
    ≡ا¤ْ [SECURITY] 2026-01-16T09:38:23.764Z - USER_REGISTERED {
      userId: undefined,
      email: 'ahmed@example.com',
      ip: '::ffff:127.0.0.1'
    }

      at log (utils/security.js:83:11)

[0mPOST /api/auth/register [32m201[0m 53.693 ms - 356[0m
  console.log
    ≡ا¤ْ [SECURITY] 2026-01-16T09:38:23.820Z - USER_REGISTERED {
      userId: undefined,
      email: 'ahmed@example.com',
      ip: '::ffff:127.0.0.1'
    }

      at log (utils/security.js:83:11)

[0mPOST /api/auth/register [32m201[0m 52.004 ms - 356[0m
  console.log
    ≡ا¤ْ [SECURITY] 2026-01-16T09:38:23.876Z - USER_REGISTERED {
      userId: undefined,
      email: 'ahmed@example.com',
      ip: '::ffff:127.0.0.1'
    }

      at log (utils/security.js:83:11)

[0mPOST /api/auth/register [32m201[0m 53.035 ms - 356[0m
[0mPOST /api/auth/register [33m400[0m 0.215 ms - 47[0m
[0mPOST /api/auth/register [33m400[0m 0.201 ms - 47[0m
[0mPOST /api/auth/register [33m400[0m 0.330 ms - 50[0m
[0mPOST /api/auth/register [33m400[0m 0.220 ms - 51[0m
  console.log
    ≡ا¤ْ [SECURITY] 2026-01-16T09:38:23.944Z - USER_REGISTERED {
      userId: undefined,
      email: 'ahmed@example.com',
      ip: '::ffff:127.0.0.1'
    }

      at log (utils/security.js:83:11)

[0mPOST /api/auth/register [32m201[0m 55.811 ms - 359[0m
  console.log
    ≡ا¤ْ [SECURITY] 2026-01-16T09:38:24.003Z - USER_REGISTERED {
      userId: undefined,
      email: 'logintest@example.com',
      ip: '::ffff:127.0.0.1'
    }

      at log (utils/security.js:83:11)

[0mPOST /api/auth/register [32m201[0m 53.083 ms - 362[0m
  console.log
    ظ£à User found: logintest@example.com

      at log (api/routes/auth.routes.js:120:13)

  console.log
       Has password field: true

      at log (api/routes/auth.routes.js:121:13)

  console.log
       Password length: 60

      at log (api/routes/auth.routes.js:122:13)

  console.log
       Password valid: true

      at log (api/routes/auth.routes.js:126:13)

  console.log
    ≡ا¤ْ [SECURITY] 2026-01-16T09:38:24.061Z - LOGIN_SUCCESS { email: 'logintest@example.com', ip: '::ffff:127.0.0.1' }

      at log (utils/security.js:83:11)

[0mPOST /api/auth/login [32m200[0m 55.340 ms - 355[0m
  console.log
    ≡ا¤ْ [SECURITY] 2026-01-16T09:38:24.116Z - USER_REGISTERED {
      userId: undefined,
      email: 'logintest@example.com',
      ip: '::ffff:127.0.0.1'
    }

      at log (utils/security.js:83:11)

[0mPOST /api/auth/register [32m201[0m 53.845 ms - 362[0m
  console.log
    ظ£à User found: logintest@example.com

      at log (api/routes/auth.routes.js:120:13)

  console.log
       Has password field: true

      at log (api/routes/auth.routes.js:121:13)

  console.log
       Password length: 60

      at log (api/routes/auth.routes.js:122:13)

  console.log
       Password valid: false

      at log (api/routes/auth.routes.js:126:13)

  console.error
    ظإî Login failed: Invalid password for email: logintest@example.com

    [0m [90m 127 |[39m
     [90m 128 |[39m     [36mif[39m ([33m![39misPasswordValid) {
    [31m[1m>[22m[39m[90m 129 |[39m       console[33m.[39merror([32m'ظإî Login failed: Invalid password for email:'[39m[33m,[39m email)[33m;[39m
     [90m     |[39m               [31m[1m^[22m[39m
     [90m 130 |[39m       logSecurityEvent([32m'FAILED_LOGIN'[39m[33m,[39m {
     [90m 131 |[39m         email[33m,[39m
     [90m 132 |[39m         ip[33m:[39m getClientIP(req)[33m,[39m[0m

      at error (api/routes/auth.routes.js:129:15)

  console.log
    ≡ا¤ْ [SECURITY] 2026-01-16T09:38:24.176Z - FAILED_LOGIN { email: 'logintest@example.com', ip: '::ffff:127.0.0.1' }

      at log (utils/security.js:83:11)

[0mPOST /api/auth/login [33m401[0m 56.493 ms - 55[0m
  console.log
    ≡ا¤ْ [SECURITY] 2026-01-16T09:38:24.231Z - USER_REGISTERED {
      userId: undefined,
      email: 'logintest@example.com',
      ip: '::ffff:127.0.0.1'
    }

      at log (utils/security.js:83:11)

[0mPOST /api/auth/register [32m201[0m 54.753 ms - 362[0m
  console.error
    ظإî Login failed: User not found for email: nonexistent@example.com

    [0m [90m 111 |[39m     [36mconst[39m user [33m=[39m [36mawait[39m [33mUser[39m[33m.[39mfindOne({ email })[33m;[39m
     [90m 112 |[39m     [36mif[39m ([33m![39muser) {
    [31m[1m>[22m[39m[90m 113 |[39m       console[33m.[39merror([32m'ظإî Login failed: User not found for email:'[39m[33m,[39m email)[33m;[39m
     [90m     |[39m               [31m[1m^[22m[39m
     [90m 114 |[39m       [36mreturn[39m res[33m.[39mstatus([35m401[39m)[33m.[39mjson({
     [90m 115 |[39m         success[33m:[39m [36mfalse[39m[33m,[39m
     [90m 116 |[39m         message[33m:[39m [32m'Invalid email or password'[39m[33m,[39m[0m

      at error (api/routes/auth.routes.js:113:15)

[0mPOST /api/auth/login [33m401[0m 2.452 ms - 55[0m
  console.log
    ≡ا¤ْ [SECURITY] 2026-01-16T09:38:24.294Z - USER_REGISTERED {
      userId: undefined,
      email: 'logintest@example.com',
      ip: '::ffff:127.0.0.1'
    }

      at log (utils/security.js:83:11)

[0mPOST /api/auth/register [32m201[0m 52.906 ms - 362[0m
[0mPOST /api/auth/login [33m400[0m 0.220 ms - 61[0m
  console.log
    ≡ا¤ْ [SECURITY] 2026-01-16T09:38:24.351Z - USER_REGISTERED {
      userId: undefined,
      email: 'logintest@example.com',
      ip: '::ffff:127.0.0.1'
    }

      at log (utils/security.js:83:11)

[0mPOST /api/auth/register [32m201[0m 52.497 ms - 362[0m
[0mPOST /api/auth/login [33m400[0m 0.246 ms - 61[0m
  console.log
    ≡ا¤ْ [SECURITY] 2026-01-16T09:38:24.413Z - USER_REGISTERED {
      userId: undefined,
      email: 'logintest@example.com',
      ip: '::ffff:127.0.0.1'
    }

      at log (utils/security.js:83:11)

[0mPOST /api/auth/register [32m201[0m 56.109 ms - 362[0m
  console.log
    ظ£à User found: logintest@example.com

      at log (api/routes/auth.routes.js:120:13)

  console.log
       Has password field: true

      at log (api/routes/auth.routes.js:121:13)

  console.log
       Password length: 60

      at log (api/routes/auth.routes.js:122:13)

  console.log
       Password valid: true

      at log (api/routes/auth.routes.js:126:13)

  console.log
    ≡ا¤ْ [SECURITY] 2026-01-16T09:38:24.477Z - LOGIN_SUCCESS { email: 'logintest@example.com', ip: '::ffff:127.0.0.1' }

      at log (utils/security.js:83:11)

[0mPOST /api/auth/login [32m200[0m 57.504 ms - 355[0m
  console.log
    ≡ا¤ْ [SECURITY] 2026-01-16T09:38:24.533Z - USER_REGISTERED {
      userId: undefined,
      email: 'logouttest@example.com',
      ip: '::ffff:127.0.0.1'
    }

      at log (utils/security.js:83:11)

[0mPOST /api/auth/register [32m201[0m 53.578 ms - 365[0m
  console.log
    ≡ا¤ْ [SECURITY] 2026-01-16T09:38:24.537Z - USER_LOGOUT { userId: undefined, ip: '::ffff:127.0.0.1' }

      at log (utils/security.js:83:11)

[0mPOST /api/auth/logout [32m200[0m 2.733 ms - 46[0m
  console.log
    ≡ا¤ْ [SECURITY] 2026-01-16T09:38:24.595Z - USER_REGISTERED {
      userId: undefined,
      email: 'logouttest@example.com',
      ip: '::ffff:127.0.0.1'
    }

      at log (utils/security.js:83:11)

[0mPOST /api/auth/register [32m201[0m 52.916 ms - 365[0m
[0mPOST /api/auth/logout [33m401[0m 0.329 ms - 54[0m
  console.log
    ≡ا¤ْ [SECURITY] 2026-01-16T09:38:24.658Z - USER_REGISTERED {
      userId: undefined,
      email: 'refreshtest@example.com',
      ip: '::ffff:127.0.0.1'
    }

      at log (utils/security.js:83:11)

[0mPOST /api/auth/register [32m201[0m 57.517 ms - 367[0m
[0mPOST /api/auth/refresh [33m401[0m 0.609 ms - 55[0m
[0mPOST /api/auth/refresh [33m401[0m 0.278 ms - 55[0m
  console.log
    ≡ا¤ْ [SECURITY] 2026-01-16T09:38:24.801Z - USER_REGISTERED {
      userId: undefined,
      email: 'pwdchangetest@example.com',
      ip: '::ffff:127.0.0.1'
    }

      at log (utils/security.js:83:11)

[0mPOST /api/auth/register [32m201[0m 130.939 ms - 372[0m
[0mPOST /api/auth/change-password [33m404[0m 1.546 ms - 44[0m
  console.log
    ≡ا¤ْ [SECURITY] 2026-01-16T09:38:24.913Z - USER_REGISTERED {
      userId: undefined,
      email: 'pwdchangetest@example.com',
      ip: '::ffff:127.0.0.1'
    }

      at log (utils/security.js:83:11)

[0mPOST /api/auth/register [32m201[0m 94.730 ms - 372[0m
[0mPOST /api/auth/change-password [33m404[0m 1.192 ms - 44[0m
  console.log
    ≡ا¤ْ [SECURITY] 2026-01-16T09:38:25.110Z - USER_REGISTERED {
      userId: undefined,
      email: 'pwdchangetest@example.com',
      ip: '::ffff:127.0.0.1'
    }

      at log (utils/security.js:83:11)

[0mPOST /api/auth/register [32m201[0m 184.024 ms - 372[0m
[0mPOST /api/auth/change-password [33m401[0m 0.272 ms - 54[0m
[0mPOST /api/auth/register [33m400[0m 0.549 ms - 47[0m
[0mPOST /api/auth/register [33m400[0m 0.806 ms - 289[0m
  console.log
    ≡ا¤ْ [SECURITY] 2026-01-16T09:38:25.282Z - USER_REGISTERED {
      userId: undefined,
      email: 'sectest@example.com',
      ip: '::ffff:127.0.0.1'
    }

      at log (utils/security.js:83:11)

[0mPOST /api/auth/register [32m201[0m 116.455 ms - 358[0m
PASS backend/__tests__/auth.extended.test.js
  Authentication Routes - Extended Coverage
    POST /api/auth/register - Complete 
Coverage
      ظêأ should register successfully with 
valid data (80 ms)
      ظêأ should require fullName field (3 
ms)
      ظêأ should require email field (2 ms)
      ظêأ should require password field (2 
ms)
      ظêأ should reject invalid email format 
(2 ms)
      ظêأ should reject weak password (3 ms)
      ظêأ should prevent duplicate email 
registration (56 ms)
      ظêأ should hash password before 
storing (57 ms)
      ظêأ should return access token in 
response (55 ms)
      ظêأ should return user object without 
password (56 ms)
      ظêأ should handle empty string inputs 
(2 ms)
      ظêأ should handle null values (2 ms)
      ظêأ should trim whitespace from inputs 
(4 ms)
      ظêأ should handle very long inputs (3 
ms)
      ظêأ should accept unicode names (58 ms)
    POST /api/auth/login
      ظêأ should login with correct 
credentials (115 ms)
      ظêأ should reject incorrect password 
(116 ms)
      ظêأ should reject non-existent user 
(62 ms)
      ظêأ should require email field (58 ms)
      ظêأ should require password field (58 
ms)
      ظêأ should not expose user password in 
response (122 ms)
    POST /api/auth/logout
      ظêأ should logout authenticated user 
(63 ms)
      ظêأ should reject logout without token 
(58 ms)
    POST /api/auth/refresh
      ظêأ should refresh valid token (67 ms)
      ظêأ should reject invalid refresh 
token (3 ms)
    POST /api/auth/change-password
      ظêأ should change password with 
correct old password (146 ms)
      ظêأ should reject change with 
incorrect old password (107 ms)
      ظêأ should require authentication (224 
ms)
    Error Handling and Security
      ظêأ should handle server errors 
gracefully (6 ms)
      ظêأ should not expose internal server 
errors (7 ms)
      ظêأ should log security events (123 ms)

  console.log
    ≡اôإ Auth routes using In-Memory User model

      at Object.log (api/routes/auth.routes.js:9:11)

  console.log
    System: Smart CRM & Engagement Unit - Initialized

      at new log (services/smartCRM.service.js:8:13)

  console.log
    ≡ا» Using in-memory database (development mode)

      at log (config/database.js:14:13)

  console.log
    ≡اôإ Data will be lost when server restarts

      at log (config/database.js:15:13)

  console.log
    ظأآي╕  To use MongoDB Atlas, set USE_MOCK_DB=false in .env

      at log (config/database.js:16:13)

  console.log
    ظ╣ي╕  Using in-memory database - seeding skipped

      at log (server.js:542:15)

(node:25856) [MONGOOSE] Warning: Duplicate 
schema index on {"email":1} found. This is 
often due to declaring an index using both 
"index: true" and "schema.index()". Please 
remove the duplicate index definition.
(node:25856) [MONGOOSE] Warning: Duplicate 
schema index on {"beneficiary_id":1} found. 
This is often due to declaring an index 
using both "index: true" and 
"schema.index()". Please remove the 
duplicate index definition.
(node:25856) [MONGOOSE] Warning: Duplicate 
schema index on {"beneficiary_id":1} found. 
This is often due to declaring an index 
using both "index: true" and 
"schema.index()". Please remove the 
duplicate index definition.
(node:25856) [MONGOOSE] Warning: Duplicate 
schema index on {"program_code":1} found. 
This is often due to declaring an index 
using both "index: true" and 
"schema.index()". Please remove the 
duplicate index definition.
(node:25856) [MONGOOSE] Warning: Duplicate 
schema index on {"owner.nationalId":1} 
found. This is often due to declaring an 
index using both "index: true" and 
"schema.index()". Please remove the 
duplicate index definition.
(node:25856) [MONGOOSE] Warning: Duplicate 
schema index on 
{"registration.expiryDate":1} found. This is 
often due to declaring an index using both 
"index: true" and "schema.index()". Please 
remove the duplicate index definition.
(node:25856) [MONGOOSE] Warning: Duplicate 
schema index on {"insurance.expiryDate":1} 
found. This is often due to declaring an 
index using both "index: true" and 
"schema.index()". Please remove the 
duplicate index definition.
(node:25856) [MONGOOSE] Warning: Duplicate 
schema index on 
{"inspection.nextInspectionDate":1} found. 
This is often due to declaring an index 
using both "index: true" and 
"schema.index()". Please remove the 
duplicate index definition.
[0mGET /api/health [32m200[0m 1.841 ms - 118[0m
[0mGET /api/status [33m404[0m 1.528 ms - 127[0m
[0mGET / [32m200[0m 0.305 ms - 165[0m
[0mGET /api [33m404[0m 0.350 ms - 120[0m
[0mGET /api/nonexistent-route [33m404[0m 0.284 ms - 138[0m
[0mPOST /api/auth/register [33m400[0m 0.230 ms - 47[0m
  console.error
    Error: request entity too large

    [0m [90m 514 |[39m [90m// Error handling middleware (MUST be after all routes)[39m
     [90m 515 |[39m app[33m.[39muse((err[33m,[39m req[33m,[39m res[33m,[39m next) [33m=>[39m {
    [31m[1m>[22m[39m[90m 516 |[39m   console[33m.[39merror([32m'Error:'[39m[33m,[39m err[33m.[39mmessage)[33m;[39m
     [90m     |[39m           [31m[1m^[22m[39m
     [90m 517 |[39m   res[33m.[39mstatus(err[33m.[39mstatusCode [33m||[39m [35m500[39m)[33m.[39mjson({
     [90m 518 |[39m     success[33m:[39m [36mfalse[39m[33m,[39m
     [90m 519 |[39m     statusCode[33m:[39m err[33m.[39mstatusCode [33m||[39m [35m500[39m[33m,[39m[0m

      at error (server.js:516:11)
      at Layer.handle_error (node_modules/express/lib/router/layer.js:71:5)
      at trim_prefix (node_modules/express/lib/router/index.js:326:13)
      at node_modules/express/lib/router/index.js:286:9
      at Function.process_params (node_modules/express/lib/router/index.js:346:12)
      at next (node_modules/express/lib/router/index.js:280:10)
      at Layer.handle_error (node_modules/express/lib/router/layer.js:67:12)
      at trim_prefix (node_modules/express/lib/router/index.js:326:13)
      at node_modules/express/lib/router/index.js:286:9
      at Function.process_params (node_modules/express/lib/router/index.js:346:12)
      at next (node_modules/express/lib/router/index.js:280:10)
      at Layer.handle_error (node_modules/express/lib/router/layer.js:67:12)
      at trim_prefix (node_modules/express/lib/router/index.js:326:13)
      at node_modules/express/lib/router/index.js:286:9
      at Function.process_params (node_modules/express/lib/router/index.js:346:12)
      at next (node_modules/express/lib/router/index.js:280:10)
      at Layer.handle_error (node_modules/express/lib/router/layer.js:67:12)
      at trim_prefix (node_modules/express/lib/router/index.js:326:13)
      at node_modules/express/lib/router/index.js:286:9
      at Function.process_params (node_modules/express/lib/router/index.js:346:12)
      at next (node_modules/express/lib/router/index.js:280:10)
      at Layer.handle_error (node_modules/express/lib/router/layer.js:67:12)
      at trim_prefix (node_modules/express/lib/router/index.js:326:13)
      at node_modules/express/lib/router/index.js:286:9
      at Function.process_params (node_modules/express/lib/router/index.js:346:12)
      at next (node_modules/express/lib/router/index.js:280:10)
      at Layer.handle_error (node_modules/express/lib/router/layer.js:67:12)
      at trim_prefix (node_modules/express/lib/router/index.js:326:13)
      at node_modules/express/lib/router/index.js:286:9
      at Function.process_params (node_modules/express/lib/router/index.js:346:12)
      at next (node_modules/express/lib/router/index.js:280:10)
      at Layer.handle_error (node_modules/express/lib/router/layer.js:67:12)
      at trim_prefix (node_modules/express/lib/router/index.js:326:13)
      at node_modules/express/lib/router/index.js:286:9
      at Function.process_params (node_modules/express/lib/router/index.js:346:12)
      at next (node_modules/express/lib/router/index.js:280:10)
      at Layer.handle_error (node_modules/express/lib/router/layer.js:67:12)
      at trim_prefix (node_modules/express/lib/router/index.js:326:13)
      at node_modules/express/lib/router/index.js:286:9
      at Function.process_params (node_modules/express/lib/router/index.js:346:12)
      at next (node_modules/express/lib/router/index.js:280:10)
      at Layer.handle_error (node_modules/express/lib/router/layer.js:67:12)
      at trim_prefix (node_modules/express/lib/router/index.js:326:13)
      at node_modules/express/lib/router/index.js:286:9
      at Function.process_params (node_modules/express/lib/router/index.js:346:12)
      at next (node_modules/express/lib/router/index.js:280:10)
      at Layer.handle_error (node_modules/express/lib/router/layer.js:67:12)
      at trim_prefix (node_modules/express/lib/router/index.js:326:13)
      at node_modules/express/lib/router/index.js:286:9
      at Function.process_params (node_modules/express/lib/router/index.js:346:12)
      at next (node_modules/express/lib/router/index.js:280:10)
      at Layer.handle_error (node_modules/express/lib/router/layer.js:67:12)
      at trim_prefix (node_modules/express/lib/router/index.js:326:13)
      at node_modules/express/lib/router/index.js:286:9
      at Function.process_params (node_modules/express/lib/router/index.js:346:12)
      at next (node_modules/express/lib/router/index.js:280:10)
      at Layer.handle_error (node_modules/express/lib/router/layer.js:67:12)
      at trim_prefix (node_modules/express/lib/router/index.js:326:13)
      at node_modules/express/lib/router/index.js:286:9
      at Function.process_params (node_modules/express/lib/router/index.js:346:12)
      at next (node_modules/express/lib/router/index.js:280:10)
      at Layer.handle_error (node_modules/express/lib/router/layer.js:67:12)
      at trim_prefix (node_modules/express/lib/router/index.js:326:13)
      at node_modules/express/lib/router/index.js:286:9
      at Function.process_params (node_modules/express/lib/router/index.js:346:12)
      at next (node_modules/express/lib/router/index.js:280:10)
      at onfinished (node_modules/body-parser/lib/read.js:102:9)
      at listener (node_modules/on-finished/index.js:170:15)
      at onFinish (node_modules/on-finished/index.js:101:5)
      at callback (node_modules/ee-first/index.js:55:10)
      at IncomingMessage.onevent (node_modules/ee-first/index.js:93:5)

[0mGET /api/users [32m200[0m 0.563 ms - 205[0m
  console.log
    ≡ا¤ْ [SECURITY] 2026-01-16T09:38:26.204Z - USER_REGISTERED {
      userId: undefined,
      email: 'test@example.com',
      ip: '::ffff:127.0.0.1'
    }

      at log (utils/security.js:83:11)

[0mPOST /api/auth/register [32m201[0m 62.732 ms - 351[0m
  console.log
    ≡ا¤ْ [SECURITY] 2026-01-16T09:38:26.259Z - USER_REGISTERED {
      userId: undefined,
      email: 'test@example.com',
      ip: '::ffff:127.0.0.1'
    }

      at log (utils/security.js:83:11)

[0mPOST /api/auth/register [32m201[0m 53.107 ms - 346[0m
[0mPOST /api/auth/register [33m400[0m 0.205 ms - 47[0m
[0mGET /api/users [32m200[0m 0.414 ms - 205[0m
[0mGET /api/users [32m200[0m 0.430 ms - 205[0m
[0mGET /api/users [32m200[0m 0.302 ms - 205[0m
[0mGET /api/users [32m200[0m 0.291 ms - 205[0m
[0mPOST /api/auth/register [33m400[0m 0.245 ms - 67[0m
[0mPOST /api/auth/register [33m400[0m 0.187 ms - 67[0m
[0mPOST /api/auth/register [33m400[0m 0.177 ms - 67[0m
[0mPOST /api/auth/register [33m400[0m 0.462 ms - 47[0m
  console.log
    ≡ا¤ْ [SECURITY] 2026-01-16T09:38:26.342Z - USER_REGISTERED {
      userId: undefined,
      email: 'test@example.com',
      ip: '::ffff:127.0.0.1'
    }

      at log (utils/security.js:83:11)

[0mPOST /api/auth/register [32m201[0m 53.142 ms - 346[0m
[0mGET /api/users [32m200[0m 0.357 ms - 205[0m
[0mGET /api/health [32m200[0m 0.459 ms - 118[0m
[0mPOST /api/auth/register [33m400[0m 0.224 ms - 47[0m
[0mGET /api/users [33m401[0m 0.188 ms - 54[0m
[0mGET /api/users [33m401[0m 0.183 ms - 54[0m
[0mGET /api/users [33m401[0m 0.165 ms - 54[0m
[0mGET /api/users [33m403[0m 0.245 ms - 50[0m
[0mGET /api/users [32m200[0m 0.326 ms - 205[0m
[0mGET /api/users [32m200[0m 0.505 ms - 205[0m
[0mGET /api/users [32m200[0m 0.650 ms - 26[0m
[0mGET /api/users [32m200[0m 0.393 ms - 205[0m
  console.log
    ≡ا¤ْ [SECURITY] 2026-01-16T09:38:26.430Z - USER_REGISTERED {
      userId: undefined,
      email: 'test@example.com',
      ip: '::ffff:127.0.0.1'
    }

      at log (utils/security.js:83:11)

[0mPOST /api/auth/register [32m201[0m 55.445 ms - 346[0m
[0mPUT /api/users/123 [33m404[0m 0.619 ms - 44[0m
[0mDELETE /api/users/123 [33m404[0m 0.376 ms - 44[0m
[0mPATCH /api/auth/register [33m404[0m 0.271 ms - 136[0m
PASS backend/__tests__/integration.test.js
  System Routes and Integration Tests
    Health Check Endpoint
      ظêأ should return 200 for health check 
(9 ms)
      ظêأ should return server status (4 ms)
    Root Endpoint
      ظêأ should respond to GET / (3 ms)
      ظêأ should respond to GET /api (3 ms)
    Error Handling
      ظêأ should return 404 for non-existent 
routes (3 ms)
      ظêأ should handle bad request 
gracefully (5 ms)
      ظêأ should reject oversized payloads 
(75 ms)
    CORS Configuration
      ظêأ should respond to OPTIONS requests 
(2 ms)
      ظêأ should include CORS headers (2 ms)
    Request/Response Handling
      ظêأ should handle JSON requests (65 ms)
      ظêأ should parse URL-encoded data (57 
ms)
      ظêأ should handle empty request body 
(2 ms)
    Security Headers
      ظêأ should include security headers (4 
ms)
      ظêأ should enforce HTTPS in production
    Concurrent Requests
      ظêأ should handle multiple 
simultaneous requests (6 ms)
      ظêأ should handle concurrent auth 
requests (6 ms)
    Content-Type Handling
      ظêأ should reject invalid Content-Type 
(6 ms)
      ظêأ should handle application/json (56 
ms)
    Response Format
      ظêأ should return JSON responses (3 ms)
      ظêأ should include status code in 
response (4 ms)
      ظêأ should include success flag in 
error responses (2 ms)
    Authentication Edge Cases
      ظêأ should handle missing 
Authorization header (2 ms)
      ظêأ should handle malformed 
Authorization header (2 ms)
      ظêأ should handle empty Authorization 
header (2 ms)
      ظêأ should reject invalid token format 
(2 ms)
    Request Timeout
      ظêأ should handle slow responses (3 ms)
    Database Connection States
      ظêأ should work with in-memory 
database (3 ms)
      ظêأ should handle empty database 
gracefully (4 ms)
    Request Methods
      ظêأ should handle GET requests (3 ms)
      ظêأ should handle POST requests (58 ms)
      ظêأ should handle PUT requests (3 ms)
      ظêأ should handle DELETE requests (2 
ms)
      ظêأ should handle unsupported methods 
(3 ms)

PASS backend/__tests__/middleware.test.js
  Authentication Middleware
    authenticateToken
      ظêأ should pass valid token (117 ms)
      ظêأ should reject missing token (1 ms)
      ظêأ should reject invalid token (116 
ms)
      ظêأ should reject expired token (216 
ms)
      ظêأ should handle malformed 
authorization header
      ظêأ should set user object on request 
(116 ms)
    requireAdmin
      ظêأ should allow admin users
      ظêأ should deny non-admin users (1 ms)
      ظêأ should deny users without role
      ظêأ should handle null user
    Token extraction
      ظêأ should extract token from Bearer 
scheme (102 ms)
      ظêأ should ignore whitespace in 
authorization header (1 ms)
      ظêأ should handle multiple spaces in 
Bearer scheme (110 ms)
    Error handling
      ظêأ should handle JWT verification 
errors gracefully (101 ms)
      ظêأ should set correct status for 
different error types (217 ms)

  console.log
    ≡اôإ Auth routes using In-Memory User model

      at Object.log (api/routes/auth.routes.js:9:11)

  console.log
    System: Smart CRM & Engagement Unit - Initialized

      at new log (services/smartCRM.service.js:8:13)

  console.log
    ≡ا» Using in-memory database (development mode)

      at log (config/database.js:14:13)

  console.log
    ≡اôإ Data will be lost when server restarts

      at log (config/database.js:15:13)

  console.log
    ظأآي╕  To use MongoDB Atlas, set USE_MOCK_DB=false in .env

      at log (config/database.js:16:13)

  console.log
    ظ╣ي╕  Using in-memory database - seeding skipped

      at log (server.js:542:15)

(node:25856) [MONGOOSE] Warning: Duplicate 
schema index on {"email":1} found. This is 
often due to declaring an index using both 
"index: true" and "schema.index()". Please 
remove the duplicate index definition.
(node:25856) [MONGOOSE] Warning: Duplicate 
schema index on {"beneficiary_id":1} found. 
This is often due to declaring an index 
using both "index: true" and 
"schema.index()". Please remove the 
duplicate index definition.
(node:25856) [MONGOOSE] Warning: Duplicate 
schema index on {"beneficiary_id":1} found. 
This is often due to declaring an index 
using both "index: true" and 
"schema.index()". Please remove the 
duplicate index definition.
(node:25856) [MONGOOSE] Warning: Duplicate 
schema index on {"program_code":1} found. 
This is often due to declaring an index 
using both "index: true" and 
"schema.index()". Please remove the 
duplicate index definition.
(node:25856) [MONGOOSE] Warning: Duplicate 
schema index on {"owner.nationalId":1} 
found. This is often due to declaring an 
index using both "index: true" and 
"schema.index()". Please remove the 
duplicate index definition.
(node:25856) [MONGOOSE] Warning: Duplicate 
schema index on 
{"registration.expiryDate":1} found. This is 
often due to declaring an index using both 
"index: true" and "schema.index()". Please 
remove the duplicate index definition.
(node:25856) [MONGOOSE] Warning: Duplicate 
schema index on {"insurance.expiryDate":1} 
found. This is often due to declaring an 
index using both "index: true" and 
"schema.index()". Please remove the 
duplicate index definition.
(node:25856) [MONGOOSE] Warning: Duplicate 
schema index on 
{"inspection.nextInspectionDate":1} found. 
This is often due to declaring an index 
using both "index: true" and 
"schema.index()". Please remove the 
duplicate index definition.
  console.log
    ≡ا¤ْ [SECURITY] 2026-01-16T09:38:28.078Z - USER_REGISTERED {
      userId: undefined,
      email: 'test@example.com',
      ip: '::ffff:127.0.0.1'
    }

      at log (utils/security.js:83:11)

[0mPOST /api/auth/register [32m201[0m 66.509 ms - 351[0m
  console.log
    ≡ا¤ْ [SECURITY] 2026-01-16T09:38:28.136Z - USER_REGISTERED {
      userId: undefined,
      email: 'duplicate@example.com',
      ip: '::ffff:127.0.0.1'
    }

      at log (utils/security.js:83:11)

[0mPOST /api/auth/register [32m201[0m 53.419 ms - 361[0m
  console.log
    ≡ا¤ْ [SECURITY] 2026-01-16T09:38:28.139Z - REGISTRATION_ATTEMPT_EXISTING_EMAIL { email: 'duplicate@example.com', ip: '::ffff:127.0.0.1' }

      at log (utils/security.js:83:11)

[0mPOST /api/auth/register [33m400[0m 0.587 ms - 54[0m
[0mPOST /api/auth/register [33m400[0m 0.196 ms - 47[0m
  console.log
    ≡ا¤ْ [SECURITY] 2026-01-16T09:38:28.197Z - USER_REGISTERED {
      userId: undefined,
      email: 'login@example.com',
      ip: '::ffff:127.0.0.1'
    }

      at log (utils/security.js:83:11)

[0mPOST /api/auth/register [32m201[0m 55.931 ms - 354[0m
  console.log
    ظ£à User found: login@example.com

      at log (api/routes/auth.routes.js:120:13)

  console.log
       Has password field: true

      at log (api/routes/auth.routes.js:121:13)

  console.log
       Password length: 60

      at log (api/routes/auth.routes.js:122:13)

  console.log
       Password valid: true

      at log (api/routes/auth.routes.js:126:13)

  console.log
    ≡ا¤ْ [SECURITY] 2026-01-16T09:38:28.255Z - LOGIN_SUCCESS { email: 'login@example.com', ip: '::ffff:127.0.0.1' }

      at log (utils/security.js:83:11)

[0mPOST /api/auth/login [32m200[0m 53.905 ms - 347[0m
  console.error
    ظإî Login failed: User not found for email: nonexistent@example.com

    [0m [90m 111 |[39m     [36mconst[39m user [33m=[39m [36mawait[39m [33mUser[39m[33m.[39mfindOne({ email })[33m;[39m
     [90m 112 |[39m     [36mif[39m ([33m![39muser) {
    [31m[1m>[22m[39m[90m 113 |[39m       console[33m.[39merror([32m'ظإî Login failed: User not found for email:'[39m[33m,[39m email)[33m;[39m
     [90m     |[39m               [31m[1m^[22m[39m
     [90m 114 |[39m       [36mreturn[39m res[33m.[39mstatus([35m401[39m)[33m.[39mjson({
     [90m 115 |[39m         success[33m:[39m [36mfalse[39m[33m,[39m
     [90m 116 |[39m         message[33m:[39m [32m'Invalid email or password'[39m[33m,[39m[0m

      at error (api/routes/auth.routes.js:113:15)

[0mPOST /api/auth/login [33m401[0m 1.397 ms - 55[0m
  console.log
    ظ£à User found: login@example.com

      at log (api/routes/auth.routes.js:120:13)

  console.log
       Has password field: true

      at log (api/routes/auth.routes.js:121:13)

  console.log
       Password length: 60

      at log (api/routes/auth.routes.js:122:13)

  console.log
       Password valid: false

      at log (api/routes/auth.routes.js:126:13)

  console.error
    ظإî Login failed: Invalid password for email: login@example.com

    [0m [90m 127 |[39m
     [90m 128 |[39m     [36mif[39m ([33m![39misPasswordValid) {
    [31m[1m>[22m[39m[90m 129 |[39m       console[33m.[39merror([32m'ظإî Login failed: Invalid password for email:'[39m[33m,[39m email)[33m;[39m
     [90m     |[39m               [31m[1m^[22m[39m
     [90m 130 |[39m       logSecurityEvent([32m'FAILED_LOGIN'[39m[33m,[39m {
     [90m 131 |[39m         email[33m,[39m
     [90m 132 |[39m         ip[33m:[39m getClientIP(req)[33m,[39m[0m

      at error (api/routes/auth.routes.js:129:15)

  console.log
    ≡ا¤ْ [SECURITY] 2026-01-16T09:38:28.315Z - FAILED_LOGIN { email: 'login@example.com', ip: '::ffff:127.0.0.1' }

      at log (utils/security.js:83:11)

[0mPOST /api/auth/login [33m401[0m 54.882 ms - 55[0m
  console.log
    ≡ا¤ْ [SECURITY] 2026-01-16T09:38:28.371Z - USER_REGISTERED {
      userId: undefined,
      email: 'logout@example.com',
      ip: '::ffff:127.0.0.1'
    }

      at log (utils/security.js:83:11)

[0mPOST /api/auth/register [32m201[0m 53.191 ms - 357[0m
  console.log
    ≡ا¤ْ [SECURITY] 2026-01-16T09:38:28.374Z - USER_LOGOUT { userId: undefined, ip: '::ffff:127.0.0.1' }

      at log (utils/security.js:83:11)

[0mPOST /api/auth/logout [32m200[0m 1.041 ms - 46[0m
PASS backend/__tests__/auth.test.js
  Authentication Routes
    POST /api/auth/register
      ظêأ should register a new user 
successfully (72 ms)
      ظêأ should reject duplicate email (59 
ms)
      ظêأ should require all fields (2 ms)
    POST /api/auth/login
      ظêأ should login successfully with 
correct credentials (114 ms)
      ظêأ should reject invalid email (4 ms)
      ظêأ should reject wrong password (57 
ms)
    POST /api/auth/logout
      ظêأ should logout successfully (59 ms)

  console.log
    ≡اôإ Auth routes using In-Memory User model

      at Object.log (api/routes/auth.routes.js:9:11)

  console.log
    System: Smart CRM & Engagement Unit - Initialized

      at new log (services/smartCRM.service.js:8:13)

  console.log
    ≡ا» Using in-memory database (development mode)

      at log (config/database.js:14:13)

  console.log
    ≡اôإ Data will be lost when server restarts

      at log (config/database.js:15:13)

  console.log
    ظأآي╕  To use MongoDB Atlas, set USE_MOCK_DB=false in .env

      at log (config/database.js:16:13)

  console.log
    ظ╣ي╕  Using in-memory database - seeding skipped

      at log (server.js:542:15)

(node:25856) [MONGOOSE] Warning: Duplicate 
schema index on {"email":1} found. This is 
often due to declaring an index using both 
"index: true" and "schema.index()". Please 
remove the duplicate index definition.
(node:25856) [MONGOOSE] Warning: Duplicate 
schema index on {"beneficiary_id":1} found. 
This is often due to declaring an index 
using both "index: true" and 
"schema.index()". Please remove the 
duplicate index definition.
(node:25856) [MONGOOSE] Warning: Duplicate 
schema index on {"beneficiary_id":1} found. 
This is often due to declaring an index 
using both "index: true" and 
"schema.index()". Please remove the 
duplicate index definition.
(node:25856) [MONGOOSE] Warning: Duplicate 
schema index on {"program_code":1} found. 
This is often due to declaring an index 
using both "index: true" and 
"schema.index()". Please remove the 
duplicate index definition.
(node:25856) [MONGOOSE] Warning: Duplicate 
schema index on {"owner.nationalId":1} 
found. This is often due to declaring an 
index using both "index: true" and 
"schema.index()". Please remove the 
duplicate index definition.
(node:25856) [MONGOOSE] Warning: Duplicate 
schema index on 
{"registration.expiryDate":1} found. This is 
often due to declaring an index using both 
"index: true" and "schema.index()". Please 
remove the duplicate index definition.
(node:25856) [MONGOOSE] Warning: Duplicate 
schema index on {"insurance.expiryDate":1} 
found. This is often due to declaring an 
index using both "index: true" and 
"schema.index()". Please remove the 
duplicate index definition.
(node:25856) [MONGOOSE] Warning: Duplicate 
schema index on 
{"inspection.nextInspectionDate":1} found. 
This is often due to declaring an index 
using both "index: true" and 
"schema.index()". Please remove the 
duplicate index definition.
[0mGET /api/users [32m200[0m 0.634 ms - 384[0m
[0mGET /api/users [32m200[0m 0.451 ms - 384[0m
[0mGET /api/users [33m403[0m 0.332 ms - 51[0m
[0mGET /api/users [33m401[0m 0.198 ms - 54[0m
[0mGET /api/users/user-1 [32m200[0m 0.494 ms - 202[0m
[0mGET /api/users/non-existent [33m404[0m 0.322 ms - 44[0m
[0mGET /api/users/user-1 [32m200[0m 0.305 ms - 202[0m
[0mGET /api/users/user-1 [33m403[0m 0.473 ms - 51[0m
  console.log
    ≡ا¤ْ [SECURITY] 2026-01-16T09:38:29.009Z - USER_CREATED_BY_ADMIN {
      adminId: 'admin-1',
      newUserId: '1',
      email: 'newuser@example.com',
      ip: '::ffff:127.0.0.1'
    }

      at log (utils/security.js:83:11)

[0mPOST /api/users [32m201[0m 59.128 ms - 178[0m
[0mPOST /api/users [33m400[0m 0.478 ms - 54[0m
[0mPOST /api/users [33m403[0m 0.480 ms - 51[0m
  console.error
    Create user error: Error: Illegal arguments: undefined, string
        at _async (C:\Users\x-be\OneDrive\╪د┘┘à╪│╪ز┘╪»╪د╪ز\04-10-2025\66666\backend\node_modules\bcryptjs\umd\index.js:233:15)
        at C:\Users\x-be\OneDrive\╪د┘┘à╪│╪ز┘╪»╪د╪ز\04-10-2025\66666\backend\node_modules\bcryptjs\umd\index.js:245:11
        at new Promise (<anonymous>)
        at Object.hash (C:\Users\x-be\OneDrive\╪د┘┘à╪│╪ز┘╪»╪د╪ز\04-10-2025\66666\backend\node_modules\bcryptjs\umd\index.js:244:16)
        at hash (C:\Users\x-be\OneDrive\╪د┘┘à╪│╪ز┘╪»╪د╪ز\04-10-2025\66666\backend\api\routes\users.routes.js:118:41)

    [0m [90m 144 |[39m     })[33m;[39m
     [90m 145 |[39m   } [36mcatch[39m (error) {
    [31m[1m>[22m[39m[90m 146 |[39m     console[33m.[39merror([32m'Create user error:'[39m[33m,[39m error)[33m;[39m
     [90m     |[39m             [31m[1m^[22m[39m
     [90m 147 |[39m     [36mreturn[39m res[33m.[39mstatus([35m500[39m)[33m.[39mjson({
     [90m 148 |[39m       success[33m:[39m [36mfalse[39m[33m,[39m
     [90m 149 |[39m       message[33m:[39m [32m'Failed to create user'[39m[33m,[39m[0m

      at error (api/routes/users.routes.js:146:13)

[0mPOST /api/users [31m500[0m 2.753 ms - 51[0m
  console.log
    ≡ا¤ْ [SECURITY] 2026-01-16T09:38:29.031Z - USER_UPDATED_BY_ADMIN { adminId: 'admin-1', updatedUserId: 'user-1', ip: '::ffff:127.0.0.1' }

      at log (utils/security.js:83:11)

[0mPUT /api/users/user-1 [32m200[0m 1.193 ms - 146[0m
[0mPUT /api/users/non-existent [33m404[0m 0.362 ms - 44[0m
[0mPUT /api/users/user-1 [33m403[0m 0.306 ms - 51[0m
  console.log
    ≡ا¤ْ [SECURITY] 2026-01-16T09:38:29.041Z - USER_DELETED_BY_ADMIN {
      adminId: 'admin-1',
      deletedUserId: 'user-1',
      deletedUserEmail: 'user@example.com',
      ip: '::ffff:127.0.0.1'
    }

      at log (utils/security.js:83:11)

[0mDELETE /api/users/user-1 [32m200[0m 0.810 ms - 54[0m
[0mDELETE /api/users/non-existent [33m404[0m 0.306 ms - 44[0m
[0mDELETE /api/users/user-1 [33m403[0m 0.618 ms - 51[0m
[0mGET /api/users/user-1/profile [33m404[0m 0.316 ms - 141[0m
[0mPUT /api/users/user-1/profile [33m404[0m 0.250 ms - 141[0m
[0mGET /api/users [33m403[0m 0.265 ms - 50[0m
[0mGET /api/users [33m401[0m 0.491 ms - 69[0m
[0mGET /api/users [33m401[0m 0.213 ms - 54[0m
PASS backend/__tests__/users.test.js
  User Management Routes
    GET /api/users
      ظêأ should return all users for admin 
(4 ms)
      ظêأ should not return passwords in 
user list (4 ms)
      ظêأ should deny access to non-admin 
users (2 ms)
      ظêأ should require authentication (2 
ms)
    GET /api/users/:id
      ظêأ should return user by ID for admin 
(3 ms)
      ظêأ should return 404 for non-existent 
user (2 ms)
      ظêأ should not include password in 
response (2 ms)
      ظêأ should deny access to non-admin 
users (3 ms)
    POST /api/users
      ظêأ should create new user for admin 
(64 ms)
      ظêأ should reject duplicate email (7 
ms)
      ظêأ should deny access to non-admin 
users (4 ms)
      ظêأ should require all fields (6 ms)
    PUT /api/users/:id
      ظêأ should update user for admin (4 ms)
      ظêأ should return 404 for non-existent 
user (3 ms)
      ظêأ should deny access to non-admin 
users (3 ms)
    DELETE /api/users/:id
      ظêأ should delete user for admin (3 ms)
      ظêأ should return 404 for non-existent 
user (2 ms)
      ظêأ should deny access to non-admin 
users (3 ms)
    GET /api/users/:id/profile
      ظêأ should allow users to get their 
own profile (2 ms)
    PUT /api/users/:id/profile
      ظêأ should allow users to update their 
own profile (2 ms)
    Error Handling
      ظêأ should handle invalid token (3 ms)
      ظêأ should handle expired token (111 
ms)
      ظêأ should handle malformed 
authorization header (3 ms)

  console.log
    ≡اôإ Auth routes using In-Memory User model

      at Object.log (api/routes/auth.routes.js:9:11)

  console.log
    System: Smart CRM & Engagement Unit - Initialized

      at new log (services/smartCRM.service.js:8:13)

  console.log
    ≡ا» Using in-memory database (development mode)

      at log (config/database.js:14:13)

  console.log
    ≡اôإ Data will be lost when server restarts

      at log (config/database.js:15:13)

  console.log
    ظأآي╕  To use MongoDB Atlas, set USE_MOCK_DB=false in .env

      at log (config/database.js:16:13)

  console.log
    ظ╣ي╕  Using in-memory database - seeding skipped

      at log (server.js:542:15)

(node:25856) [MONGOOSE] Warning: Duplicate 
schema index on {"email":1} found. This is 
often due to declaring an index using both 
"index: true" and "schema.index()". Please 
remove the duplicate index definition.
(node:25856) [MONGOOSE] Warning: Duplicate 
schema index on {"beneficiary_id":1} found. 
This is often due to declaring an index 
using both "index: true" and 
"schema.index()". Please remove the 
duplicate index definition.
(node:25856) [MONGOOSE] Warning: Duplicate 
schema index on {"beneficiary_id":1} found. 
This is often due to declaring an index 
using both "index: true" and 
"schema.index()". Please remove the 
duplicate index definition.
(node:25856) [MONGOOSE] Warning: Duplicate 
schema index on {"program_code":1} found. 
This is often due to declaring an index 
using both "index: true" and 
"schema.index()". Please remove the 
duplicate index definition.
(node:25856) [MONGOOSE] Warning: Duplicate 
schema index on {"owner.nationalId":1} 
found. This is often due to declaring an 
index using both "index: true" and 
"schema.index()". Please remove the 
duplicate index definition.
(node:25856) [MONGOOSE] Warning: Duplicate 
schema index on 
{"registration.expiryDate":1} found. This is 
often due to declaring an index using both 
"index: true" and "schema.index()". Please 
remove the duplicate index definition.
(node:25856) [MONGOOSE] Warning: Duplicate 
schema index on {"insurance.expiryDate":1} 
found. This is often due to declaring an 
index using both "index: true" and 
"schema.index()". Please remove the 
duplicate index definition.
(node:25856) [MONGOOSE] Warning: Duplicate 
schema index on 
{"inspection.nextInspectionDate":1} found. 
This is often due to declaring an index 
using both "index: true" and 
"schema.index()". Please remove the 
duplicate index definition.
  console.error
    ظإî Login failed: User not found for email: admin@alawael.com

    [0m [90m 111 |[39m     [36mconst[39m user [33m=[39m [36mawait[39m [33mUser[39m[33m.[39mfindOne({ email })[33m;[39m
     [90m 112 |[39m     [36mif[39m ([33m![39muser) {
    [31m[1m>[22m[39m[90m 113 |[39m       console[33m.[39merror([32m'ظإî Login failed: User not found for email:'[39m[33m,[39m email)[33m;[39m
     [90m     |[39m               [31m[1m^[22m[39m
     [90m 114 |[39m       [36mreturn[39m res[33m.[39mstatus([35m401[39m)[33m.[39mjson({
     [90m 115 |[39m         success[33m:[39m [36mfalse[39m[33m,[39m
     [90m 116 |[39m         message[33m:[39m [32m'Invalid email or password'[39m[33m,[39m[0m

      at error (api/routes/auth.routes.js:113:15)

[0mPOST /api/auth/login [33m401[0m 1.749 ms - 55[0m
PASS backend/tests/users.test.js
  GET /api/users
    ظêأ should handle users list request 
(gracefully fail without auth in test mode) 
(10 ms)

  console.log
    ≡اôإ Auth routes using In-Memory User model

      at Object.log (api/routes/auth.routes.js:9:11)

  console.log
    System: Smart CRM & Engagement Unit - Initialized

      at new log (services/smartCRM.service.js:8:13)

  console.log
    ≡ا» Using in-memory database (development mode)

      at log (config/database.js:14:13)

  console.log
    ≡اôإ Data will be lost when server restarts

      at log (config/database.js:15:13)

  console.log
    ظأآي╕  To use MongoDB Atlas, set USE_MOCK_DB=false in .env

      at log (config/database.js:16:13)

  console.log
    ظ╣ي╕  Using in-memory database - seeding skipped

      at log (server.js:542:15)

(node:25856) [MONGOOSE] Warning: Duplicate 
schema index on {"email":1} found. This is 
often due to declaring an index using both 
"index: true" and "schema.index()". Please 
remove the duplicate index definition.
(node:25856) [MONGOOSE] Warning: Duplicate 
schema index on {"beneficiary_id":1} found. 
This is often due to declaring an index 
using both "index: true" and 
"schema.index()". Please remove the 
duplicate index definition.
(node:25856) [MONGOOSE] Warning: Duplicate 
schema index on {"beneficiary_id":1} found. 
This is often due to declaring an index 
using both "index: true" and 
"schema.index()". Please remove the 
duplicate index definition.
(node:25856) [MONGOOSE] Warning: Duplicate 
schema index on {"program_code":1} found. 
This is often due to declaring an index 
using both "index: true" and 
"schema.index()". Please remove the 
duplicate index definition.
(node:25856) [MONGOOSE] Warning: Duplicate 
schema index on {"owner.nationalId":1} 
found. This is often due to declaring an 
index using both "index: true" and 
"schema.index()". Please remove the 
duplicate index definition.
(node:25856) [MONGOOSE] Warning: Duplicate 
schema index on 
{"registration.expiryDate":1} found. This is 
often due to declaring an index using both 
"index: true" and "schema.index()". Please 
remove the duplicate index definition.
(node:25856) [MONGOOSE] Warning: Duplicate 
schema index on {"insurance.expiryDate":1} 
found. This is often due to declaring an 
index using both "index: true" and 
"schema.index()". Please remove the 
duplicate index definition.
(node:25856) [MONGOOSE] Warning: Duplicate 
schema index on 
{"inspection.nextInspectionDate":1} found. 
This is often due to declaring an index 
using both "index: true" and 
"schema.index()". Please remove the 
duplicate index definition.
  console.log
    [INFO] Retrieved 0 employees

      at Object.log [as info] (utils/logger.js:6:13)

[0mGET /api/hr/employees [32m200[0m 2.111 ms - 112[0m
[0mGET /api/hr/employees [33m401[0m 0.275 ms - 54[0m
[0mPOST /api/hr/employees [33m400[0m 0.681 ms - 104[0m
[0mGET /api/hr/employees/123 [33m404[0m 0.759 ms - 60[0m
[0mPUT /api/hr/employees/123 [33m404[0m 0.542 ms - 60[0m
[0mDELETE /api/hr/employees/123 [33m404[0m 0.426 ms - 60[0m
[0mGET /api/hr/attendance [33m404[0m 0.591 ms - 134[0m
[0mPOST /api/hr/attendance [33m404[0m 0.474 ms - 135[0m
[0mGET /api/hr/leaves [33m404[0m 0.350 ms - 130[0m
[0mPOST /api/hr/leaves [33m404[0m 0.328 ms - 131[0m
[0mGET /api/finance/budgets [33m404[0m 0.692 ms - 136[0m
[0mPOST /api/finance/expenses [32m201[0m 4.811 ms - 223[0m
[0mGET /api/finance/reports [33m404[0m 0.609 ms - 136[0m
[0mGET /api/notifications [32m200[0m 0.905 ms - 65[0m
