[1m
ظـ¤ظـظـظـظـظـظـظـظـظـظـظـظـظـظـظـظـظـظـظـظـظـظـظـظـظـظـظـظـظـظـظـظـظـظـظـظـظـظـظـظـظـظـظـظـظـظـظـظـظـظـظـظـظـظـظـظـظـظـظـظـù[0m
[1mظـّ       ≡اô ╪د╪«╪ز╪ذ╪د╪▒ ╪┤╪د┘à┘ ┘┘╪╕╪د┘à ╪ح╪»╪د╪▒╪ر ╪د┘┘à╪│╪ز┘╪»╪د╪ز           ظـّ[0m
[1mظـأظـظـظـظـظـظـظـظـظـظـظـظـظـظـظـظـظـظـظـظـظـظـظـظـظـظـظـظـظـظـظـظـظـظـظـظـظـظـظـظـظـظـظـظـظـظـظـظـظـظـظـظـظـظـظـظـظـظـظـظـإ[0m
[36m
ظ¤ظ¤ظ¤ظ¤ظ¤ظ¤ظ¤ظ¤ظ¤ظ¤ظ¤ظ¤ظ¤ظ¤ظ¤ظ¤ظ¤ظ¤ظ¤ظ¤ظ¤ظ¤ظ¤ظ¤ظ¤ظ¤ظ¤ظ¤ظ¤ظ¤ظ¤ظ¤ظ¤ظ¤ظ¤ظ¤ظ¤ظ¤ظ¤ظ¤[0m
[1m≡ادز ╪د╪«╪ز╪ذ╪د╪▒: ╪ز╪│╪ش┘è┘ ╪د┘╪»╪«┘ê┘[0m
[36mظ¤ظ¤ظ¤ظ¤ظ¤ظ¤ظ¤ظ¤ظ¤ظ¤ظ¤ظ¤ظ¤ظ¤ظ¤ظ¤ظ¤ظ¤ظ¤ظ¤ظ¤ظ¤ظ¤ظ¤ظ¤ظ¤ظ¤ظ¤ظ¤ظ¤ظ¤ظ¤ظ¤ظ¤ظ¤ظ¤ظ¤ظ¤ظ¤ظ¤[0m
[32mظ£à ╪ز┘à ╪ز╪│╪ش┘è┘ ╪د┘╪»╪«┘ê┘ ╪ذ┘╪ش╪د╪ص[0m
[34mظ╣ي╕  Token: eyJhbGciOiJIUzI1NiIs...[0m
[36m
ظ¤ظ¤ظ¤ظ¤ظ¤ظ¤ظ¤ظ¤ظ¤ظ¤ظ¤ظ¤ظ¤ظ¤ظ¤ظ¤ظ¤ظ¤ظ¤ظ¤ظ¤ظ¤ظ¤ظ¤ظ¤ظ¤ظ¤ظ¤ظ¤ظ¤ظ¤ظ¤ظ¤ظ¤ظ¤ظ¤ظ¤ظ¤ظ¤ظ¤[0m
[1m≡ادز ╪د╪«╪ز╪ذ╪د╪▒: ┘┘ê╪ص╪ر ╪ز╪ص┘â┘à ╪د┘┘à╪│╪ز┘╪»╪د╪ز[0m
[36mظ¤ظ¤ظ¤ظ¤ظ¤ظ¤ظ¤ظ¤ظ¤ظ¤ظ¤ظ¤ظ¤ظ¤ظ¤ظ¤ظ¤ظ¤ظ¤ظ¤ظ¤ظ¤ظ¤ظ¤ظ¤ظ¤ظ¤ظ¤ظ¤ظ¤ظ¤ظ¤ظ¤ظ¤ظ¤ظ¤ظ¤ظ¤ظ¤ظ¤[0m
[32mظ£à ╪ز┘à ╪ش┘╪ذ ╪ذ┘è╪د┘╪د╪ز ┘┘ê╪ص╪ر ╪د┘╪ز╪ص┘â┘à[0m
[34mظ╣ي╕  ╪ح╪ش┘à╪د┘┘è ╪د┘┘à╪│╪ز┘╪»╪د╪ز: 10[0m
[34mظ╣ي╕  ┘à╪╣╪ز┘à╪»: 2 | ┘é┘è╪» ╪د┘┘à╪▒╪د╪ش╪╣╪ر: 6 | ┘à╪▒┘┘ê╪╢: undefined[0m
[34mظ╣ي╕  ╪╣╪»╪» ╪د┘╪ز╪╡┘┘è┘╪د╪ز: 6[0m
[34mظ╣ي╕  ╪د┘┘à╪│╪ز┘╪»╪د╪ز ╪د┘╪ث╪«┘è╪▒╪ر: 5[0m
[36m
ظ¤ظ¤ظ¤ظ¤ظ¤ظ¤ظ¤ظ¤ظ¤ظ¤ظ¤ظ¤ظ¤ظ¤ظ¤ظ¤ظ¤ظ¤ظ¤ظ¤ظ¤ظ¤ظ¤ظ¤ظ¤ظ¤ظ¤ظ¤ظ¤ظ¤ظ¤ظ¤ظ¤ظ¤ظ¤ظ¤ظ¤ظ¤ظ¤ظ¤[0m
[1m≡ادز ╪د╪«╪ز╪ذ╪د╪▒: ╪ش┘╪ذ ╪ش┘à┘è╪╣ ╪د┘┘à╪│╪ز┘╪»╪د╪ز[0m
[36mظ¤ظ¤ظ¤ظ¤ظ¤ظ¤ظ¤ظ¤ظ¤ظ¤ظ¤ظ¤ظ¤ظ¤ظ¤ظ¤ظ¤ظ¤ظ¤ظ¤ظ¤ظ¤ظ¤ظ¤ظ¤ظ¤ظ¤ظ¤ظ¤ظ¤ظ¤ظ¤ظ¤ظ¤ظ¤ظ¤ظ¤ظ¤ظ¤ظ¤[0m
[32mظ£à ╪ز┘à ╪ش┘╪ذ ╪د┘┘à╪│╪ز┘╪»╪د╪ز[0m
[34mظ╣ي╕  ╪╣╪»╪» ╪د┘┘à╪│╪ز┘╪»╪د╪ز: 10 ┘à┘ undefined[0m
[34mظ╣ي╕  ╪د┘╪╡┘╪ص╪ر: undefined | ╪د┘╪ص╪»: undefined[0m
[34mظ╣ي╕  ╪ث┘ê┘ ┘à╪│╪ز┘╪»: ┘à╪│╪ز┘╪» ╪د╪«╪ز╪ذ╪د╪▒[0m
[36m
ظ¤ظ¤ظ¤ظ¤ظ¤ظ¤ظ¤ظ¤ظ¤ظ¤ظ¤ظ¤ظ¤ظ¤ظ¤ظ¤ظ¤ظ¤ظ¤ظ¤ظ¤ظ¤ظ¤ظ¤ظ¤ظ¤ظ¤ظ¤ظ¤ظ¤ظ¤ظ¤ظ¤ظ¤ظ¤ظ¤ظ¤ظ¤ظ¤ظ¤[0m
[1m≡ادز ╪د╪«╪ز╪ذ╪د╪▒: ╪ش┘╪ذ ╪د┘╪ز╪╡┘┘è┘╪د╪ز[0m
[36mظ¤ظ¤ظ¤ظ¤ظ¤ظ¤ظ¤ظ¤ظ¤ظ¤ظ¤ظ¤ظ¤ظ¤ظ¤ظ¤ظ¤ظ¤ظ¤ظ¤ظ¤ظ¤ظ¤ظ¤ظ¤ظ¤ظ¤ظ¤ظ¤ظ¤ظ¤ظ¤ظ¤ظ¤ظ¤ظ¤ظ¤ظ¤ظ¤ظ¤[0m
[32mظ£à ╪ز┘à ╪ش┘╪ذ ╪د┘╪ز╪╡┘┘è┘╪د╪ز[0m
[34mظ╣ي╕  ╪╣╪»╪» ╪د┘╪ز╪╡┘┘è┘╪د╪ز: 6[0m
[34mظ╣ي╕  1. ≡اôإ ╪د┘╪╣┘é┘ê╪» (15 ┘à╪│╪ز┘╪»)[0m
[34mظ╣ي╕  2. ≡اْ░ ╪د┘┘┘ê╪د╪ز┘è╪▒ (42 ┘à╪│╪ز┘╪»)[0m
[34mظ╣ي╕  3. ≡اôè ╪د┘╪ز┘é╪د╪▒┘è╪▒ (28 ┘à╪│╪ز┘╪»)[0m
[34mظ╣ي╕  4. ≡ا ╪د┘╪┤┘ç╪د╪»╪د╪ز (12 ┘à╪│╪ز┘╪»)[0m
[34mظ╣ي╕  5. ≡اôï ╪د┘╪│┘è╪د╪│╪د╪ز (8 ┘à╪│╪ز┘╪»)[0m
[34mظ╣ي╕  6. ظ£ëي╕ ╪د┘┘à╪▒╪د╪│┘╪د╪ز (35 ┘à╪│╪ز┘╪»)[0m
[36m
ظ¤ظ¤ظ¤ظ¤ظ¤ظ¤ظ¤ظ¤ظ¤ظ¤ظ¤ظ¤ظ¤ظ¤ظ¤ظ¤ظ¤ظ¤ظ¤ظ¤ظ¤ظ¤ظ¤ظ¤ظ¤ظ¤ظ¤ظ¤ظ¤ظ¤ظ¤ظ¤ظ¤ظ¤ظ¤ظ¤ظ¤ظ¤ظ¤ظ¤[0m
[1m≡ادز ╪د╪«╪ز╪ذ╪د╪▒: ╪ش┘╪ذ ╪د┘┘é┘ê╪د┘╪ذ[0m
[36mظ¤ظ¤ظ¤ظ¤ظ¤ظ¤ظ¤ظ¤ظ¤ظ¤ظ¤ظ¤ظ¤ظ¤ظ¤ظ¤ظ¤ظ¤ظ¤ظ¤ظ¤ظ¤ظ¤ظ¤ظ¤ظ¤ظ¤ظ¤ظ¤ظ¤ظ¤ظ¤ظ¤ظ¤ظ¤ظ¤ظ¤ظ¤ظ¤ظ¤[0m
[32mظ£à ╪ز┘à ╪ش┘╪ذ ╪د┘┘é┘ê╪د┘╪ذ[0m
[34mظ╣ي╕  ╪╣╪»╪» ╪د┘┘é┘ê╪د┘╪ذ: 2[0m
[34mظ╣ي╕  1. ┘é╪د┘╪ذ ╪╣┘é╪» ╪╣┘à┘ - undefined[0m
[34mظ╣ي╕  2. ┘é╪د┘╪ذ ┘╪د╪ز┘ê╪▒╪ر - undefined[0m
[36m
ظ¤ظ¤ظ¤ظ¤ظ¤ظ¤ظ¤ظ¤ظ¤ظ¤ظ¤ظ¤ظ¤ظ¤ظ¤ظ¤ظ¤ظ¤ظ¤ظ¤ظ¤ظ¤ظ¤ظ¤ظ¤ظ¤ظ¤ظ¤ظ¤ظ¤ظ¤ظ¤ظ¤ظ¤ظ¤ظ¤ظ¤ظ¤ظ¤ظ¤[0m
[1m≡ادز ╪د╪«╪ز╪ذ╪د╪▒: ╪د┘╪ذ╪ص╪س ┘┘è ╪د┘┘à╪│╪ز┘╪»╪د╪ز[0m
[36mظ¤ظ¤ظ¤ظ¤ظ¤ظ¤ظ¤ظ¤ظ¤ظ¤ظ¤ظ¤ظ¤ظ¤ظ¤ظ¤ظ¤ظ¤ظ¤ظ¤ظ¤ظ¤ظ¤ظ¤ظ¤ظ¤ظ¤ظ¤ظ¤ظ¤ظ¤ظ¤ظ¤ظ¤ظ¤ظ¤ظ¤ظ¤ظ¤ظ¤[0m
[32mظ£à ╪ز┘à ╪د┘╪ذ╪ص╪س ╪ذ┘╪ش╪د╪ص[0m
[34mظ╣ي╕  ╪╣╪»╪» ╪د┘┘╪ز╪د╪خ╪ش: 1[0m
[34mظ╣ي╕  ╪ث┘ê┘ ┘╪ز┘è╪ش╪ر: ╪╣┘é╪» ╪ز╪╣╪د┘ê┘ ┘à╪┤╪ز╪▒┘â[0m
[36m
ظ¤ظ¤ظ¤ظ¤ظ¤ظ¤ظ¤ظ¤ظ¤ظ¤ظ¤ظ¤ظ¤ظ¤ظ¤ظ¤ظ¤ظ¤ظ¤ظ¤ظ¤ظ¤ظ¤ظ¤ظ¤ظ¤ظ¤ظ¤ظ¤ظ¤ظ¤ظ¤ظ¤ظ¤ظ¤ظ¤ظ¤ظ¤ظ¤ظ¤[0m
[1m≡ادز ╪د╪«╪ز╪ذ╪د╪▒: ╪ز╪╡┘┘è╪ر ╪ص╪│╪ذ ╪د┘╪ز╪╡┘┘è┘[0m
[36mظ¤ظ¤ظ¤ظ¤ظ¤ظ¤ظ¤ظ¤ظ¤ظ¤ظ¤ظ¤ظ¤ظ¤ظ¤ظ¤ظ¤ظ¤ظ¤ظ¤ظ¤ظ¤ظ¤ظ¤ظ¤ظ¤ظ¤ظ¤ظ¤ظ¤ظ¤ظ¤ظ¤ظ¤ظ¤ظ¤ظ¤ظ¤ظ¤ظ¤[0m
[32mظ£à ╪ز┘à ╪د┘╪ز╪╡┘┘è╪ر ╪ذ┘╪ش╪د╪ص[0m
[34mظ╣ي╕  ╪╣╪»╪» ╪د┘┘à╪│╪ز┘╪»╪د╪ز ╪د┘┘à╪╡┘╪د╪ر: undefined[0m
[36m
ظ¤ظ¤ظ¤ظ¤ظ¤ظ¤ظ¤ظ¤ظ¤ظ¤ظ¤ظ¤ظ¤ظ¤ظ¤ظ¤ظ¤ظ¤ظ¤ظ¤ظ¤ظ¤ظ¤ظ¤ظ¤ظ¤ظ¤ظ¤ظ¤ظ¤ظ¤ظ¤ظ¤ظ¤ظ¤ظ¤ظ¤ظ¤ظ¤ظ¤[0m
[1m≡ادز ╪د╪«╪ز╪ذ╪د╪▒: ╪د┘╪ز╪ص┘┘è┘╪د╪ز ┘ê╪د┘╪ح╪ص╪╡╪د╪خ┘è╪د╪ز[0m
[36mظ¤ظ¤ظ¤ظ¤ظ¤ظ¤ظ¤ظ¤ظ¤ظ¤ظ¤ظ¤ظ¤ظ¤ظ¤ظ¤ظ¤ظ¤ظ¤ظ¤ظ¤ظ¤ظ¤ظ¤ظ¤ظ¤ظ¤ظ¤ظ¤ظ¤ظ¤ظ¤ظ¤ظ¤ظ¤ظ¤ظ¤ظ¤ظ¤ظ¤[0m
[32mظ£à ╪ز┘à ╪ش┘╪ذ ╪د┘╪ز╪ص┘┘è┘╪د╪ز[0m
[34mظ╣ي╕  ╪ح╪ش┘à╪د┘┘è ╪د┘┘à╪│╪ز┘╪»╪د╪ز: 10[0m
[34mظ╣ي╕  ╪ح╪ش┘à╪د┘┘è ╪د┘╪ز╪ص┘à┘è┘╪د╪ز: 93[0m
[34mظ╣ي╕  ╪ح╪ش┘à╪د┘┘è ╪د┘┘à╪┤╪د┘ç╪»╪د╪ز: 260[0m
[34mظ╣ي╕  ╪د┘╪ز╪«╪▓┘è┘ ╪د┘┘à╪│╪ز╪«╪»┘à: 28.27 MB[0m
[34mظ╣ي╕  
╪د┘╪ز┘ê╪▓┘è╪╣ ╪ص╪│╪ذ ╪د┘╪ز╪╡┘┘è┘:[0m
[34mظ╣ي╕    - ╪د┘╪╣┘é┘ê╪»: 15 ┘à╪│╪ز┘╪»[0m
[34mظ╣ي╕    - ╪د┘┘┘ê╪د╪ز┘è╪▒: 42 ┘à╪│╪ز┘╪»[0m
[34mظ╣ي╕    - ╪د┘╪ز┘é╪د╪▒┘è╪▒: 28 ┘à╪│╪ز┘╪»[0m
[34mظ╣ي╕    - ╪د┘╪┤┘ç╪د╪»╪د╪ز: 12 ┘à╪│╪ز┘╪»[0m
[34mظ╣ي╕    - ╪د┘╪│┘è╪د╪│╪د╪ز: 8 ┘à╪│╪ز┘╪»[0m
[34mظ╣ي╕    - ╪د┘┘à╪▒╪د╪│┘╪د╪ز: 35 ┘à╪│╪ز┘╪»[0m
[34mظ╣ي╕  
╪د┘╪ث┘â╪س╪▒ ╪ز╪ص┘à┘è┘╪د┘ï:[0m
[34mظ╣ي╕    1. ╪ز┘é╪▒┘è╪▒ ╪د┘╪ث╪»╪د╪ة ╪د┘╪│┘┘ê┘è 2025 (45 ╪ز╪ص┘à┘è┘)[0m
[34mظ╣ي╕    2. ╪┤┘ç╪د╪»╪ر ISO 9001 (25 ╪ز╪ص┘à┘è┘)[0m
[34mظ╣ي╕    3. ╪╣┘é╪» ╪ز╪╣╪د┘ê┘ ┘à╪┤╪ز╪▒┘â (15 ╪ز╪ص┘à┘è┘)[0m
[36m
ظ¤ظ¤ظ¤ظ¤ظ¤ظ¤ظ¤ظ¤ظ¤ظ¤ظ¤ظ¤ظ¤ظ¤ظ¤ظ¤ظ¤ظ¤ظ¤ظ¤ظ¤ظ¤ظ¤ظ¤ظ¤ظ¤ظ¤ظ¤ظ¤ظ¤ظ¤ظ¤ظ¤ظ¤ظ¤ظ¤ظ¤ظ¤ظ¤ظ¤[0m
[1m≡ادز ╪د╪«╪ز╪ذ╪د╪▒: ╪▒┘╪╣ ┘à╪│╪ز┘╪» ╪ش╪»┘è╪»[0m
[36mظ¤ظ¤ظ¤ظ¤ظ¤ظ¤ظ¤ظ¤ظ¤ظ¤ظ¤ظ¤ظ¤ظ¤ظ¤ظ¤ظ¤ظ¤ظ¤ظ¤ظ¤ظ¤ظ¤ظ¤ظ¤ظ¤ظ¤ظ¤ظ¤ظ¤ظ¤ظ¤ظ¤ظ¤ظ¤ظ¤ظ¤ظ¤ظ¤ظ¤[0m
[32mظ£à ╪ز┘à ╪▒┘╪╣ ╪د┘┘à╪│╪ز┘╪» ╪ذ┘╪ش╪د╪ص[0m
[34mظ╣ي╕  ┘à╪╣╪▒┘ ╪د┘┘à╪│╪ز┘╪»: undefined[0m
[34mظ╣ي╕  ╪د┘╪╣┘┘ê╪د┘: undefined[0m
[1m
ظـ¤ظـظـظـظـظـظـظـظـظـظـظـظـظـظـظـظـظـظـظـظـظـظـظـظـظـظـظـظـظـظـظـظـظـظـظـظـظـظـظـظـظـظـظـظـظـظـظـظـظـظـظـظـظـظـظـظـظـظـظـظـù[0m
[1mظـّ                   ≡اôè ┘╪ز╪د╪خ╪ش ╪د┘╪د╪«╪ز╪ذ╪د╪▒╪د╪ز                    ظـّ[0m
[1mظـأظـظـظـظـظـظـظـظـظـظـظـظـظـظـظـظـظـظـظـظـظـظـظـظـظـظـظـظـظـظـظـظـظـظـظـظـظـظـظـظـظـظـظـظـظـظـظـظـظـظـظـظـظـظـظـظـظـظـظـظـإ[0m
[34m
╪ح╪ش┘à╪د┘┘è ╪د┘╪د╪«╪ز╪ذ╪د╪▒╪د╪ز: 12[0m
[32mظ£à ┘╪ش╪ص: 8[0m
[31mظإî ┘╪┤┘: 4[0m
[36m≡اôê ┘╪│╪ذ╪ر ╪د┘┘╪ش╪د╪ص: 66.7%[0m
[33m
ظأبي╕  ╪ذ╪╣╪╢ ╪د┘╪د╪«╪ز╪ذ╪د╪▒╪د╪ز ┘╪┤┘╪ز. ┘è╪▒╪ش┘ë ┘à╪▒╪د╪ش╪╣╪ر ╪د┘╪ث╪«╪╖╪د╪ة ╪ث╪╣┘╪د┘ç.[0m
[0m[0m
