
> alaweal-center-management-system@2.1.0 test
> jest -c backend/jest.config.js

  console.log
    ظ£à ╪ش┘à┘è╪╣ ╪د┘╪د╪«╪ز╪ذ╪د╪▒╪د╪ز ╪ش╪د┘ç╪▓╪ر ┘┘╪ز╪┤╪║┘è┘

      at Object.log (tests/smartNotifications.test.js:428:9)

node.exe : (node:24688) [MONGOOSE] Warning: Duplicate 
schema index on {"registrationNumber":1} found. This is 
often due to declaring an index using both "index: 
true" and "schema.index()". Please remove the duplicate 
index definition.
At line:1 char:1
+ & "C:\Program Files\nodejs/node.exe" "C:\Program 
Files\nodejs/node_mo ...
+ ~~~~~~~~~~~~~~~~~~~~~~~~~~~~~~~~~~~~~~~~~~~~~~~~~~~~~~
~~~~~~~~~~~~~~~
    + CategoryInfo          : NotSpecified: ((node:2468 
   8) [M...dex definition.:String) [], RemoteException
    + FullyQualifiedErrorId : NativeCommandError
 
(Use `node --trace-warnings ...` to show where the 
warning was created)
(node:24688) [MONGOOSE] Warning: Duplicate schema index 
on {"plateNumber":1} found. This is often due to 
declaring an index using both "index: true" and 
"schema.index()". Please remove the duplicate index 
definition.
(node:24688) [MONGOOSE] Warning: Duplicate schema index 
on {"assignedDriver":1} found. This is often due to 
declaring an index using both "index: true" and 
"schema.index()". Please remove the duplicate index 
definition.
(node:24688) [MONGOOSE] Warning: Duplicate schema index 
on {"personalInfo.nationalId":1} found. This is often 
due to declaring an index using both "index: true" and 
"schema.index()". Please remove the duplicate index 
definition.
(node:24688) [MONGOOSE] Warning: Duplicate schema index 
on {"license.licenseNumber":1} found. This is often due 
to declaring an index using both "index: true" and 
"schema.index()". Please remove the duplicate index 
definition.
  console.log
    ≡اôإ Auth routes using In-Memory User model

      at Object.log (api/routes/auth.routes.js:9:11)

PASS backend/__tests__/middleware.test.js
  Authentication Middleware
    authenticateToken
      ظêأ should pass valid token (122 ms)
      ظêأ should reject missing token (4 ms)
      ظêأ should reject invalid token (107 ms)
      ظêأ should reject expired token (249 ms)
      ظêأ should handle malformed authorization header
      ظêأ should set user object on request (122 ms)
    requireAdmin
      ظêأ should allow admin users (1 ms)
      ظêأ should deny non-admin users (1 ms)
      ظêأ should deny users without role (1 ms)
      ظêأ should handle null user (1 ms)
    Token extraction
      ظêأ should extract token from Bearer scheme (108 
ms)
      ظêأ should ignore whitespace in authorization 
header (1 ms)
      ظêأ should handle multiple spaces in Bearer 
scheme (115 ms)
    Error handling
      ظêأ should handle JWT verification errors 
gracefully (116 ms)
      ظêأ should set correct status for different error 
types (218 ms)

  console.log
    ≡اôإ Auth routes using In-Memory User model

      at Object.log (api/routes/auth.routes.js:9:11)

  console.log
    ≡اôإ Auth routes using In-Memory User model

      at Object.log (api/routes/auth.routes.js:9:11)

PASS backend/__tests__/employee.test.js
  Employee Model
    create
      ظêأ should create a new employee (2 ms)
    findById
      ظêأ should find employee by id (2 ms)
      ظêأ should return null if not found (1 ms)
    findAll
      ظêأ should find all employees (3 ms)
      ظêأ should filter by department (4 ms)
    updateById
      ظêأ should update employee (2 ms)
    deleteById
      ظêأ should delete employee (3 ms)
    getTotalCount
      ظêأ should get total count by status (1 ms)

  console.log
    ≡اôإ Auth routes using In-Memory User model

      at Object.log (api/routes/auth.routes.js:9:11)

  console.log
    ≡اْش ╪ح╪╢╪د┘╪ر ╪▒╪│╪د┘╪ر ╪»╪د╪«┘ ╪د┘╪ز╪╖╪ذ┘è┘é

      at AdvancedMessagingAlertSystem.log [as sendToChannel] (services/advancedMessagingAlertSystem.js:179:17)

  console.log
    ≡اôد ╪ح╪▒╪│╪د┘ ╪ذ╪▒┘è╪» ╪ح┘┘ë user_123: ╪│┘è╪▒ ╪╣┘à┘ ╪ش╪»┘è╪»: ╪╖┘╪ذ ╪ح╪ش╪د╪▓╪ر

      at AdvancedMessagingAlertSystem.log [as sendToChannel] (services/advancedMessagingAlertSystem.js:167:17)

  console.log
    ≡اôد ╪ح╪▒╪│╪د┘ ╪ذ╪▒┘è╪» ╪ح┘┘ë manager@example.com: ≡ا¤┤ ┘┘ê╪▒┘è: Performance Drop Alert

      at AdvancedMessagingAlertSystem.log [as sendToChannel] (services/advancedMessagingAlertSystem.js:167:17)

  console.log
    ≡ا¤¤ ╪ح╪▒╪│╪د┘ ╪ح╪┤╪╣╪د╪▒ ┘┘ê╪▒┘è ╪ح┘┘ë manager@example.com

      at AdvancedMessagingAlertSystem.log [as sendToChannel] (services/advancedMessagingAlertSystem.js:175:17)

  console.log
    ≡اْش ╪ح╪╢╪د┘╪ر ╪▒╪│╪د┘╪ر ╪»╪د╪«┘ ╪د┘╪ز╪╖╪ذ┘è┘é

      at AdvancedMessagingAlertSystem.log [as sendToChannel] (services/advancedMessagingAlertSystem.js:179:17)

  console.log
    ≡اْش ╪ح╪╢╪د┘╪ر ╪▒╪│╪د┘╪ر ╪»╪د╪«┘ ╪د┘╪ز╪╖╪ذ┘è┘é

      at AdvancedMessagingAlertSystem.log [as sendToChannel] (services/advancedMessagingAlertSystem.js:179:17)

  console.log
    ≡اôد ╪ح╪▒╪│╪د┘ ╪ذ╪▒┘è╪» ╪ح┘┘ë user_123: ┘à┘ê╪د┘┘é╪ر ┘à╪╖┘┘ê╪ذ╪ر: ╪╖┘╪ذ ╪ح╪ش╪د╪▓╪ر

      at AdvancedMessagingAlertSystem.log [as sendToChannel] (services/advancedMessagingAlertSystem.js:167:17)

  console.log
    ≡اôإ Auth routes using In-Memory User model

      at Object.log (api/routes/auth.routes.js:9:11)

  console.log
    ≡ا» Using in-memory database (development mode)

      at log (config/database.js:14:13)

  console.log
    ≡اôإ Data will be lost when server restarts

      at log (config/database.js:15:13)

  console.log
    ظأآي╕  To use MongoDB Atlas, set USE_MOCK_DB=false in .env

      at log (config/database.js:16:13)

  console.log
    ظ╣ي╕  Using in-memory database - seeding skipped

      at log (server.js:346:15)

(node:25076) [MONGOOSE] Warning: Duplicate schema index 
on {"email":1} found. This is often due to declaring an 
index using both "index: true" and "schema.index()". 
Please remove the duplicate index definition.
(Use `node --trace-warnings ...` to show where the 
warning was created)
(node:25076) [MONGOOSE] Warning: Duplicate schema index 
on {"beneficiary_id":1} found. This is often due to 
declaring an index using both "index: true" and 
"schema.index()". Please remove the duplicate index 
definition.
(node:25076) [MONGOOSE] Warning: Duplicate schema index 
on {"beneficiary_id":1} found. This is often due to 
declaring an index using both "index: true" and 
"schema.index()". Please remove the duplicate index 
definition.
(node:25076) [MONGOOSE] Warning: Duplicate schema index 
on {"program_code":1} found. This is often due to 
declaring an index using both "index: true" and 
"schema.index()". Please remove the duplicate index 
definition.
  console.log
    ≡ا» Using in-memory database (development mode)

      at log (config/database.js:14:13)

  console.log
    ≡اôإ Data will be lost when server restarts

      at log (config/database.js:15:13)

  console.log
    ظأآي╕  To use MongoDB Atlas, set USE_MOCK_DB=false in .env

      at log (config/database.js:16:13)

[0mGET /api/users [32m200[0m 63.413 ms - 384[0m
  console.log
    ظ╣ي╕  Using in-memory database - seeding skipped

      at log (server.js:346:15)

[0mGET /api/users [32m200[0m 2.124 ms - 384[0m
[0mGET /api/users [33m403[0m 1.561 ms - 51[0m
(node:6228) [MONGOOSE] Warning: Duplicate schema index 
on {"email":1} found. This is often due to declaring an 
index using both "index: true" and "schema.index()". 
Please remove the duplicate index definition.
(Use `node --trace-warnings ...` to show where the 
warning was created)
(node:6228) [MONGOOSE] Warning: Duplicate schema index 
on {"beneficiary_id":1} found. This is often due to 
declaring an index using both "index: true" and 
"schema.index()". Please remove the duplicate index 
definition.
(node:6228) [MONGOOSE] Warning: Duplicate schema index 
on {"beneficiary_id":1} found. This is often due to 
declaring an index using both "index: true" and 
"schema.index()". Please remove the duplicate index 
definition.
(node:6228) [MONGOOSE] Warning: Duplicate schema index 
on {"program_code":1} found. This is often due to 
declaring an index using both "index: true" and 
"schema.index()". Please remove the duplicate index 
definition.
[0mGET /api/users [33m401[0m 0.403 ms - 54[0m
[0mGET /api/users/user-1 [32m200[0m 1.128 ms - 202[0m
[0mGET /api/users/non-existent [33m404[0m 0.922 ms - 44[0m
[0mGET /api/users/user-1 [32m200[0m 1.696 ms - 202[0m
[0mGET /api/users/user-1 [33m403[0m 0.984 ms - 51[0m
  console.log
    ≡ا» Using in-memory database (development mode)

      at log (config/database.js:14:13)

  console.log
    ≡اôإ Data will be lost when server restarts

      at log (config/database.js:15:13)

  console.log
    ظأآي╕  To use MongoDB Atlas, set USE_MOCK_DB=false in .env

      at log (config/database.js:16:13)

  console.log
    ظ╣ي╕  Using in-memory database - seeding skipped

      at log (server.js:346:15)

(node:6912) [MONGOOSE] Warning: Duplicate schema index 
on {"email":1} found. This is often due to declaring an 
index using both "index: true" and "schema.index()". 
Please remove the duplicate index definition.
(Use `node --trace-warnings ...` to show where the 
warning was created)
(node:6912) [MONGOOSE] Warning: Duplicate schema index 
on {"beneficiary_id":1} found. This is often due to 
declaring an index using both "index: true" and 
"schema.index()". Please remove the duplicate index 
definition.
(node:6912) [MONGOOSE] Warning: Duplicate schema index 
on {"beneficiary_id":1} found. This is often due to 
declaring an index using both "index: true" and 
"schema.index()". Please remove the duplicate index 
definition.
(node:6912) [MONGOOSE] Warning: Duplicate schema index 
on {"program_code":1} found. This is often due to 
declaring an index using both "index: true" and 
"schema.index()". Please remove the duplicate index 
definition.
[0mGET /health [32m200[0m 2.169 ms - 118[0m
PASS backend/tests/health.test.js
  GET /health
    ظêأ should return OK status (119 ms)

  console.log
    ≡ا¤ْ [SECURITY] 2026-01-14T08:55:05.352Z - USER_CREATED_BY_ADMIN {
      adminId: 'admin-1',
      newUserId: '2',
      email: 'newuser@example.com',
      ip: '::ffff:127.0.0.1'
    }

      at log (utils/security.js:83:11)

  console.log
    ≡ا¤ْ [SECURITY] 2026-01-14T08:55:05.338Z - USER_REGISTERED {
      userId: undefined,
      email: 'ahmed@example.com',
      ip: '::ffff:127.0.0.1'
    }

      at log (utils/security.js:83:11)

[0mPOST /api/users [32m201[0m 176.714 ms - 178[0m
[0mPOST /api/auth/register [32m201[0m 264.633 ms - 356[0m
  console.log
    ≡ا» Using in-memory database (development mode)

      at log (config/database.js:14:13)

  console.log
    ≡اôإ Data will be lost when server restarts

      at log (config/database.js:15:13)

  console.log
    ظأآي╕  To use MongoDB Atlas, set USE_MOCK_DB=false in .env

      at log (config/database.js:16:13)

[0mPOST /api/users [33m400[0m 1.813 ms - 54[0m
  console.error
    ╪«╪╖╪ث ┘┘è ┘é╪▒╪د╪ة╪ر ┘é╪د╪╣╪»╪ر ╪د┘╪ذ┘è╪د┘╪د╪ز: SyntaxError: Unexpected end of JSON input
        at JSON.parse (<anonymous>)
        at Object.parse [as read] (C:\Users\x-be\OneDrive\╪د┘┘à╪│╪ز┘╪»╪د╪ز\04-10-2025\66666\backend\config\inMemoryDB.js:24:17)
        at Object.read (C:\Users\x-be\OneDrive\╪د┘┘à╪│╪ز┘╪»╪د╪ز\04-10-2025\66666\backend\__tests__\users.test.js:49:20)
        at Promise.then.completed (C:\Users\x-be\OneDrive\╪د┘┘à╪│╪ز┘╪»╪د╪ز\04-10-2025\66666\node_modules\jest-circus\build\utils.js:298:28)
        at new Promise (<anonymous>)
        at callAsyncCircusFn (C:\Users\x-be\OneDrive\╪د┘┘à╪│╪ز┘╪»╪د╪ز\04-10-2025\66666\node_modules\jest-circus\build\utils.js:231:10)
        at _callCircusHook (C:\Users\x-be\OneDrive\╪د┘┘à╪│╪ز┘╪»╪د╪ز\04-10-2025\66666\node_modules\jest-circus\build\run.js:281:40)
        at processTicksAndRejections (node:internal/process/task_queues:105:5)
        at _runTest (C:\Users\x-be\OneDrive\╪د┘┘à╪│╪ز┘╪»╪د╪ز\04-10-2025\66666\node_modules\jest-circus\build\run.js:246:5)
        at _runTestsForDescribeBlock (C:\Users\x-be\OneDrive\╪د┘┘à╪│╪ز┘╪»╪د╪ز\04-10-2025\66666\node_modules\jest-circus\build\run.js:126:9)
        at _runTestsForDescribeBlock (C:\Users\x-be\OneDrive\╪د┘┘à╪│╪ز┘╪»╪د╪ز\04-10-2025\66666\node_modules\jest-circus\build\run.js:121:9)
        at _runTestsForDescribeBlock (C:\Users\x-be\OneDrive\╪د┘┘à╪│╪ز┘╪»╪د╪ز\04-10-2025\66666\node_modules\jest-circus\build\run.js:121:9)
        at run (C:\Users\x-be\OneDrive\╪د┘┘à╪│╪ز┘╪»╪د╪ز\04-10-2025\66666\node_modules\jest-circus\build\run.js:71:3)
        at runAndTransformResultsToJestFormat (C:\Users\x-be\OneDrive\╪د┘┘à╪│╪ز┘╪»╪د╪ز\04-10-2025\66666\node_modules\jest-circus\build\legacy-code-todo-rewrite\jestAdapterInit.js:122:21)
        at jestAdapter (C:\Users\x-be\OneDrive\╪د┘┘à╪│╪ز┘╪»╪د╪ز\04-10-2025\66666\node_modules\jest-circus\build\legacy-code-todo-rewrite\jestAdapter.js:79:19)
        at runTestInternal (C:\Users\x-be\OneDrive\╪د┘┘à╪│╪ز┘╪»╪د╪ز\04-10-2025\66666\node_modules\jest-runner\build\runTest.js:367:16)
        at runTest (C:\Users\x-be\OneDrive\╪د┘┘à╪│╪ز┘╪»╪د╪ز\04-10-2025\66666\node_modules\jest-runner\build\runTest.js:444:34)
        at Object.worker (C:\Users\x-be\OneDrive\╪د┘┘à╪│╪ز┘╪»╪د╪ز\04-10-2025\66666\node_modules\jest-runner\build\testWorker.js:106:12)

    [0m [90m 24 |[39m     [36mreturn[39m [33mJSON[39m[33m.[39mparse(data)[33m;[39m
     [90m 25 |[39m   } [36mcatch[39m (error) {
    [31m[1m>[22m[39m[90m 26 |[39m     console[33m.[39merror([32m'╪«╪╖╪ث ┘┘è ┘é╪▒╪د╪ة╪ر ┘é╪د╪╣╪»╪ر ╪د┘╪ذ┘è╪د┘╪د╪ز:'[39m[33m,[39m error)[33m;[39m
     [90m    |[39m             [31m[1m^[22m[39m
     [90m 27 |[39m     [36mreturn[39m {
     [90m 28 |[39m       users[33m:[39m [][33m,[39m
     [90m 29 |[39m       employees[33m:[39m [][33m,[39m[0m

      at Object.error [as read] (config/inMemoryDB.js:26:13)
      at Object.read (__tests__/users.test.js:49:20)

[0mPOST /api/auth/register [33m400[0m 0.924 ms - 51[0m
[0mPOST /api/users [33m403[0m 1.008 ms - 51[0m
[0mPOST /api/auth/register [33m400[0m 1.091 ms - 47[0m
  console.error
    Create user error: Error: Illegal arguments: undefined, string
        at _async (C:\Users\x-be\OneDrive\╪د┘┘à╪│╪ز┘╪»╪د╪ز\04-10-2025\66666\backend\node_modules\bcryptjs\umd\index.js:233:15)
        at C:\Users\x-be\OneDrive\╪د┘┘à╪│╪ز┘╪»╪د╪ز\04-10-2025\66666\backend\node_modules\bcryptjs\umd\index.js:245:11
        at new Promise (<anonymous>)
        at Object.hash (C:\Users\x-be\OneDrive\╪د┘┘à╪│╪ز┘╪»╪د╪ز\04-10-2025\66666\backend\node_modules\bcryptjs\umd\index.js:244:16)
        at hash (C:\Users\x-be\OneDrive\╪د┘┘à╪│╪ز┘╪»╪د╪ز\04-10-2025\66666\backend\api\routes\users.routes.js:118:41)

    [0m [90m 144 |[39m     })[33m;[39m
     [90m 145 |[39m   } [36mcatch[39m (error) {
    [31m[1m>[22m[39m[90m 146 |[39m     console[33m.[39merror([32m'Create user error:'[39m[33m,[39m error)[33m;[39m
     [90m     |[39m             [31m[1m^[22m[39m
     [90m 147 |[39m     res[33m.[39mstatus([35m500[39m)[33m.[39mjson({
     [90m 148 |[39m       success[33m:[39m [36mfalse[39m[33m,[39m
     [90m 149 |[39m       message[33m:[39m [32m'Failed to create user'[39m[33m,[39m[0m

      at error (api/routes/users.routes.js:146:13)

[0mPOST /api/users [31m500[0m 4.044 ms - 51[0m
  console.log
    ظ╣ي╕  Using in-memory database - seeding skipped

      at log (server.js:346:15)

  console.log
    ≡ا¤ْ [SECURITY] 2026-01-14T08:55:05.407Z - USER_UPDATED_BY_ADMIN { adminId: 'admin-1', updatedUserId: 'user-1', ip: '::ffff:127.0.0.1' }

      at log (utils/security.js:83:11)

[0mPOST /api/auth/register [33m429[0m 0.895 ms - 99[0m
[0mPUT /api/users/user-1 [32m200[0m 8.703 ms - 146[0m
[0mPOST /api/auth/register [33m429[0m 0.632 ms - 99[0m
[0mPOST /api/auth/register [33m429[0m 0.407 ms - 99[0m
[0mPOST /api/auth/register [33m429[0m 0.319 ms - 99[0m
[0mPOST /api/auth/register [33m429[0m 0.356 ms - 99[0m
[0mPOST /api/auth/register [33m429[0m 0.486 ms - 99[0m
[0mPOST /api/auth/register [33m429[0m 0.325 ms - 99[0m
[0mPUT /api/users/non-existent [33m404[0m 1.572 ms - 44[0m
[0mPOST /api/auth/register [33m429[0m 0.328 ms - 99[0m
[0mPOST /api/auth/register [33m429[0m 0.354 ms - 99[0m
[0mPUT /api/users/user-1 [33m403[0m 0.527 ms - 51[0m
[0mPOST /api/auth/register [33m429[0m 0.744 ms - 99[0m
  console.log
    ≡ا¤ْ [SECURITY] 2026-01-14T08:55:05.473Z - USER_DELETED_BY_ADMIN {
      adminId: 'admin-1',
      deletedUserId: 'user-1',
      deletedUserEmail: 'user@example.com',
      ip: '::ffff:127.0.0.1'
    }

      at log (utils/security.js:83:11)

[0mDELETE /api/users/user-1 [32m200[0m 2.993 ms - 54[0m
(node:10868) [MONGOOSE] Warning: Duplicate schema index 
on {"email":1} found. This is often due to declaring an 
index using both "index: true" and "schema.index()". 
Please remove the duplicate index definition.
(Use `node --trace-warnings ...` to show where the 
warning was created)
(node:10868) [MONGOOSE] Warning: Duplicate schema index 
on {"beneficiary_id":1} found. This is often due to 
declaring an index using both "index: true" and 
"schema.index()". Please remove the duplicate index 
definition.
(node:10868) [MONGOOSE] Warning: Duplicate schema index 
on {"beneficiary_id":1} found. This is often due to 
declaring an index using both "index: true" and 
"schema.index()". Please remove the duplicate index 
definition.
(node:10868) [MONGOOSE] Warning: Duplicate schema index 
on {"program_code":1} found. This is often due to 
declaring an index using both "index: true" and 
"schema.index()". Please remove the duplicate index 
definition.
[0mPOST /api/auth/register [33m429[0m 0.329 ms - 99[0m
[0mDELETE /api/users/non-existent [33m404[0m 0.586 ms - 44[0m
[0mDELETE /api/users/user-1 [33m403[0m 0.976 ms - 51[0m
[0mPOST /api/auth/register [33m429[0m 0.310 ms - 99[0m
[0mGET /api/users/user-1/profile [33m404[0m 0.699 ms - 141[0m
[0mPOST /api/auth/register [33m429[0m 0.289 ms - 99[0m
[0mPOST /api/auth/register [33m429[0m 0.326 ms - 99[0m
[0mPUT /api/users/user-1/profile [33m404[0m 0.653 ms - 141[0m
[0mGET /api/users [33m403[0m 0.437 ms - 50[0m
  console.error
    ظإî Login failed: User not found for email: logintest@example.com

    [0m [90m 111 |[39m     [36mconst[39m user [33m=[39m [36mawait[39m [33mUser[39m[33m.[39mfindOne({ email })[33m;[39m
     [90m 112 |[39m     [36mif[39m ([33m![39muser) {
    [31m[1m>[22m[39m[90m 113 |[39m       console[33m.[39merror([32m'ظإî Login failed: User not found for email:'[39m[33m,[39m email)[33m;[39m
     [90m     |[39m               [31m[1m^[22m[39m
     [90m 114 |[39m       [36mreturn[39m res[33m.[39mstatus([35m401[39m)[33m.[39mjson({
     [90m 115 |[39m         success[33m:[39m [36mfalse[39m[33m,[39m
     [90m 116 |[39m         message[33m:[39m [32m'Invalid email or password'[39m[33m,[39m[0m

      at error (api/routes/auth.routes.js:113:15)

[0mPOST /api/auth/login [33m401[0m 6.291 ms - 55[0m
[0mPOST /api/auth/register [33m429[0m 0.290 ms - 99[0m
[0mGET /api/health [33m404[0m 11.832 ms - 127[0m
  console.error
    ظإî Login failed: User not found for email: logintest@example.com

    [0m [90m 111 |[39m     [36mconst[39m user [33m=[39m [36mawait[39m [33mUser[39m[33m.[39mfindOne({ email })[33m;[39m
     [90m 112 |[39m     [36mif[39m ([33m![39muser) {
    [31m[1m>[22m[39m[90m 113 |[39m       console[33m.[39merror([32m'ظإî Login failed: User not found for email:'[39m[33m,[39m email)[33m;[39m
     [90m     |[39m               [31m[1m^[22m[39m
     [90m 114 |[39m       [36mreturn[39m res[33m.[39mstatus([35m401[39m)[33m.[39mjson({
     [90m 115 |[39m         success[33m:[39m [36mfalse[39m[33m,[39m
     [90m 116 |[39m         message[33m:[39m [32m'Invalid email or password'[39m[33m,[39m[0m

      at error (api/routes/auth.routes.js:113:15)

[0mPOST /api/auth/login [33m401[0m 2.545 ms - 55[0m
[0mPOST /api/auth/register [33m429[0m 0.599 ms - 99[0m
[0mGET /api/status [33m404[0m 0.814 ms - 127[0m
  console.error
    ظإî Login failed: User not found for email: nonexistent@example.com

    [0m [90m 111 |[39m     [36mconst[39m user [33m=[39m [36mawait[39m [33mUser[39m[33m.[39mfindOne({ email })[33m;[39m
     [90m 112 |[39m     [36mif[39m ([33m![39muser) {
    [31m[1m>[22m[39m[90m 113 |[39m       console[33m.[39merror([32m'ظإî Login failed: User not found for email:'[39m[33m,[39m email)[33m;[39m
     [90m     |[39m               [31m[1m^[22m[39m
     [90m 114 |[39m       [36mreturn[39m res[33m.[39mstatus([35m401[39m)[33m.[39mjson({
     [90m 115 |[39m         success[33m:[39m [36mfalse[39m[33m,[39m
     [90m 116 |[39m         message[33m:[39m [32m'Invalid email or password'[39m[33m,[39m[0m

      at error (api/routes/auth.routes.js:113:15)

[0mGET / [32m200[0m 0.360 ms - 165[0m
[0mPOST /api/auth/login [33m401[0m 3.848 ms - 55[0m
[0mPOST /api/auth/register [33m429[0m 0.338 ms - 99[0m
[0mPOST /api/auth/login [33m400[0m 0.668 ms - 61[0m
[0mPOST /api/auth/register [33m429[0m 0.282 ms - 99[0m
[0mGET /api [33m404[0m 0.720 ms - 120[0m
[0mPOST /api/auth/login [33m400[0m 0.274 ms - 61[0m
[0mPOST /api/auth/register [33m429[0m 0.656 ms - 99[0m
[0mPOST /api/auth/login [33m429[0m 0.563 ms - 97[0m
[0mGET /api/nonexistent-route [33m404[0m 1.566 ms - 138[0m
[0mPOST /api/auth/register [33m429[0m 0.992 ms - 99[0m
[0mPOST /api/auth/register [33m429[0m 0.362 ms - 99[0m
[0mPOST /api/auth/logout [33m401[0m 0.365 ms - 54[0m
[0mPOST /api/auth/register [33m429[0m 0.269 ms - 99[0m
[0mPOST /api/auth/register [33m400[0m 0.733 ms - 47[0m
[0mPOST /api/auth/refresh [33m401[0m 0.874 ms - 55[0m
[0mPOST /api/auth/register [33m429[0m 0.573 ms - 99[0m
FAIL backend/__tests__/database.test.js
  In-Memory Database Configuration
    Database Read/Write
      ظêأ should write data to database (3 ms)
      ظêأ should read data from database (1 ms)
      ظêأ should preserve all collections (2 ms)
    Collections Management
      ظêأ should handle users collection (2 ms)
      ظêأ should handle employees collection (3 ms)
      ظêأ should handle attendances collection (1 ms)
      ظêأ should handle leaves collection (1 ms)
    Data Persistence
      ظêأ should maintain data between operations (1 ms)
      ظêأ should overwrite data on write (2 ms)
    Edge Cases
      ظêأ should handle empty database (1 ms)
      ظêأ should handle null values in collections (2 
ms)
      ظêأ should handle undefined values in collections 
(2 ms)
      ظêأ should handle large datasets (2 ms)
      ظêأ should handle complex nested objects (3 ms)
    Data Integrity
      ظêأ should not modify returned data references (2 
ms)
      ├ù should handle concurrent reads (4 ms)
      ظêأ should handle mixed operations (2 ms)
    Data Structure Consistency
      ظêأ should maintain required collections (2 ms)
      ظêأ should handle objects with additional 
properties (2 ms)
    Database API
      ظêأ should export read function (1 ms)
      ظêأ should export write function
      ظêأ should return object from read (4 ms)

  ظù In-Memory Database Configuration ظ║ Data 
Integrity ظ║ should handle concurrent reads

    expect(received).toHaveLength(expected)

    Expected length: 1
    Received length: 0
    Received array:  []

    [0m [90m 292 |[39m
     [90m 293 |[39m       
reads[33m.[39mforEach(data [33m=>[39m {
    [31m[1m>[22m[39m[90m 294 |[39m         expect(
data[33m.[39musers)[33m.[39mtoHaveLength([35m1[39m
)[33m;[39m
     [90m     |[39m                            
[31m[1m^[22m[39m
     [90m 295 |[39m         expect(data[33m.[39muser
s[[35m0[39m][33m.[39mname)[33m.[39mtoBe([32m'User
 1'[39m)[33m;[39m
     [90m 296 |[39m       })[33m;[39m
     [90m 297 |[39m     })[33m;[39m[0m

      at toHaveLength 
(__tests__/database.test.js:294:28)
          at Array.forEach (<anonymous>)
      at Object.forEach 
(__tests__/database.test.js:293:13)

[0mPOST /api/auth/register [33m429[0m 16.842 ms - 99[0m
[0mGET /api/users [33m401[0m 0.541 ms - 69[0m
[0mPOST /api/auth/register [33m429[0m 0.306 ms - 99[0m
[0mGET /api/users [33m401[0m 0.261 ms - 54[0m
PASS backend/__tests__/users.test.js
  User Management Routes
    GET /api/users
      ظêأ should return all users for admin (159 ms)
      ظêأ should not return passwords in user list (14 
ms)
      ظêأ should deny access to non-admin users (15 ms)
      ظêأ should require authentication (10 ms)
    GET /api/users/:id
      ظêأ should return user by ID for admin (7 ms)
      ظêأ should return 404 for non-existent user (36 
ms)
      ظêأ should not include password in response (45 
ms)
      ظêأ should deny access to non-admin users (10 ms)
    POST /api/users
      ظêأ should create new user for admin (225 ms)
      ظêأ should reject duplicate email (16 ms)
      ظêأ should deny access to non-admin users (13 ms)
      ظêأ should require all fields (10 ms)
    PUT /api/users/:id
      ظêأ should update user for admin (14 ms)
      ظêأ should return 404 for non-existent user (47 
ms)
      ظêأ should deny access to non-admin users (8 ms)
    DELETE /api/users/:id
      ظêأ should delete user for admin (9 ms)
      ظêأ should return 404 for non-existent user (4 ms)
      ظêأ should deny access to non-admin users (11 ms)
    GET /api/users/:id/profile
      ظêأ should allow users to get their own profile 
(4 ms)
    PUT /api/users/:id/profile
      ظêأ should allow users to update their own 
profile (6 ms)
    Error Handling
      ظêأ should handle invalid token (4 ms)
      ظêأ should handle expired token (135 ms)
      ظêأ should handle malformed authorization header 
(5 ms)

[0mPOST /api/auth/change-password [33m401[0m 0.687 ms - 54[0m
[0mPOST /api/auth/register [33m429[0m 0.623 ms - 99[0m
[0mPOST /api/auth/register [33m429[0m 0.309 ms - 99[0m
[0mPOST /api/auth/register [33m429[0m 0.353 ms - 99[0m
PASS backend/__tests__/auth.extended.test.js
  Authentication Routes - Extended Coverage
    POST /api/auth/register - Complete Coverage
      ظêأ should register successfully with valid data 
(368 ms)
      ظêأ should require fullName field (8 ms)
      ظêأ should require email field (9 ms)
      ظêأ should require password field (19 ms)
      ظêأ should reject invalid email format (6 ms)
      ظêأ should reject weak password (5 ms)
      ظêأ should prevent duplicate email registration 
(6 ms)
      ظêأ should hash password before storing (5 ms)
      ظêأ should return access token in response (5 ms)
      ظêأ should return user object without password 
(16 ms)
      ظêأ should handle empty string inputs (6 ms)
      ظêأ should handle null values (10 ms)
      ظêأ should trim whitespace from inputs (7 ms)
      ظêأ should handle very long inputs (13 ms)
      ظêأ should accept unicode names (3 ms)
    POST /api/auth/login
      ظêأ should login with correct credentials (21 ms)
      ظêأ should reject incorrect password (8 ms)
      ظêأ should reject non-existent user (18 ms)
      ظêأ should require email field (12 ms)
      ظêأ should require password field (6 ms)
      ظêأ should not expose user password in response 
(12 ms)
    POST /api/auth/logout
      ظêأ should logout authenticated user (15 ms)
      ظêأ should reject logout without token (6 ms)
    POST /api/auth/refresh
      ظêأ should refresh valid token (3 ms)
      ظêأ should reject invalid refresh token (7 ms)
    POST /api/auth/change-password
      ظêأ should change password with correct old 
password (7 ms)
      ظêأ should reject change with incorrect old 
password (24 ms)
      ظêأ should require authentication (14 ms)
    Error Handling and Security
      ظêأ should handle server errors gracefully (8 ms)
      ظêأ should not expose internal server errors (4 
ms)
      ظêأ should log security events (4 ms)

  console.error
    Error: request entity too large

    [0m [90m 318 |[39m [90m// Error handling middleware (MUST be after all routes)[39m
     [90m 319 |[39m app[33m.[39muse((err[33m,[39m req[33m,[39m res[33m,[39m next) [33m=>[39m {
    [31m[1m>[22m[39m[90m 320 |[39m   console[33m.[39merror([32m'Error:'[39m[33m,[39m err[33m.[39mmessage)[33m;[39m
     [90m     |[39m           [31m[1m^[22m[39m
     [90m 321 |[39m   res[33m.[39mstatus(err[33m.[39mstatusCode [33m||[39m [35m500[39m)[33m.[39mjson({
     [90m 322 |[39m     success[33m:[39m [36mfalse[39m[33m,[39m
     [90m 323 |[39m     statusCode[33m:[39m err[33m.[39mstatusCode [33m||[39m [35m500[39m[33m,[39m[0m

      at error (server.js:320:11)
      at Layer.handle_error (node_modules/express/lib/router/layer.js:71:5)
      at trim_prefix (node_modules/express/lib/router/index.js:326:13)
      at node_modules/express/lib/router/index.js:286:9
      at Function.process_params (node_modules/express/lib/router/index.js:346:12)
      at next (node_modules/express/lib/router/index.js:280:10)
      at Layer.handle_error (node_modules/express/lib/router/layer.js:67:12)
      at trim_prefix (node_modules/express/lib/router/index.js:326:13)
      at node_modules/express/lib/router/index.js:286:9
      at Function.process_params (node_modules/express/lib/router/index.js:346:12)
      at next (node_modules/express/lib/router/index.js:280:10)
      at Layer.handle_error (node_modules/express/lib/router/layer.js:67:12)
      at trim_prefix (node_modules/express/lib/router/index.js:326:13)
      at node_modules/express/lib/router/index.js:286:9
      at Function.process_params (node_modules/express/lib/router/index.js:346:12)
      at next (node_modules/express/lib/router/index.js:280:10)
      at Layer.handle_error (node_modules/express/lib/router/layer.js:67:12)
      at trim_prefix (node_modules/express/lib/router/index.js:326:13)
      at node_modules/express/lib/router/index.js:286:9
      at Function.process_params (node_modules/express/lib/router/index.js:346:12)
      at next (node_modules/express/lib/router/index.js:280:10)
      at Layer.handle_error (node_modules/express/lib/router/layer.js:67:12)
      at trim_prefix (node_modules/express/lib/router/index.js:326:13)
      at node_modules/express/lib/router/index.js:286:9
      at Function.process_params (node_modules/express/lib/router/index.js:346:12)
      at next (node_modules/express/lib/router/index.js:280:10)
      at Layer.handle_error (node_modules/express/lib/router/layer.js:67:12)
      at trim_prefix (node_modules/express/lib/router/index.js:326:13)
      at node_modules/express/lib/router/index.js:286:9
      at Function.process_params (node_modules/express/lib/router/index.js:346:12)
      at next (node_modules/express/lib/router/index.js:280:10)
      at Layer.handle_error (node_modules/express/lib/router/layer.js:67:12)
      at trim_prefix (node_modules/express/lib/router/index.js:326:13)
      at node_modules/express/lib/router/index.js:286:9
      at Function.process_params (node_modules/express/lib/router/index.js:346:12)
      at next (node_modules/express/lib/router/index.js:280:10)
      at Layer.handle_error (node_modules/express/lib/router/layer.js:67:12)
      at trim_prefix (node_modules/express/lib/router/index.js:326:13)
      at node_modules/express/lib/router/index.js:286:9
      at Function.process_params (node_modules/express/lib/router/index.js:346:12)
      at next (node_modules/express/lib/router/index.js:280:10)
      at Layer.handle_error (node_modules/express/lib/router/layer.js:67:12)
      at trim_prefix (node_modules/express/lib/router/index.js:326:13)
      at node_modules/express/lib/router/index.js:286:9
      at Function.process_params (node_modules/express/lib/router/index.js:346:12)
      at next (node_modules/express/lib/router/index.js:280:10)
      at Layer.handle_error (node_modules/express/lib/router/layer.js:67:12)
      at trim_prefix (node_modules/express/lib/router/index.js:326:13)
      at node_modules/express/lib/router/index.js:286:9
      at Function.process_params (node_modules/express/lib/router/index.js:346:12)
      at next (node_modules/express/lib/router/index.js:280:10)
      at onfinished (node_modules/body-parser/lib/read.js:102:9)
      at listener (node_modules/on-finished/index.js:170:15)
      at onFinish (node_modules/on-finished/index.js:101:5)
      at callback (node_modules/ee-first/index.js:55:10)
      at IncomingMessage.onevent (node_modules/ee-first/index.js:93:5)

[0mGET /api/users [32m200[0m 2.632 ms - 205[0m
  console.log
    ≡ا¤ْ [SECURITY] 2026-01-14T08:55:05.901Z - USER_REGISTERED {
      userId: undefined,
      email: 'test@example.com',
      ip: '::ffff:127.0.0.1'
    }

      at log (utils/security.js:83:11)

[0mPOST /api/auth/register [32m201[0m 157.361 ms - 351[0m
  console.log
    ≡ا» Using in-memory database (development mode)

      at log (config/database.js:14:13)

  console.log
    ≡اôإ Data will be lost when server restarts

      at log (config/database.js:15:13)

  console.log
    ظأآي╕  To use MongoDB Atlas, set USE_MOCK_DB=false in .env

      at log (config/database.js:16:13)

  console.log
    ظ╣ي╕  Using in-memory database - seeding skipped

      at log (server.js:346:15)

(node:24688) [MONGOOSE] Warning: Duplicate schema index 
on {"email":1} found. This is often due to declaring an 
index using both "index: true" and "schema.index()". 
Please remove the duplicate index definition.
(node:24688) [MONGOOSE] Warning: Duplicate schema index 
on {"beneficiary_id":1} found. This is often due to 
declaring an index using both "index: true" and 
"schema.index()". Please remove the duplicate index 
definition.
(node:24688) [MONGOOSE] Warning: Duplicate schema index 
on {"beneficiary_id":1} found. This is often due to 
declaring an index using both "index: true" and 
"schema.index()". Please remove the duplicate index 
definition.
(node:24688) [MONGOOSE] Warning: Duplicate schema index 
on {"program_code":1} found. This is often due to 
declaring an index using both "index: true" and 
"schema.index()". Please remove the duplicate index 
definition.
  console.log
    ≡اôإ Auth routes using In-Memory User model

      at Object.log (api/routes/auth.routes.js:9:11)

  console.log
    ≡ا¤ْ [SECURITY] 2026-01-14T08:55:06.110Z - USER_REGISTERED {
      userId: undefined,
      email: 'test@example.com',
      ip: '::ffff:127.0.0.1'
    }

      at log (utils/security.js:83:11)

[0mPOST /api/auth/register [32m201[0m 169.730 ms - 346[0m
[0mPOST /api/auth/register [33m429[0m 0.428 ms - 99[0m
[0mGET /api/users [32m200[0m 0.749 ms - 205[0m
[0mGET /api/users [32m200[0m 0.677 ms - 205[0m
[0mGET /api/users [32m200[0m 0.546 ms - 205[0m
[0mGET /api/users [32m200[0m 0.618 ms - 205[0m
  console.log
    ≡ا¤ْ [SECURITY] 2026-01-14T08:55:06.135Z - USER_REGISTERED {
      userId: undefined,
      email: 'test@example.com',
      ip: '::ffff:127.0.0.1'
    }

      at log (utils/security.js:83:11)

[0mPOST /api/auth/register [33m429[0m 0.382 ms - 99[0m
[0mPOST /api/auth/register [33m429[0m 0.521 ms - 99[0m
[0mPOST /api/auth/register [32m201[0m 163.482 ms - 351[0m
[0mPOST /api/auth/register [33m429[0m 6.181 ms - 99[0m
[0mPOST /api/auth/register [33m429[0m 0.608 ms - 99[0m
[0mPOST /api/auth/register [33m429[0m 0.445 ms - 99[0m
[0mGET /api/users [32m200[0m 0.633 ms - 205[0m
[0mGET /api/health [33m404[0m 0.295 ms - 127[0m
[0mPOST /api/auth/register [33m429[0m 0.595 ms - 99[0m
[0mGET /api/users [33m401[0m 0.264 ms - 54[0m
[0mGET /api/users [33m401[0m 0.320 ms - 54[0m
[0mGET /api/users [33m401[0m 0.517 ms - 54[0m
[0mGET /api/users [33m403[0m 0.673 ms - 50[0m
[0mGET /api/users [32m200[0m 2.241 ms - 205[0m
[0mGET /api/users [32m200[0m 1.310 ms - 205[0m
[0mGET /api/users [32m200[0m 0.901 ms - 26[0m
[0mGET /api/users [32m200[0m 0.797 ms - 205[0m
  console.error
    ╪«╪╖╪ث ┘┘è ┘é╪▒╪د╪ة╪ر ┘é╪د╪╣╪»╪ر ╪د┘╪ذ┘è╪د┘╪د╪ز: SyntaxError: Unexpected end of JSON input
        at JSON.parse (<anonymous>)
        at Object.parse [as read] (C:\Users\x-be\OneDrive\╪د┘┘à╪│╪ز┘╪»╪د╪ز\04-10-2025\66666\backend\config\inMemoryDB.js:24:17)
        at read (C:\Users\x-be\OneDrive\╪د┘┘à╪│╪ز┘╪»╪د╪ز\04-10-2025\66666\backend\models\User.memory.js:6:19)
        at new getNextId (C:\Users\x-be\OneDrive\╪د┘┘à╪│╪ز┘╪»╪د╪ز\04-10-2025\66666\backend\models\User.memory.js:21:28)
        at Object.create (C:\Users\x-be\OneDrive\╪د┘┘à╪│╪ز┘╪»╪د╪ز\04-10-2025\66666\backend\models\User.memory.js:70:18)
        at create (C:\Users\x-be\OneDrive\╪د┘┘à╪│╪ز┘╪»╪د╪ز\04-10-2025\66666\backend\api\routes\auth.routes.js:53:29)

    [0m [90m 24 |[39m     [36mreturn[39m [33mJSON[39m[33m.[39mparse(data)[33m;[39m
     [90m 25 |[39m   } [36mcatch[39m (error) {
    [31m[1m>[22m[39m[90m 26 |[39m     console[33m.[39merror([32m'╪«╪╖╪ث ┘┘è ┘é╪▒╪د╪ة╪ر ┘é╪د╪╣╪»╪ر ╪د┘╪ذ┘è╪د┘╪د╪ز:'[39m[33m,[39m error)[33m;[39m
     [90m    |[39m             [31m[1m^[22m[39m
     [90m 27 |[39m     [36mreturn[39m {
     [90m 28 |[39m       users[33m:[39m [][33m,[39m
     [90m 29 |[39m       employees[33m:[39m [][33m,[39m[0m

      at Object.error [as read] (config/inMemoryDB.js:26:13)
      at read (models/User.memory.js:6:19)
      at new getNextId (models/User.memory.js:21:28)
      at Object.create (models/User.memory.js:70:18)
      at create (api/routes/auth.routes.js:53:29)

  console.log
    ≡ا¤ْ [SECURITY] 2026-01-14T08:55:06.253Z - USER_REGISTERED {
      userId: undefined,
      email: 'duplicate@example.com',
      ip: '::ffff:127.0.0.1'
    }

      at log (utils/security.js:83:11)

[0mPOST /api/auth/register [33m429[0m 0.320 ms - 99[0m
[0mPOST /api/auth/register [32m201[0m 107.606 ms - 361[0m
[0mPUT /api/users/123 [33m404[0m 1.000 ms - 44[0m
[0mDELETE /api/users/123 [33m404[0m 0.690 ms - 44[0m
[0mPATCH /api/auth/register [33m404[0m 21.175 ms - 136[0m
  console.log
    ≡اôإ Auth routes using In-Memory User model

      at Object.log (api/routes/auth.routes.js:9:11)

PASS backend/__tests__/integration.test.js
  System Routes and Integration Tests
    Health Check Endpoint
      ظêأ should return 200 for health check (124 ms)
      ظêأ should return server status (6 ms)
    Root Endpoint
      ظêأ should respond to GET / (4 ms)
      ظêأ should respond to GET /api (23 ms)
    Error Handling
      ظêأ should return 404 for non-existent routes (24 
ms)
      ظêأ should handle bad request gracefully (14 ms)
      ظêأ should reject oversized payloads (123 ms)
    CORS Configuration
      ظêأ should respond to OPTIONS requests (3 ms)
      ظêأ should include CORS headers (9 ms)
    Request/Response Handling
      ظêأ should handle JSON requests (166 ms)
      ظêأ should parse URL-encoded data (206 ms)
      ظêأ should handle empty request body (4 ms)
    Security Headers
      ظêأ should include security headers (5 ms)
      ظêأ should enforce HTTPS in production (1 ms)
    Concurrent Requests
      ظêأ should handle multiple simultaneous requests 
(8 ms)
      ظêأ should handle concurrent auth requests (24 ms)
    Content-Type Handling
      ظêأ should reject invalid Content-Type (8 ms)
      ظêأ should handle application/json (8 ms)
    Response Format
      ظêأ should return JSON responses (4 ms)
      ظêأ should include status code in response (3 ms)
      ظêأ should include success flag in error 
responses (9 ms)
    Authentication Edge Cases
      ظêأ should handle missing Authorization header (4 
ms)
      ظêأ should handle malformed Authorization header 
(6 ms)
      ظêأ should handle empty Authorization header (5 
ms)
      ظêأ should reject invalid token format (6 ms)
    Request Timeout
      ظêأ should handle slow responses (11 ms)
    Database Connection States
      ظêأ should work with in-memory database (11 ms)
      ظêأ should handle empty database gracefully (15 
ms)
    Request Methods
      ظêأ should handle GET requests (6 ms)
      ظêأ should handle POST requests (4 ms)
      ظêأ should handle PUT requests (5 ms)
      ظêأ should handle DELETE requests (4 ms)
      ظêأ should handle unsupported methods (26 ms)

  console.log
    ≡اôإ Auth routes using In-Memory User model

      at Object.log (api/routes/auth.routes.js:9:11)

  console.log
    ≡اôإ Auth routes using In-Memory User model

      at Object.log (api/routes/auth.routes.js:9:11)

  console.log
    ≡ا¤ْ [SECURITY] 2026-01-14T08:55:06.428Z - USER_REGISTERED {
      userId: undefined,
      email: 'duplicate@example.com',
      ip: '::ffff:127.0.0.1'
    }

      at log (utils/security.js:83:11)

[0mPOST /api/auth/register [32m201[0m 149.819 ms - 361[0m
[0mPOST /api/auth/register [33m429[0m 0.865 ms - 99[0m
[0mPOST /api/auth/register [33m429[0m 1.223 ms - 99[0m
  console.error
    ظإî Login failed: User not found for email: login@example.com

    [0m [90m 111 |[39m     [36mconst[39m user [33m=[39m [36mawait[39m [33mUser[39m[33m.[39mfindOne({ email })[33m;[39m
     [90m 112 |[39m     [36mif[39m ([33m![39muser) {
    [31m[1m>[22m[39m[90m 113 |[39m       console[33m.[39merror([32m'ظإî Login failed: User not found for email:'[39m[33m,[39m email)[33m;[39m
     [90m     |[39m               [31m[1m^[22m[39m
     [90m 114 |[39m       [36mreturn[39m res[33m.[39mstatus([35m401[39m)[33m.[39mjson({
     [90m 115 |[39m         success[33m:[39m [36mfalse[39m[33m,[39m
     [90m 116 |[39m         message[33m:[39m [32m'Invalid email or password'[39m[33m,[39m[0m

      at error (api/routes/auth.routes.js:113:15)

[0mPOST /api/auth/login [33m401[0m 7.908 ms - 55[0m
[0mPOST /api/auth/register [33m429[0m 0.850 ms - 99[0m
  console.log
    Notification sent: workflow_created for workflow WF-1768380906505-q07ijsdbd

      at log (api/routes/workflows.routes.js:516:11)

  console.error
    ظإî Login failed: User not found for email: nonexistent@example.com

    [0m [90m 111 |[39m     [36mconst[39m user [33m=[39m [36mawait[39m [33mUser[39m[33m.[39mfindOne({ email })[33m;[39m
     [90m 112 |[39m     [36mif[39m ([33m![39muser) {
    [31m[1m>[22m[39m[90m 113 |[39m       console[33m.[39merror([32m'ظإî Login failed: User not found for email:'[39m[33m,[39m email)[33m;[39m
     [90m     |[39m               [31m[1m^[22m[39m
     [90m 114 |[39m       [36mreturn[39m res[33m.[39mstatus([35m401[39m)[33m.[39mjson({
     [90m 115 |[39m         success[33m:[39m [36mfalse[39m[33m,[39m
     [90m 116 |[39m         message[33m:[39m [32m'Invalid email or password'[39m[33m,[39m[0m

      at error (api/routes/auth.routes.js:113:15)

[0mPOST /api/auth/login [33m401[0m 7.383 ms - 55[0m
  console.log
    Notification sent: workflow_created for workflow WF-1768380906514-8nlsiga7h

      at log (api/routes/workflows.routes.js:516:11)

  console.log
    Notification sent: workflow_created for workflow WF-1768380906528-q25ul368b

      at log (api/routes/workflows.routes.js:516:11)

[0mPOST /api/auth/register [33m429[0m 1.873 ms - 99[0m
  console.error
    ظإî Login failed: User not found for email: login@example.com

    [0m [90m 111 |[39m     [36mconst[39m user [33m=[39m [36mawait[39m [33mUser[39m[33m.[39mfindOne({ email })[33m;[39m
     [90m 112 |[39m     [36mif[39m ([33m![39muser) {
    [31m[1m>[22m[39m[90m 113 |[39m       console[33m.[39merror([32m'ظإî Login failed: User not found for email:'[39m[33m,[39m email)[33m;[39m
     [90m     |[39m               [31m[1m^[22m[39m
     [90m 114 |[39m       [36mreturn[39m res[33m.[39mstatus([35m401[39m)[33m.[39mjson({
     [90m 115 |[39m         success[33m:[39m [36mfalse[39m[33m,[39m
     [90m 116 |[39m         message[33m:[39m [32m'Invalid email or password'[39m[33m,[39m[0m

      at error (api/routes/auth.routes.js:113:15)

[0mPOST /api/auth/login [33m401[0m 5.850 ms - 55[0m
[0mPOST /api/auth/logout [33m401[0m 0.822 ms - 54[0m
PASS backend/__tests__/auth.test.js
  Authentication Routes
    POST /api/auth/register
      ظêأ should register a new user successfully (222 
ms)
      ظêأ should reject duplicate email (290 ms)
      ظêأ should require all fields (11 ms)
    POST /api/auth/login
      ظêأ should login successfully with correct 
credentials (30 ms)
      ظêأ should reject invalid email (36 ms)
      ظêأ should reject wrong password (41 ms)
    POST /api/auth/logout
      ظêأ should logout successfully (8 ms)

  console.log
    Notification sent: workflow_created for workflow WF-1768380906565-6d8n0oqab

      at log (api/routes/workflows.routes.js:516:11)

  console.log
    Notification sent: stage_approve for workflow WF-1768380906565-6d8n0oqab

      at log (api/routes/workflows.routes.js:516:11)

  console.log
    Notification sent: workflow_created for workflow WF-1768380906589-zytrywxqt

      at log (api/routes/workflows.routes.js:516:11)

  console.log
    Notification sent: stage_reject for workflow WF-1768380906589-zytrywxqt

      at log (api/routes/workflows.routes.js:516:11)

  console.log
    Notification sent: workflow_created for workflow WF-1768380906607-fbgvg2aa6

      at log (api/routes/workflows.routes.js:516:11)

  console.log
    Notification sent: stage_revise for workflow WF-1768380906607-fbgvg2aa6

      at log (api/routes/workflows.routes.js:516:11)

  console.log
    ظ£à Created 1000 notifications in 8ms

      at Object.log (tests/smartNotifications.test.js:371:13)

  console.log
    ظ£à Retrieved 100 notifications in 0ms

      at Object.log (tests/smartNotifications.test.js:388:13)

PASS backend/tests/smartNotifications.test.js
  SmartNotificationService Tests
    ظêأ should create a smart notification (18 ms)
    ظêأ should calculate correct priority (1 ms)
    ظêأ should send notification successfully (1 ms)
    ظêأ should mark notification as read
    ظêأ should get unread notifications only (3 ms)
    ظêأ should delete notification (1 ms)
    ظêأ should clear all notifications (1 ms)
    ظêأ should calculate statistics correctly (1 ms)
    ظêأ should schedule notification (1504 ms)
  AdvancedMessagingAlertSystem Tests
    ظêأ should initialize message templates (4 ms)
    ظêأ should send message using template (14 ms)
    ظêأ should create alert rule (2 ms)
    ظêأ should check and trigger alerts (5 ms)
    ظêأ should support multiple alert types (1 ms)
    ظêأ should get message statistics (1 ms)
    ظêأ should get alert statistics (1 ms)
  Integration Tests
    ظêأ complete notification workflow (6 ms)
    ظêأ send message and trigger alert (3 ms)
    ظêأ schedule multiple notifications (2512 ms)
  Performance Tests
    ظêأ should handle 1000 notifications (11 ms)
    ظêأ should retrieve notifications quickly (5 ms)
  Edge Cases
    ظêأ should handle user with no notifications
    ظêأ should handle deleting same notification twice 
(2 ms)
    ظêأ should handle empty workflow data (1 ms)

  console.log
    Notification sent: workflow_created for workflow WF-1768380906647-rtrjkqw70

      at log (api/routes/workflows.routes.js:516:11)

  console.log
    ≡ا» Using in-memory database (development mode)

      at log (config/database.js:14:13)

  console.log
    ≡اôإ Data will be lost when server restarts

      at log (config/database.js:15:13)

  console.log
    ظأآي╕  To use MongoDB Atlas, set USE_MOCK_DB=false in .env

      at log (config/database.js:16:13)

  console.log
    ظ╣ي╕  Using in-memory database - seeding skipped

      at log (server.js:346:15)

(node:6228) [MONGOOSE] Warning: Duplicate schema index 
on {"email":1} found. This is often due to declaring an 
index using both "index: true" and "schema.index()". 
Please remove the duplicate index definition.
(node:6228) [MONGOOSE] Warning: Duplicate schema index 
on {"beneficiary_id":1} found. This is often due to 
declaring an index using both "index: true" and 
"schema.index()". Please remove the duplicate index 
definition.
(node:6228) [MONGOOSE] Warning: Duplicate schema index 
on {"beneficiary_id":1} found. This is often due to 
declaring an index using both "index: true" and 
"schema.index()". Please remove the duplicate index 
definition.
(node:6228) [MONGOOSE] Warning: Duplicate schema index 
on {"program_code":1} found. This is often due to 
declaring an index using both "index: true" and 
"schema.index()". Please remove the duplicate index 
definition.
  console.log
    Notification sent: workflow_created for workflow WF-1768380906683-xqq722df5

      at log (api/routes/workflows.routes.js:516:11)

  console.error
    ظإî Login failed: User not found for email: admin@alawael.com

    [0m [90m 111 |[39m     [36mconst[39m user [33m=[39m [36mawait[39m [33mUser[39m[33m.[39mfindOne({ email })[33m;[39m
     [90m 112 |[39m     [36mif[39m ([33m![39muser) {
    [31m[1m>[22m[39m[90m 113 |[39m       console[33m.[39merror([32m'ظإî Login failed: User not found for email:'[39m[33m,[39m email)[33m;[39m
     [90m     |[39m               [31m[1m^[22m[39m
     [90m 114 |[39m       [36mreturn[39m res[33m.[39mstatus([35m401[39m)[33m.[39mjson({
     [90m 115 |[39m         success[33m:[39m [36mfalse[39m[33m,[39m
     [90m 116 |[39m         message[33m:[39m [32m'Invalid email or password'[39m[33m,[39m[0m

      at error (api/routes/auth.routes.js:113:15)

[0mPOST /api/auth/login [33m401[0m 18.927 ms - 55[0m
PASS backend/tests/users.test.js
  GET /api/users
    ظêأ should handle users list request (gracefully 
fail without auth in test mode) (39 ms)

  console.log
    Notification sent: delegated for workflow WF-1768380906683-xqq722df5

      at log (api/routes/workflows.routes.js:516:11)

  console.log
    Notification sent: workflow_created for workflow WF-1768380906715-yzyroxmbk

      at log (api/routes/workflows.routes.js:516:11)

  console.log
    Notification sent: workflow_created for workflow WF-1768380906720-7oqhc6vca

      at log (api/routes/workflows.routes.js:516:11)

  console.log
    Notification sent: workflow_created for workflow WF-1768380906727-hct58rid0

      at log (api/routes/workflows.routes.js:516:11)

  console.log
    Notification sent: workflow_created for workflow WF-1768380906768-7x00a90s0

      at log (api/routes/workflows.routes.js:516:11)

  console.log
    ≡ا» Using in-memory database (development mode)

      at log (config/database.js:14:13)

  console.log
    ≡اôإ Data will be lost when server restarts

      at log (config/database.js:15:13)

  console.log
    ظأآي╕  To use MongoDB Atlas, set USE_MOCK_DB=false in .env

      at log (config/database.js:16:13)

  console.log
    Notification sent: workflow_created for workflow WF-1768380906809-6egncyjae

      at log (api/routes/workflows.routes.js:516:11)

  console.log
    ظ╣ي╕  Using in-memory database - seeding skipped

      at log (server.js:346:15)

  console.log
    Notification sent: stage_approve for workflow WF-1768380906809-6egncyjae

      at log (api/routes/workflows.routes.js:516:11)

(node:25076) [MONGOOSE] Warning: Duplicate schema index 
on {"email":1} found. This is often due to declaring an 
index using both "index: true" and "schema.index()". 
Please remove the duplicate index definition.
(node:25076) [MONGOOSE] Warning: Duplicate schema index 
on {"beneficiary_id":1} found. This is often due to 
declaring an index using both "index: true" and 
"schema.index()". Please remove the duplicate index 
definition.
(node:25076) [MONGOOSE] Warning: Duplicate schema index 
on {"beneficiary_id":1} found. This is often due to 
declaring an index using both "index: true" and 
"schema.index()". Please remove the duplicate index 
definition.
(node:25076) [MONGOOSE] Warning: Duplicate schema index 
on {"program_code":1} found. This is often due to 
declaring an index using both "index: true" and 
"schema.index()". Please remove the duplicate index 
definition.
  console.log
    Notification sent: stage_approve for workflow WF-1768380906809-6egncyjae

      at log (api/routes/workflows.routes.js:516:11)

PASS backend/__tests__/workflows.test.js
  Advanced Workflow System Tests
    GET /api/templates
      ظêأ should return all workflow templates (10 ms)
      ظêأ should return 401 without auth token (6 ms)
    POST /api/workflows
      ظêأ should create a new workflow successfully (10 
ms)
      ظêأ should return 404 for non-existent template 
(2 ms)
    GET /api/workflows
      ظêأ should get all workflows (3 ms)
      ظêأ should filter workflows by status (4 ms)
      ظêأ should filter workflows by priority (4 ms)
    GET /api/workflows/:id
      ظêأ should get workflow details by ID (9 ms)
      ظêأ should return 404 for non-existent workflow 
(22 ms)
    POST /api/workflows/:id/approve
      ظêأ should approve workflow stage successfully 
(23 ms)
      ظêأ should reject workflow stage (17 ms)
      ظêأ should request revision (26 ms)
      ظêأ should return 400 for invalid decision (26 ms)
    POST /api/workflows/:id/delegate
      ظêأ should delegate workflow successfully (56 ms)
    GET /api/analytics
      ظêأ should return workflow analytics (6 ms)
    GET /api/audit-log
      ظêأ should return audit log (7 ms)
      ظêأ should filter audit log by workflowId (8 ms)
      ظêأ should filter audit log by action (20 ms)
    Workflow Lifecycle Integration Test
      ظêأ should complete full workflow lifecycle (61 
ms)

[0mPOST /api/ai-predictions/predict-performance [33m403[0m 1.483 ms - 50[0m
[0mGET /api/ai-predictions/predict-churn/user123 [33m403[0m 0.502 ms - 50[0m
[0mGET /api/ai-predictions/predict-behavior/user123 [33m403[0m 0.419 ms - 50[0m
  console.log
    ≡ا» Using in-memory database (development mode)

      at log (config/database.js:14:13)

  console.log
    ≡اôإ Data will be lost when server restarts

      at log (config/database.js:15:13)

  console.log
    ظأآي╕  To use MongoDB Atlas, set USE_MOCK_DB=false in .env

      at log (config/database.js:16:13)

[0mGET /api/ai-predictions/predict-trends/performance?timeframe=30 [33m403[0m 0.439 ms - 50[0m
[0mGET /api/ai-predictions/predictions/user123 [33m403[0m 0.434 ms - 50[0m
  console.log
    ظ╣ي╕  Using in-memory database - seeding skipped

      at log (server.js:346:15)

[0mGET /api/ai-predictions/recommendations/user123 [33m403[0m 0.410 ms - 50[0m
(node:6912) [MONGOOSE] Warning: Duplicate schema index 
on {"email":1} found. This is often due to declaring an 
index using both "index: true" and "schema.index()". 
Please remove the duplicate index definition.
(node:6912) [MONGOOSE] Warning: Duplicate schema index 
on {"beneficiary_id":1} found. This is often due to 
declaring an index using both "index: true" and 
"schema.index()". Please remove the duplicate index 
definition.
(node:6912) [MONGOOSE] Warning: Duplicate schema index 
on {"beneficiary_id":1} found. This is often due to 
declaring an index using both "index: true" and 
"schema.index()". Please remove the duplicate index 
definition.
(node:6912) [MONGOOSE] Warning: Duplicate schema index 
on {"program_code":1} found. This is often due to 
declaring an index using both "index: true" and 
"schema.index()". Please remove the duplicate index 
definition.
(node:24688) [MONGOOSE] Warning: Duplicate schema index 
on {"registrationNumber":1} found. This is often due to 
declaring an index using both "index: true" and 
"schema.index()". Please remove the duplicate index 
definition.
(node:24688) [MONGOOSE] Warning: Duplicate schema index 
on {"plateNumber":1} found. This is often due to 
declaring an index using both "index: true" and 
"schema.index()". Please remove the duplicate index 
definition.
(node:24688) [MONGOOSE] Warning: Duplicate schema index 
on {"assignedDriver":1} found. This is often due to 
declaring an index using both "index: true" and 
"schema.index()". Please remove the duplicate index 
definition.
(node:24688) [MONGOOSE] Warning: Duplicate schema index 
on {"personalInfo.nationalId":1} found. This is often 
due to declaring an index using both "index: true" and 
"schema.index()". Please remove the duplicate index 
definition.
(node:24688) [MONGOOSE] Warning: Duplicate schema index 
on {"license.licenseNumber":1} found. This is often due 
to declaring an index using both "index: true" and 
"schema.index()". Please remove the duplicate index 
definition.
PASS backend/__tests__/saudiComplianceService.test.js
  SaudiComplianceService
    Violation Codes Database
      ظêأ should have 20 violation codes (1 ms)
      ظêأ should have required fields for each 
violation code (8 ms)
      ظêأ violation codes should have valid fines (2 ms)
      ظêأ violation codes should have valid demerit 
points (2 ms)
    recordSaudiViolation
      ظêأ should record a valid violation
      ظêأ should reject invalid violation code
    calculateViolationSeverity
      ظêأ should return "╪ذ╪│┘è╪╖╪ر (╪║╪▒╪د┘à╪ر 
┘┘é╪╖)" for 0 points
      ظêأ should return "┘à╪ز┘ê╪│╪╖╪ر (1-3 ┘┘é╪د╪╖)" 
for 1-3 points (1 ms)
      ظêأ should return "╪«╪╖┘è╪▒╪ر (4-6 ┘┘é╪د╪╖)" for 
4-6 points (2 ms)
      ظêأ should return "╪┤╪»┘è╪»╪ر (7+ ┘┘é╪د╪╖)" for 
7+ points
    checkRegistrationValidity
      ظêأ should return valid for non-expired 
registration (1 ms)
      ظêأ should return invalid for expired registration
      ظêأ should return warning for registration 
expiring soon
    checkInsuranceValidity
      ظêأ should validate Saudi insurance providers
      ظêأ should check insurance policy types (1 ms)
    getInspectionSchedule
      ظêأ should return schedule for private vehicles
      ظêأ should return schedule for commercial 
vehicles (1 ms)
      ظêأ should return schedule for buses
    validateVehicleData
      ظêأ should validate correct vehicle data (1 ms)
      ظêأ should detect missing national ID
      ظêأ should validate national ID format (10 
digits) (1 ms)
      ظêأ should calculate data completeness percentage
    calculateDaysRemaining
      ظêأ should calculate positive days for future date
      ظêأ should calculate negative days for past date 
(1 ms)
      ظêأ should return 0 for today
    Error Handling
      ظêأ should handle null vehicle gracefully (1 ms)
      ظêأ should handle missing dates
      ظêأ should handle invalid date formats
    Compliance Score Calculation
      ظêأ should calculate 100% score for compliant 
vehicle (1 ms)
      ظêأ should reduce score for violations

PASS backend/tests/ai-predictions.test.js
  AI Predictions Service
    AIPredictionsService
      ظêأ ╪ز┘ê┘é╪╣ ╪د┘╪ث╪»╪د╪ة ╪ذ┘╪ش╪د╪ص (2 ms)
      ظêأ ╪ز┘ê┘é╪╣ ╪د┘╪د┘╪│╪ص╪د╪ذ ╪ذ┘╪ش╪د╪ص (1 ms)
      ظêأ ╪ز┘ê┘é╪╣ ╪د┘╪│┘┘ê┘â ╪ذ┘╪ش╪د╪ص (1 ms)
      ظêأ ╪ز┘ê┘é╪╣ ╪د┘╪د╪ز╪ش╪د┘ç╪د╪ز ╪ذ┘╪ش╪د╪ص (1 ms)
    AI Predictions API Endpoints
      ظêأ POST /api/ai-predictions/predict-performance 
┘à╪╣ ╪ذ┘è╪د┘╪د╪ز ╪╡╪ص┘è╪ص╪ر (82 ms)
      ظêأ GET /api/ai-predictions/predict-churn/:userId 
┘à╪╣ userId ╪╡╪ص┘è╪ص (4 ms)
      ظêأ GET 
/api/ai-predictions/predict-behavior/:userId ┘à╪╣ 
userId ╪╡╪ص┘è╪ص (3 ms)
      ظêأ GET 
/api/ai-predictions/predict-trends/:category ┘à╪╣ 
category ╪╡╪ص┘è╪ص (4 ms)
      ظêأ GET /api/ai-predictions/predictions/:userId 
┘è╪╣┘è╪» ┘é╪د╪خ┘à╪ر ╪د┘╪ز┘╪ذ╪ج╪د╪ز (3 ms)
      ظêأ GET 
/api/ai-predictions/recommendations/:userId ┘è╪╣┘è╪» 
╪د┘╪ز┘ê╪╡┘è╪د╪ز (3 ms)
    AI Service Helper Functions
      ظêأ ╪ص╪│╪د╪ذ ╪د┘┘à╪ز┘ê╪│╪╖ ╪د┘╪ص╪│╪د╪ذ┘è 
╪ذ╪┤┘â┘ ╪╡╪ص┘è╪ص
      ظêأ ╪ص╪│╪د╪ذ ╪د┘╪د┘╪ص╪▒╪د┘ ╪د┘┘à╪╣┘è╪د╪▒┘è (8 
ms)
      ظêأ ╪ص╪│╪د╪ذ ╪»╪▒╪ش╪ر ╪د┘╪ز┘╪د╪╣┘
      ظêأ ╪ص╪│╪د╪ذ ╪د╪ص╪ز┘à╪د┘┘è╪ر ╪د┘╪د┘╪│╪ص╪د╪ذ
      ظêأ ╪د╪│╪ز╪«┘╪د╪╡ ╪د┘╪╣┘ê╪د┘à┘ ╪د┘┘à╪ج╪س╪▒╪ر 
╪ذ┘╪ش╪د╪ص (1 ms)
      ظêأ ╪ز┘ê┘┘è╪» ╪د┘╪ز┘ê╪╡┘è╪د╪ز ╪ذ┘╪د╪ة┘ï ╪╣┘┘ë 
╪»╪▒╪ش╪ر ╪د┘╪ز┘╪ذ╪ج (21 ms)
    Error Handling
      ظêأ ╪د┘╪ز╪╣╪د┘à┘ ┘à╪╣ ╪د┘╪ذ┘è╪د┘╪د╪ز 
╪د┘┘╪د╪▒╪║╪ر (2 ms)
      ظêأ ╪د┘╪ز╪╣╪د┘à┘ ┘à╪╣ userId ╪║┘è╪▒ ┘à┘ê╪ش┘ê╪»

  console.error
    ظإî Login failed: User not found for email: admin@alawael.com

    [0m [90m 111 |[39m     [36mconst[39m user [33m=[39m [36mawait[39m [33mUser[39m[33m.[39mfindOne({ email })[33m;[39m
     [90m 112 |[39m     [36mif[39m ([33m![39muser) {
    [31m[1m>[22m[39m[90m 113 |[39m       console[33m.[39merror([32m'ظإî Login failed: User not found for email:'[39m[33m,[39m email)[33m;[39m
     [90m     |[39m               [31m[1m^[22m[39m
     [90m 114 |[39m       [36mreturn[39m res[33m.[39mstatus([35m401[39m)[33m.[39mjson({
     [90m 115 |[39m         success[33m:[39m [36mfalse[39m[33m,[39m
     [90m 116 |[39m         message[33m:[39m [32m'Invalid email or password'[39m[33m,[39m[0m

      at error (api/routes/auth.routes.js:113:15)

[0mPOST /api/auth/login [33m401[0m 41.038 ms - 55[0m
PASS backend/tests/auth.test.js
  POST /api/auth/login
    ظêأ should handle login attempt (gracefully fail in 
test mode) (149 ms)

PASS backend/__tests__/validation.test.js
  Validation Middleware
    Password Validation
      ظêأ should accept valid password (1 ms)
      ظêأ should reject password shorter than minimum
      ظêأ should reject password without uppercase 
letter
      ظêأ should reject password without lowercase 
letter
      ظêأ should reject password without number
      ظêأ should reject password without special 
character
      ظêأ should accept various special characters
      ظêأ should reject null password
      ظêأ should reject undefined password
      ظêأ should reject non-string password
      ظêأ should reject empty string password
      ظêأ should reject password exceeding maximum 
length
    Email Validation
      ظêأ should accept valid email
      ظêأ should reject invalid email format
      ظêأ should accept emails with subdomains
      ظêأ should accept emails with special characters 
(1 ms)
      ظêأ should reject email without domain
      ظêأ should reject email without local part
      ظêأ should reject null email
      ظêأ should reject undefined email
      ظêأ should handle email normalization
    Registration Validation
      ظêأ should pass validation middleware for valid 
data (1 ms)
      ظêأ should reject invalid email in registration
      ظêأ should reject weak password in registration 
(1 ms)
      ظêأ should require all registration fields
    Profile Update Validation
      ظêأ should accept valid profile update
      ظêأ should reject invalid email in profile update 
(1 ms)
    Password Change Validation
      ظêأ should validate old and new password
      ظêأ should require password confirmation
      ظêأ should reject mismatched passwords
    Validation Edge Cases
      ظêأ should handle null request body
      ظêأ should handle undefined request body (1 ms)
      ظêأ should handle extra fields in request body (1 
ms)
    Password Policy
      ظêأ should enforce minimum length of 8 characters
      ظêأ should enforce maximum length
      ظêأ should require all policy components (1 ms)

PASS backend/__tests__/models.test.js
  Memory Models - Employee, Attendance, Leave, Finance
    Employee Model
      ظêأ should create new employee (29 ms)
      ظêأ should find all employees (3 ms)
      ظêأ should find employee by ID (2 ms)
      ظêأ should update employee (1 ms)
      ظêأ should delete employee (3 ms)
      ظêأ should not find deleted employee (2 ms)
      ظêأ should handle non-existent employee update
      ظêأ should handle non-existent employee delete (2 
ms)
    Attendance Model
      ظêأ should record attendance (1 ms)
      ظêأ should find attendance by employee (20 ms)
      ظêأ should find attendance by ID (3 ms)
      ظêأ should record checkout time (1 ms)
    Leave Model
      ظêأ should create leave request (2 ms)
      ظêأ should find leaves by employee (3 ms)
      ظêأ should find pending leaves (4 ms)
      ظêأ should approve leave request (4 ms)
      ظêأ should reject leave request (3 ms)
      ظêأ should support multiple leave types (1 ms)
    Model Operations - Edge Cases
      ظêأ should handle empty results (1 ms)
      ظêأ should handle bulk creates (6 ms)
      ظêأ should maintain data integrity (2 ms)
      ظêأ should handle concurrent operations (4 ms)
    Data Validation
      ظêأ should store all required fields (2 ms)
      ظêأ should handle date fields correctly (1 ms)
      ظêأ should assign unique IDs (11 ms)

PASS backend/__tests__/security-compliance.test.js
  Security & Compliance Tests
    Data Protection - Encryption
      ظêأ should encrypt sensitive data (AES-256) (2 ms)
      ظêأ should decrypt encrypted data correctly (1 ms)
      ظêأ should use different IV for each encryption
    Authentication & Authorization
      ظêأ should validate JWT tokens (32 ms)
      ظêأ should reject expired tokens (4 ms)
      ظêأ should enforce role-based access control (1 
ms)
      ظêأ should validate user permissions for 
sensitive operations (4 ms)
    Input Validation & Sanitization
      ظêأ should validate National ID format (10 
digits) (1 ms)
      ظêأ should validate violation codes format (3 ms)
      ظêأ should prevent SQL Injection (1 ms)
      ظêأ should prevent XSS attacks (2 ms)
      ظêأ should validate email format (3 ms)
      ظêأ should limit input length for text fields (12 
ms)
    OWASP Top 10 Prevention
      ظêأ A1: Injection - SQL parameterized queries (1 
ms)
      ظêأ A2: Broken Authentication - Password hashing
      ظêأ A3: Sensitive Data Exposure - HTTPS/TLS (2 ms)
      ظêأ A4: XML External Entity (XXE) Prevention (2 
ms)
      ظêأ A5: Broken Access Control - Authorization 
checks (2 ms)
      ظêأ A6: Security Misconfiguration - Secure 
headers (2 ms)
      ظêأ A7: Cross-Site Scripting (XSS) Prevention (1 
ms)
      ظêأ A8: Insecure Deserialization
      ظêأ A9: Using Components with Known 
Vulnerabilities (1 ms)
      ظêأ A10: Insufficient Logging & Monitoring (1 ms)
    Audit Logging
      ظêأ should log all data access (1 ms)
      ظêأ should log data modifications (1 ms)
      ظêأ should log failed access attempts (1 ms)
      ظêأ should include IP address in audit logs
    GDPR Compliance
      ظêأ should track user consent (1 ms)
      ظêأ should support data access requests
      ظêأ should support data deletion
      ظêأ should maintain data retention policy (26 ms)
      ظêأ should log data export requests (1 ms)
    Rate Limiting & DoS Prevention
      ظêأ should enforce rate limits on API endpoints
      ظêأ should implement exponential backoff (11 ms)
      ظêأ should block repeated failed login attempts
    Secure Configuration
      ظêأ should use environment variables for secrets
      ظêأ should not expose sensitive data in logs (25 
ms)
      ظêأ should implement CORS properly

PASS backend/api/tests/advancedReporting.test.js
  AdvancedReportingService Tests
    Template Management
      ظêأ should create new report template
      ظêأ should retrieve template by ID
      ظêأ should update existing template
      ظêأ should delete template
      ظêأ should list all templates
      ظêأ should validate template structure
    Report Generation
      ظêأ should generate basic report (1 ms)
      ظêأ should generate report with filters
      ظêأ should generate report in different formats
      ظêأ should generate report with aggregations
      ظêأ should include section headers in report
      ظêأ should handle empty data in report
    Report Scheduling
      ظêأ should schedule recurring report (1 ms)
      ظêأ should support different frequencies
      ظêأ should calculate next run time correctly
      ظêأ should get scheduled report details
      ظêأ should pause scheduled report
      ظêأ should resume paused schedule
      ظêأ should delete schedule
    Export Functionality
      ظêأ should export report to CSV
      ظêأ should export report to Excel
      ظêأ should export report to PDF (15 ms)
      ظêأ should export with custom filename (1 ms)
      ظêأ should include metadata in export
      ظêأ should support partial exports
    Filtering and Aggregation
      ظêأ should apply filters during report generation
      ظêأ should calculate sum aggregation
      ظêأ should calculate average aggregation
      ظêأ should calculate count aggregation
      ظêأ should group data for aggregation (6 ms)
    Charts and Visualization
      ظêأ should generate chart data for bar chart
      ظêأ should generate chart data for pie chart
      ظêأ should generate chart data for line chart (7 
ms)
      ظêأ should support chart customization
    Email Distribution
      ظêأ should send report via email
      ظêأ should send to multiple recipients
      ظêأ should include attachments in email
      ظêأ should support email templates
    Caching and Performance
      ظêأ should cache generated report
      ظêأ should clear report cache (1 ms)
      ظêأ should handle large dataset efficiently (32 
ms)
    Error Handling
      ظêأ should handle invalid template
      ظêأ should handle invalid data format (1 ms)
      ظêأ should handle missing required fields
      ظêأ should validate filter conditions
    Report History
      ظêأ should save report to history
      ظêأ should retrieve report from history (1 ms)
      ظêأ should list report history
      ظêأ should delete from history

  console.log
    ≡ا» Using in-memory database (development mode)

      at log (config/database.js:14:13)

PASS backend/api/tests/externalIntegration.test.js
  ExternalIntegrationService Tests
    Slack Integration
      ظêأ should configure Slack connection (1 ms)
      ظêأ should validate Slack webhook URL (1 ms)
      ظêأ should send Slack message
      ظêأ should handle Slack message formatting
      ظêأ should support Slack threads
      ظêأ should handle Slack rate limiting
      ظêأ should handle Slack connection errors
    Email Integration
      ظêأ should configure email service (1 ms)
      ظêأ should validate email address
      ظêأ should send single email
      ظêأ should send bulk emails (1 ms)
      ظêأ should handle email attachments
      ظêأ should support email templates
      ظêأ should retry failed emails (1 ms)
      ظêأ should handle email encoding
      ظêأ should track email delivery
    Webhook Management
      ظêأ should register webhook (1 ms)
      ظêأ should list registered webhooks
      ظêأ should trigger webhook
      ظêأ should retry failed webhook deliveries (1 ms)
      ظêأ should delete webhook
      ظêأ should validate webhook signature
      ظêأ should filter webhook events
      ظêأ should get webhook delivery history
    Connection Status & Monitoring
      ظêأ should check Slack connection
      ظêأ should check email connection
      ظêأ should get overall integration status
      ظêأ should monitor connection health (1 ms)
    Event Logging
      ظêأ should log integration events
      ظêأ should filter logs by type
      ظêأ should get logs with pagination
      ظêأ should clear old logs
      ظêأ should export logs
    Error Handling
      ظêأ should handle invalid configuration
      ظêأ should handle connection timeouts
      ظêأ should handle rate limits
      ظêأ should handle authentication errors
    Performance
      ظêأ should handle bulk email efficiently (1 ms)
      ظêأ should cache webhook configurations

  console.log
    ≡اôإ Data will be lost when server restarts

      at log (config/database.js:15:13)

  console.log
    ظأآي╕  To use MongoDB Atlas, set USE_MOCK_DB=false in .env

      at log (config/database.js:16:13)

  console.log
    ظ╣ي╕  Using in-memory database - seeding skipped

      at log (server.js:346:15)

(node:12048) [MONGOOSE] Warning: Duplicate schema index 
on {"email":1} found. This is often due to declaring an 
index using both "index: true" and "schema.index()". 
Please remove the duplicate index definition.
(Use `node --trace-warnings ...` to show where the 
warning was created)
(node:12048) [MONGOOSE] Warning: Duplicate schema index 
on {"beneficiary_id":1} found. This is often due to 
declaring an index using both "index: true" and 
"schema.index()". Please remove the duplicate index 
definition.
(node:12048) [MONGOOSE] Warning: Duplicate schema index 
on {"beneficiary_id":1} found. This is often due to 
declaring an index using both "index: true" and 
"schema.index()". Please remove the duplicate index 
definition.
(node:12048) [MONGOOSE] Warning: Duplicate schema index 
on {"program_code":1} found. This is often due to 
declaring an index using both "index: true" and 
"schema.index()". Please remove the duplicate index 
definition.
  console.log
    [INFO] Retrieved 0 employees

      at Object.log [as info] (utils/logger.js:6:13)

[0mGET /api/hr/employees [32m200[0m 22.389 ms - 112[0m
PASS backend/__tests__/validators.test.js
  Validators
    Auth Validators
      Login Validation
        ظêأ should validate correct login credentials 
(2 ms)
        ظêأ should reject invalid email
        ظêأ should reject short password (1 ms)
        ظêأ should reject missing email
        ظêأ should reject missing password (27 ms)
        ظêأ should allow various valid email formats (2 
ms)
      Register Validation
        ظêأ should validate correct registration data
        ظêأ should require minimum password length of 8 
(2 ms)
        ظêأ should require fullName
        ظêأ should accept special characters in password
        ظêأ should accept unicode names (2 ms)
    Employee Validators
      Create Employee Validation
        ظêأ should validate correct employee data (5 ms)
        ظêأ should require all mandatory fields (1 ms)
        ظêأ should reject negative salary
        ظêأ should accept zero salary (1 ms)
    Validator Schema Structure
      ظêأ should have auth validators defined
      ظêأ should use Joi schemas (1 ms)
      ظêأ should have arabic error messages (1 ms)
    Edge Cases
      ظêأ should handle whitespace in email
      ظêأ should handle very long email addresses
      ظêأ should handle very long names (1 ms)
      ظêأ should handle empty strings (1 ms)
      ظêأ should handle null values
      ظêأ should handle undefined values (1 ms)
    Validator Reusability
      ظêأ should validate multiple times without 
interference (1 ms)
      ظêأ should not mutate original data

[0mGET /api/hr/employees [33m401[0m 0.528 ms - 54[0m
[0mPOST /api/hr/employees [33m400[0m 1.140 ms - 104[0m
[0mGET /api/hr/employees/123 [33m404[0m 3.998 ms - 60[0m
[0mPUT /api/hr/employees/123 [33m404[0m 1.020 ms - 60[0m
[0mDELETE /api/hr/employees/123 [33m404[0m 1.937 ms - 60[0m
[0mGET /api/hr/attendance [33m404[0m 1.651 ms - 134[0m
PASS backend/api/tests/aiAnalytics.test.js
  AIAnalyticsService Tests
    Attendance Prediction
      ظêأ should predict attendance for next period (2 
ms)
      ظêأ should predict with historical trend (1 ms)
      ظêأ should forecast attendance for multiple 
periods
      ظêأ should handle seasonal patterns in attendance
      ظêأ should calculate prediction confidence (1 ms)
      ظêأ should handle missing data points
    Performance Prediction
      ظêأ should predict performance score
      ظêأ should identify performance factors
      ظêأ should forecast performance trend
      ظêأ should detect performance anomalies (1 ms)
      ظêأ should compare against baseline (1 ms)
      ظêأ should predict performance improvement
    Anomaly Detection
      ظêأ should detect unusual patterns (5 ms)
      ظêأ should classify anomaly severity (1 ms)
      ظêأ should explain anomalies (2 ms)
      ظêأ should detect gradual drift
      ظêأ should handle threshold customization (1 ms)
    Recommendations
      ظêأ should generate smart recommendations
      ظêأ should provide actionable recommendations
      ظêأ should rank recommendations by priority
      ظêأ should tailor recommendations to user
      ظêأ should estimate recommendation impact
      ظêأ should provide confidence in recommendations
    Trend Analysis
      ظêأ should analyze data trends (1 ms)
      ظêأ should identify trend inflection points
      ظêأ should calculate trend slope
      ظêأ should forecast based on trends
      ظêأ should detect seasonality (1 ms)
      ظêأ should compare trends over periods
    Model Management
      ظêأ should list available models (1 ms)
      ظêأ should get model information
      ظêأ should train custom model
      ظêأ should evaluate model performance
      ظêأ should provide model metrics (1 ms)
      ظêأ should handle model versioning
    Correlation Analysis
      ظêأ should find correlations between variables
      ظêأ should identify strong correlations (1 ms)
      ظêأ should distinguish causation from correlation
    Data Quality
      ظêأ should validate data quality
      ظêأ should detect missing values
      ظêأ should identify outliers
    Error Handling
      ظêأ should handle empty data (1 ms)
      ظêأ should handle single data point
      ظêأ should handle all identical values
      ظêأ should handle extreme values
    Performance
      ظêأ should process large datasets efficiently (9 
ms)
      ظêأ should cache predictions
    Batch Operations
      ظêأ should process batch predictions
      ظêأ should handle mixed batch requests

PASS backend/__tests__/reports.routes.expanded.test.js
  Reports Routes
    GET /api/reports/employee-summary
      ظêأ should return employee summary with all 
statistics (65 ms)
      ظêأ should count total employees correctly (4 ms)
      ظêأ should group employees by department (31 ms)
      ظêأ should group employees by status (10 ms)
      ظêأ should categorize employees by salary range 
(10 ms)
      ظêأ should handle empty employee list (6 ms)
      ظêأ should handle missing salary data (6 ms)
      ظêأ should handle errors gracefully (5 ms)
    GET /api/reports/attendance-stats
      ظêأ should return attendance statistics (29 ms)
      ظêأ should filter attendance by date range (11 ms)
      ظêأ should filter attendance by department (9 ms)
      ظêأ should apply multiple filters together (2 ms)
      ظêأ should count attendance by status correctly 
(15 ms)
      ظêأ should calculate average attendance per day 
(5 ms)
      ظêأ should handle empty attendance data (26 ms)
      ظêأ should handle invalid date format (10 ms)
    GET /api/reports/leave-summary
      ظêأ should return leave summary statistics (5 ms)
      ظêأ should categorize leaves by status (13 ms)
      ظêأ should filter leaves by employee (3 ms)
      ظêأ should calculate total leave days (5 ms)
    GET /api/reports/performance
      ظêأ should return performance analytics (11 ms)
      ظêأ should handle performance calculation errors 
(17 ms)
    POST /api/reports/generate-excel
      ظêأ should generate Excel report (20 ms)
      ظêأ should handle Excel generation errors (9 ms)
    POST /api/reports/generate-pdf
      ظêأ should generate PDF report (25 ms)
    POST /api/reports/custom
      ظêأ should generate custom report with filters (5 
ms)
      ظêأ should accept date range filter (8 ms)
      ظêأ should return validation error for missing 
type (21 ms)
    GET /api/reports/department/:deptId
      ظêأ should return report for specific department 
(27 ms)
      ظêأ should handle invalid department ID (10 ms)
    POST /api/reports/schedule
      ظêأ should schedule a new report (5 ms)
      ظêأ should validate required fields (4 ms)
    GET /api/reports/templates
      ظêأ should list available report templates (13 ms)
    GET /api/reports/templates/:templateId
      ظêأ should get specific report template (8 ms)
    GET /api/reports/export
      ظêأ should export report in specified format (3 
ms)
      ظêأ should support multiple export formats (20 ms)
      ظêأ should handle invalid format gracefully (6 ms)
    Error Handling
      ظêأ should return 401 for unauthenticated requests
      ظêأ should handle server errors gracefully (8 ms)
      ظêأ should validate query parameters (2 ms)

  console.log
    ≡ا¤ْ [SECURITY] 2026-01-14T08:55:07.601Z - LOGIN_ATTEMPT { userId: 'user-1', ip: '192.168.1.1' }

      at log (utils/security.js:83:11)

  console.log
    ≡ا¤ْ [SECURITY] 2026-01-14T08:55:07.608Z - ACCESS_DENIED { userId: 'user-1' }

      at log (utils/security.js:83:11)

  console.log
    ≡ا¤ْ [SECURITY] 2026-01-14T08:55:07.609Z - SYSTEM_START {}

      at log (utils/security.js:83:11)

  console.log
    ≡ا¤ْ [SECURITY] 2026-01-14T08:55:07.614Z - SYSTEM_STOP {}

      at log (utils/security.js:83:11)

[0mPOST /api/hr/attendance [33m400[0m 33.757 ms - 91[0m
  console.log
    ≡ا¤ْ [SECURITY] 2026-01-14T08:55:07.617Z - LOGIN_ATTEMPT { test: true }

      at log (utils/security.js:83:11)
          at Array.forEach (<anonymous>)

  console.log
    ≡ا¤ْ [SECURITY] 2026-01-14T08:55:07.619Z - LOGIN_SUCCESS { test: true }

      at log (utils/security.js:83:11)
          at Array.forEach (<anonymous>)

  console.log
    ≡ا¤ْ [SECURITY] 2026-01-14T08:55:07.623Z - LOGIN_FAILED { test: true }

      at log (utils/security.js:83:11)
          at Array.forEach (<anonymous>)

  console.log
    ≡ا¤ْ [SECURITY] 2026-01-14T08:55:07.624Z - ACCESS_DENIED { test: true }

      at log (utils/security.js:83:11)
          at Array.forEach (<anonymous>)

  console.log
    ≡ا¤ْ [SECURITY] 2026-01-14T08:55:07.625Z - REGISTRATION_ATTEMPT { test: true }

      at log (utils/security.js:83:11)
          at Array.forEach (<anonymous>)

  console.log
    ≡ا¤ْ [SECURITY] 2026-01-14T08:55:07.626Z - USER_REGISTERED { test: true }

      at log (utils/security.js:83:11)
          at Array.forEach (<anonymous>)

  console.log
    ≡ا¤ْ [SECURITY] 2026-01-14T08:55:07.627Z - PASSWORD_CHANGED { test: true }

      at log (utils/security.js:83:11)
          at Array.forEach (<anonymous>)

  console.log
    ≡ا¤ْ [SECURITY] 2026-01-14T08:55:07.627Z - UNAUTHORIZED_ACCESS { test: true }

      at log (utils/security.js:83:11)
          at Array.forEach (<anonymous>)

  console.log
    ≡ا¤ْ [SECURITY] 2026-01-14T08:55:07.628Z - SYSTEM_START { test: true }

      at log (utils/security.js:83:11)
          at Array.forEach (<anonymous>)

  console.log
    ≡ا¤ْ [SECURITY] 2026-01-14T08:55:07.629Z - SYSTEM_STOP { test: true }

      at log (utils/security.js:83:11)
          at Array.forEach (<anonymous>)

  console.log
    ≡ا¤ْ [SECURITY] 2026-01-14T08:55:07.629Z - PROFILE_UPDATED {
      userId: 'user-123',
      email: 'test@example.com',
      ip: '192.168.1.1',
      action: 'UPDATE_PROFILE',
      status: 'SUCCESS',
      timestamp: '2026-01-14T08:55:07.629Z'
    }

      at log (utils/security.js:83:11)

[0mGET /api/hr/leaves [32m200[0m 1.524 ms - 76[0m
  console.log
    ≡ا¤ْ [SECURITY] 2026-01-14T08:55:07.631Z - USER_ACCESS_DENIED_HIGH_RISK { reason: 'Suspicious activity' }

      at log (utils/security.js:83:11)

  console.log
    ≡ا¤ْ [SECURITY] 2026-01-14T08:55:07.632Z - COMPLEX_EVENT {
      user: { id: 'user-1', email: 'test@example.com' },
      request: { method: 'POST', path: '/api/users' }
    }

      at log (utils/security.js:83:11)

  console.log
    ≡ا¤ْ [SECURITY] 2026-01-14T08:55:07.637Z - LOGIN { userId: 'user-1' }

      at log (utils/security.js:83:11)
          at Array.forEach (<anonymous>)

  console.log
    ≡ا¤ْ [SECURITY] 2026-01-14T08:55:07.638Z - LOGOUT { userId: 'user-1' }

      at log (utils/security.js:83:11)
          at Array.forEach (<anonymous>)

[0mPOST /api/hr/leaves [33m400[0m 0.666 ms - 65[0m
PASS backend/api/tests/advancedSearch.test.js
  AdvancedSearchService Tests
    Basic Search Operations
      ظêأ should search by single field
      ظêأ should search by multiple fields
      ظêأ should return empty array when no matches
      ظêأ should handle case insensitive search
      ظêأ should search entire object when field is not 
specified
    Fuzzy Search Operations
      ظêأ should perform fuzzy search with typos (1 ms)
      ظêأ should handle partial matches in fuzzy search
      ظêأ should calculate similarity score
      ظêأ should handle empty query in fuzzy search
    Filter Operations
      ظêأ should filter by exact value
      ظêأ should filter with greater than operator
      ظêأ should filter with less than operator
      ظêأ should combine multiple filters (AND)
      ظêأ should filter with IN operator
      ظêأ should filter with CONTAINS operator
      ظêأ should handle date range filter (7 ms)
    Faceted Search
      ظêأ should generate facets for a field
      ظêأ should generate numeric facets with ranges
      ظêأ should handle empty facets
      ظêأ should apply facet filters
    Autocomplete
      ظêأ should provide autocomplete suggestions
      ظêأ should limit autocomplete results
      ظêأ should return unique suggestions
      ظêأ should handle special characters in 
autocomplete
    Sorting
      ظêأ should sort ascending
      ظêأ should sort descending
      ظêأ should sort strings alphabetically
      ظêأ should handle multi-field sort
    Pagination
      ظêأ should paginate results (1 ms)
      ظêأ should return correct page
      ظêأ should handle out of bounds page
    Compound Search
      ظêأ should perform compound search with multiple 
criteria (1 ms)
      ظêأ should combine search with sorting (29 ms)
    Search Statistics
      ظêأ should calculate search statistics
      ظêأ should calculate string statistics (1 ms)
    Export Functionality
      ظêأ should export to CSV
      ظêأ should export to JSON
      ظêأ should export selected fields only
    Error Handling
      ظêأ should handle null data
      ظêأ should handle undefined query
      ظêأ should handle invalid field name (1 ms)
      ظêأ should handle circular references
    Performance
      ظêأ should handle large dataset (5 ms)
      ظêأ should cache frequently used facets
    Edge Cases
      ظêأ should handle empty string search
      ظêأ should handle very long query
      ظêأ should handle special regex characters (1 ms)
      ظêأ should handle unicode characters

[0mGET /api/finance/budgets [33m404[0m 0.942 ms - 136[0m
[0mPOST /api/finance/expenses [32m201[0m 2.616 ms - 222[0m
[0mGET /api/finance/reports [33m404[0m 0.651 ms - 136[0m
PASS backend/__tests__/hr.routes.expanded.test.js
  HR Routes
    GET /api/hr/
      ظêأ should return all employees with default 
pagination (17 ms)
      ظêأ should apply department filter (39 ms)
      ظêأ should apply status filter (8 ms)
      ظêأ should support search functionality (33 ms)
      ظêأ should apply pagination with limit and offset 
(34 ms)
      ظêأ should handle multiple filters together (4 ms)
      ظêأ should return empty list for no matches (11 
ms)
      ظêأ should handle database errors (24 ms)
    GET /api/hr/:id
      ظêأ should return specific employee by ID (8 ms)
      ظêأ should return 404 for non-existent employee 
(3 ms)
      ظêأ should handle database errors (6 ms)
      ظêأ should return complete employee information 
(4 ms)
    GET /api/hr/analytics/summary
      ظêأ should return employee statistics (43 ms)
      ظêأ should calculate average salary (42 ms)
      ظêأ should group employees by department (36 ms)
      ظêأ should handle empty employee list (2 ms)
    POST /api/hr/
      ظêأ should create new employee (9 ms)
      ظêأ should validate required fields (6 ms)
      ظêأ should handle validation errors (29 ms)
      ظêأ should prevent duplicate emails (5 ms)
    PUT /api/hr/:id
      ظêأ should update employee information (6 ms)
      ظêأ should not update non-updatable fields (3 ms)
      ظêأ should handle 404 for non-existent employee 
(3 ms)
      ظêأ should validate updated fields (2 ms)
    DELETE /api/hr/:id
      ظêأ should delete employee (2 ms)
      ظêأ should handle 404 for non-existent employee 
(2 ms)
      ظêأ should soft-delete employee (mark as 
inactive) (5 ms)
    GET /api/hr/attendance/:employeeId
      ظêأ should return employee attendance records (3 
ms)
    GET /api/hr/leaves/:employeeId
      ظêأ should return employee leave history (19 ms)
    GET /api/hr/performance/:employeeId
      ظêأ should return employee performance data (5 ms)
    Authorization Checks
      ظêأ should require admin or hr role for employee 
list
      ظêأ should allow anyone to view their own profile
      ظêأ should restrict salary information by role
    Bulk Operations
      ظêأ should support bulk employee creation (5 ms)
      ظêأ should support bulk update operations (3 ms)
    Export/Import
      ظêأ should export employees to CSV (14 ms)
      ظêأ should export employees to Excel (3 ms)
      ظêأ should import employees from file (9 ms)
    Advanced Search
      ظêأ should search by multiple fields (29 ms)
      ظêأ should filter by salary range (7 ms)
      ظêأ should sort results by field (8 ms)
    Error Handling
      ظêأ should handle server errors gracefully (7 ms)
      ظêأ should log errors appropriately (7 ms)

PASS backend/__tests__/logger.test.js
  Logger Utility
    Logger Methods
      ظêأ should have log method (1 ms)
      ظêأ should log messages (1 ms)
      ظêأ should log errors
      ظêأ should log warnings
      ظêأ should log info (1 ms)
    Logger with Timestamps
      ظêأ should include timestamps in logs
    Logger with Levels
      ظêأ should support different log levels
    Logger with Context
      ظêأ should handle objects in logs
      ظêأ should handle arrays in logs
    Logger Edge Cases
      ظêأ should handle empty messages (1 ms)
      ظêأ should handle null messages
      ظêأ should handle undefined messages
      ظêأ should handle long messages
      ظêأ should handle special characters
    Logger Performance
      ظêأ should handle rapid sequential logs (1 ms)
    Logger Formatting
      ظêأ should format log messages
      ظêأ should include log level in output
    Logger Initialization
      ظêأ should initialize without errors
      ظêأ should be configurable

  console.log
    ≡ا¤ْ [SECURITY] 2026-01-14T08:55:07.685Z - ERROR { message: 'Test error' }

      at log (utils/security.js:83:11)
          at Array.forEach (<anonymous>)

  console.log
    ≡ا¤ْ [SECURITY] 2026-01-14T08:55:07.687Z - EVENT_0 { sequence: 0 }

      at log (utils/security.js:83:11)

  console.log
    ≡ا¤ْ [SECURITY] 2026-01-14T08:55:07.687Z - EVENT_1 { sequence: 1 }

      at log (utils/security.js:83:11)

[0mGET /api/notifications [32m200[0m 0.899 ms - 70[0m
  console.log
    ≡ا¤ْ [SECURITY] 2026-01-14T08:55:07.688Z - EVENT_2 { sequence: 2 }

      at log (utils/security.js:83:11)

  console.log
    ≡ا¤ْ [SECURITY] 2026-01-14T08:55:07.690Z - EVENT_3 { sequence: 3 }

      at log (utils/security.js:83:11)

  console.log
    ≡ا¤ْ [SECURITY] 2026-01-14T08:55:07.691Z - EVENT_4 { sequence: 4 }

      at log (utils/security.js:83:11)

[0mGET /api/notifications [33m401[0m 0.349 ms - 54[0m
PASS backend/__tests__/security.test.js
  Security Utils
    getClientIP
      ظêأ should return x-forwarded-for header if 
present (2 ms)
      ظêأ should return x-real-ip header if 
x-forwarded-for not present
      ظêأ should return req.ip if headers not present
      ظêأ should return connection remote address as 
fallback (22 ms)
      ظêأ should handle empty string headers
      ظêأ should handle multiple forwarded IPs and 
return first
      ظêأ should handle IPv6 addresses (1 ms)
      ظêأ should handle undefined connection object
    logSecurityEvent
      ظêأ should log security event with event name (6 
ms)
      ظêأ should include timestamp in ISO format (2 ms)
      ظêأ should handle empty details object (5 ms)
      ظêأ should handle undefined details (2 ms)
      ظêأ should support multiple event types (13 ms)
      ظêأ should include detailed information in logs 
(1 ms)
      ظêأ should handle special characters in event 
names (2 ms)
      ظêأ should handle nested details objects (4 ms)
    Security Event Logging - Integration
      ظêأ should log events with consistent structure 
(51 ms)
      ظêأ should handle rapid successive events (6 ms)
    IP Detection Edge Cases
      ظêأ should handle all null/undefined values 
gracefully
      ظêأ should handle localhost addresses
      ظêأ should preserve IP format (1 ms)

[0mPOST /api/notifications [33m404[0m 1.986 ms - 135[0m
[0mGET /api/notifications/123 [33m404[0m 1.576 ms - 138[0m
[0mPUT /api/notifications/123/read [33m404[0m 0.521 ms - 143[0m
[0mGET /api/reports/hr [33m404[0m 0.613 ms - 131[0m
[0mGET /api/reports/finance [33m404[0m 15.667 ms - 136[0m
[0mGET /api/reports/attendance [33m404[0m 1.172 ms - 139[0m
[0mGET /api/reports/generate?type=hr&startDate=2024-01-01&endDate=2024-12-31 [33m404[0m 0.487 ms - 185[0m
[0mGET /api/ai/predictions [33m404[0m 1.326 ms - 135[0m
[0mPOST /api/ai/chat [33m404[0m 0.714 ms - 129[0m
[0mPOST /api/ai/chat [33m404[0m 10.902 ms - 129[0m
PASS backend/__tests__/errorHandler.test.js
  Error Handler
    AppError Class
      ظêأ should create AppError with message and 
statusCode
      ظêأ should create AppError with code (1 ms)
      ظêأ should have timestamp in ISO format (3 ms)
      ظêأ should inherit from Error (1 ms)
      ظêأ should have proper error stack (38 ms)
    Global Error Handler Middleware
      ظêأ should handle AppError (1 ms)
      ظêأ should handle generic errors with default 
status 500 (1 ms)
      ظêأ should handle validation errors
      ظêأ should handle duplicate key errors (1 ms)
      ظêأ should handle cast errors
      ظêأ should include timestamp in error response (2 
ms)
      ظêأ should preserve success: false in all 
responses
    Error Response Structure
      ظêأ should have consistent error response 
structure (2 ms)
      ظêأ should include code in AppError responses (2 
ms)
      ظêأ should include errors array for validation 
errors (1 ms)
    Async Handler Wrapper
      ظêأ should execute async function successfully (1 
ms)
      ظêأ should pass arguments to wrapped function (1 
ms)
      ظêأ should catch errors and pass to next
    Error Handling Edge Cases
      ظêأ should handle error without message (1 ms)
      ظêأ should handle error with null statusCode
      ظêأ should handle multiple validation errors
      ظêأ should handle JSON parsing errors

[0mGET /api/ai/analytics [33m404[0m 0.627 ms - 133[0m
PASS backend/__tests__/routes.test.js
  HR Routes
    GET /api/hr/employees
      ظêأ should return all employees for admin (78 ms)
      ظêأ should require authentication (6 ms)
    POST /api/hr/employees
      ظêأ should create new employee (20 ms)
    GET /api/hr/employees/:id
      ظêأ should get employee by ID (26 ms)
    PUT /api/hr/employees/:id
      ظêأ should update employee (7 ms)
    DELETE /api/hr/employees/:id
      ظêأ should delete employee (6 ms)
    GET /api/hr/attendance
      ظêأ should get attendance records (8 ms)
    POST /api/hr/attendance
      ظêأ should record attendance (40 ms)
    GET /api/hr/leaves
      ظêأ should get leaves (18 ms)
    POST /api/hr/leaves
      ظêأ should request leave (5 ms)
  Finance Routes
    GET /api/finance/budgets
      ظêأ should get budgets (5 ms)
    POST /api/finance/expenses
      ظêأ should record expense (7 ms)
    GET /api/finance/reports
      ظêأ should get financial reports (33 ms)
  Notifications Routes
    GET /api/notifications
      ظêأ should get user notifications (5 ms)
      ظêأ should require authentication (4 ms)
    POST /api/notifications
      ظêأ should send notification (6 ms)
    GET /api/notifications/:id
      ظêأ should get specific notification (8 ms)
    PUT /api/notifications/:id/read
      ظêأ should mark notification as read (4 ms)
  Reports Routes
    GET /api/reports/hr
      ظêأ should get HR reports (4 ms)
    GET /api/reports/finance
      ظêأ should get finance reports (19 ms)
    GET /api/reports/attendance
      ظêأ should get attendance reports (22 ms)
    GET /api/reports/generate
      ظêأ should generate report (6 ms)
  AI Routes
    GET /api/ai/predictions
      ظêأ should get AI predictions (9 ms)
    POST /api/ai/chat
      ظêأ should send chat message (5 ms)
      ظêأ should require message field (21 ms)
    GET /api/ai/analytics
      ظêأ should get analytics (6 ms)

PASS backend/__tests__/rateLimiter.test.js
  Rate Limiting Middleware
    API Limiter Configuration
      ظêأ should have correct window size (10 ms)
      ظêأ should enforce maximum requests per window (1 
ms)
      ظêأ should return proper error message (1 ms)
    Auth Limiter Configuration
      ظêأ should have strict rate limit for auth (1 ms)
      ظêأ should skip successful requests when 
configured (1 ms)
      ظêأ should provide auth-specific message (17 ms)
    Password Limiter Configuration
      ظêأ should have very strict rate limit
      ظêأ should use 1 hour window for password 
operations
      ظêأ should limit password attempts severely (1 ms)
    Create Account Limiter Configuration
      ظêأ should limit account creation (5 ms)
      ظêأ should use 1 hour window (1 ms)
      ظêأ should allow 3 account creations per hour
    Rate Limiter Behavior
      ظêأ should call next when under limit (1 ms)
      ظêأ should include rate limit headers (1 ms)
      ظêأ should not use legacy headers when configured
    Rate Limit Configuration Structure
      ظêأ should have consistent structure for all 
limiters (1 ms)
      ظêأ should have proper message format (1 ms)
    Rate Limit Edge Cases
      ظêأ should handle IP spoofing detection
      ظêأ should handle multiple requests from same IP 
(1 ms)
      ظêأ should handle requests from different IPs
    Rate Limit Window Sizes
      ظêأ should use 15 minutes for general API
      ظêأ should use 1 hour for sensitive operations (1 
ms)
      ظêأ should properly calculate milliseconds
    Rate Limit Max Requests
      ظêأ should allow 100 general API requests
      ظêأ should limit auth to 5 attempts
      ظêأ should limit password to 3 attempts (1 ms)
      ظêأ should limit account creation to 3 per hour
    Test Environment Configuration
      ظêأ should skip rate limiting in test mode
      ظêأ should apply rate limiting in production

PASS backend/api/tests/projectManagement.test.js
  ProjectManagementService Tests
    Project CRUD Operations
      ظêأ should create project (1 ms)
      ظêأ should retrieve project by ID
      ظêأ should update project
      ظêأ should list all projects (1 ms)
      ظêأ should delete project
      ظêأ should validate project data
    Phase Management
      ظêأ should add phase to project
      ظêأ should list project phases
      ظêأ should update phase
      ظêأ should delete phase
      ظêأ should calculate phase progress
    Task Management
      ظêأ should create task in project
      ظêأ should update task status (1 ms)
      ظêأ should list project tasks
      ظêأ should filter tasks by status
      ظêأ should assign tasks
      ظêأ should set task dependencies
      ظêأ should calculate task progress (1 ms)
      ظêأ should delete task (4 ms)
    Resource Allocation
      ظêأ should allocate resource to project
      ظêأ should get project resources
      ظêأ should update resource allocation (1 ms)
      ظêأ should check resource availability
      ظêأ should remove resource from project
    Risk Management
      ظêأ should identify project risks
      ظêأ should get risk severity
      ظêأ should update risk status
      ظêأ should list project risks
      ظêأ should delete risk (1 ms)
    Budget Management
      ظêأ should create project budget
      ظêأ should record budget expense
      ظêأ should calculate budget usage
      ظêأ should get budget report
      ظêأ should warn on budget overrun (1 ms)
    Project Progress & Analytics
      ظêأ should calculate project progress
      ظêأ should get project timeline
      ظêأ should generate project report (1 ms)
      ظêأ should get project health status (1 ms)
    Project Closure
      ظêأ should close completed project
      ظêأ should generate closure report
      ظêأ should archive closed project
    Error Handling
      ظêأ should handle invalid project data
      ظêأ should handle missing required fields
      ظêأ should prevent tasks without project
    Performance
      ظêأ should handle large number of tasks (3 ms)
      ظêأ should generate report efficiently (1 ms)

PASS backend/__tests__/models.extended.test.js
  User Model Extended Tests
    ظêأ should create user with all fields (2 ms)
    ظêأ should find user by email
    ظêأ should authenticate user with correct password 
(1 ms)
    ظêأ should reject authentication with wrong 
password (41 ms)
    ظêأ should update user profile (1 ms)
    ظêأ should delete user
  Employee Model Extended Tests
    ظêأ should create employee with full information (1 
ms)
    ظêأ should find all employees with pagination (1 ms)
    ظêأ should find employees by department
    ظêأ should get total employee count
    ظêأ should update employee information (1 ms)
    ظêأ should delete employee
    ظêأ should handle bulk employee operations
  Attendance Model Extended Tests
    ظêأ should create attendance record
    ظêأ should find attendance by employee
    ظêأ should get monthly attendance statistics
    ظêأ should update attendance record
    ظêأ should delete attendance record (1 ms)
    ظêأ should handle bulk attendance records
  Leave Model Extended Tests
    ظêأ should create leave request (1 ms)
    ظêأ should find leave requests by employee (2 ms)
    ظêأ should approve leave request
    ظêأ should reject leave request
    ظêأ should calculate leave days (1 ms)
    ظêأ should handle overlapping leave requests
  Finance Model Extended Tests
    ظêأ should create expense record
    ظêأ should find expenses by employee (1 ms)
    ظêأ should create budget
    ظêأ should calculate budget utilization (1 ms)
    ظêأ should update budget
  AI Predictions Model Tests
    ظêأ should store attendance prediction (1 ms)
    ظêأ should store salary prediction
    ظêأ should store leave trend analysis
  Notification Model Tests
    ظêأ should create notification
    ظêأ should mark notification as read
    ظêأ should get unread notification count
  Data Integrity Tests
    ظêأ should maintain referential integrity for 
employee-attendance relationship
    ظêأ should handle null/undefined values gracefully 
(1 ms)
    ظêأ should validate data types (1 ms)
  Performance Tests
    ظêأ should handle large datasets efficiently (1 ms)
    ظêأ should cache frequently accessed data (5 ms)

PASS backend/__tests__/models.simple.test.js
  Memory Models - Simplified Tests
    Employee Model
      ظêأ should create new employee (4 ms)
      ظêأ should find all employees (2 ms)
      ظêأ should find employee by ID (2 ms)
      ظêأ should update employee (2 ms)
      ظêأ should delete employee (4 ms)
    Attendance Model
      ظêأ should create attendance record (4 ms)
      ظêأ should find attendance records (3 ms)
    Leave Model
      ظêأ should create leave request (1 ms)
      ظêأ should find pending leaves (2 ms)
      ظêأ should update leave status (5 ms)

PASS backend/__tests__/ai.routes.expanded.test.js
  AI Routes
    GET /api/ai/predictions/attendance
      ظêأ should return attendance prediction for 
specific employee (167 ms)
      ظêأ should return predictions for all employees 
without employeeId (4 ms)
      ظêأ should handle invalid employee ID gracefully 
(3 ms)
      ظêأ should calculate risk levels correctly (3 ms)
      ظêأ should return prediction confidence score (4 
ms)
      ظêأ should handle database errors (7 ms)
    GET /api/ai/predictions/salary
      ظêأ should return salary budget prediction (37 ms)
      ظêأ should include confidence level (7 ms)
      ظêأ should return currency information (10 ms)
      ظêأ should handle missing employee data (7 ms)
    GET /api/ai/predictions/leaves
      ظêأ should return leave need predictions (21 ms)
      ظêأ should identify peak leave months (7 ms)
      ظêأ should include prediction confidence (3 ms)
      ظêأ should handle historical leave data (6 ms)
    GET /api/ai/analytics/trends
      ظêأ should return attendance trend analysis or 
404 if not implemented (3 ms)
      ظêأ should analyze performance trends or 404 (3 
ms)
      ظêأ should return leave patterns or 404 (3 ms)
      ظêأ should support time range filtering or 404 (4 
ms)
      ظêأ should filter by department or 404 (39 ms)
    GET /api/ai/performance/:employeeId
      ظêأ should return employee performance score or 
handle errors (9 ms)
      ظêأ should include performance grade or handle 
errors (7 ms)
      ظêأ should predict performance trend or handle 
errors (5 ms)
      ظêأ should handle invalid employee ID (6 ms)
    GET /api/ai/insights/employee/:employeeId
      ظêأ should return AI-generated employee insights 
or 404 (6 ms)
      ظêأ should include recommendations or 404 (26 ms)
      ظêأ should analyze behavior patterns or 404 (6 ms)
    GET /api/ai/insights/executive-summary
      ظêأ should return executive summary of all 
insights or 404 (6 ms)
      ظêأ should include critical alerts or 404 (5 ms)
    GET /api/ai/automation/suggestions
      ظêأ should suggest automation opportunities or 
404 if not implemented (5 ms)
      ظêأ should calculate time savings potential or 
404 (7 ms)
      ظêأ should filter by department or 404 (5 ms)
      ظêأ should prioritize suggestions by impact or 
404 (33 ms)
    POST /api/ai/automation/workflows
      ظêأ should create new automation workflow or 404 
(38 ms)
      ظêأ should validate workflow configuration (3 ms)
      ظêأ should handle duplicate workflow names (3 ms)
    POST /api/ai/chat
      ظêأ should respond to user query or 404 if not 
implemented (2 ms)
      ظêأ should maintain conversation context or 404 
(5 ms)
      ظêأ should handle empty messages or 404 (16 ms)
      ظêأ should validate message length or 404 (6 ms)
      ظêأ should support multiple languages or 404 (6 
ms)
    GET /api/ai/recommendations/:employeeId
      ظêأ should return personalized recommendations or 
404 if not implemented (5 ms)
      ظêأ should include recommendation reasons or 404 
(2 ms)
      ظêأ should filter recommendations by category or 
404 (4 ms)
    GET /api/ai/analytics/dashboard
      ظêأ should return comprehensive analytics 
dashboard or 404 if not implemented (5 ms)
      ظêأ should include key metrics or 404 (5 ms)
      ظêأ should support date range filtering or 404 (6 
ms)
    Error Handling
      ظêأ should handle authentication errors
      ظêأ should handle missing dependencies (26 ms)
      ظêأ should handle timeout scenarios (7 ms)
      ظêأ should validate query parameters (15 ms)
    Rate Limiting
      ظêأ should handle high request volume (25 ms)

Summary of all failing tests
FAIL __tests__/database.test.js
  ظù In-Memory Database Configuration ظ║ Data 
Integrity ظ║ should handle concurrent reads

    expect(received).toHaveLength(expected)

    Expected length: 1
    Received length: 0
    Received array:  []

    [0m [90m 292 |[39m
     [90m 293 |[39m       
reads[33m.[39mforEach(data [33m=>[39m {
    [31m[1m>[22m[39m[90m 294 |[39m         expect(
data[33m.[39musers)[33m.[39mtoHaveLength([35m1[39m
)[33m;[39m
     [90m     |[39m                            
[31m[1m^[22m[39m
     [90m 295 |[39m         expect(data[33m.[39muser
s[[35m0[39m][33m.[39mname)[33m.[39mtoBe([32m'User
 1'[39m)[33m;[39m
     [90m 296 |[39m       })[33m;[39m
     [90m 297 |[39m     })[33m;[39m[0m

      at toHaveLength 
(__tests__/database.test.js:294:28)
          at Array.forEach (<anonymous>)
      at Object.forEach 
(__tests__/database.test.js:293:13)


Test Suites: 1 failed, 1 skipped, 32 passed, 33 of 34 
total
Tests:       1 failed, 37 skipped, 890 passed, 928 total
Snapshots:   0 total
Time:        6.292 s
Ran all test suites.
