
> alawael-erp-backend@1.0.0 test
> jest --testPathPattern="(auth\.test\.js|documents-routes\.phase3\.test\.js|messaging-routes\.phase2\.test\.js|finance-routes\.phase2\.test\.js|notifications-routes\.phase2\.test\.js|reporting-routes\.phase2\.test\.js|payrollRoutes\.test\.js|users\.test\.js|integration-routes\.comprehensive\.test\.js|maintenance\.comprehensive\.test\.js|notification-system\.test\.js)" --coverage

[0mPOST /api/reports/generate [32m201[0m 2.145 ms - 253[0m
[0mPOST /api/reports/generate [32m201[0m 0.426 ms - 259[0m
[0mPOST /api/reports/generate [32m201[0m 0.179 ms - 288[0m
[0mPOST /api/reports/generate [32m201[0m 0.247 ms - 315[0m
[0mPOST /api/reports/generate [32m201[0m 0.254 ms - 348[0m
[0mPOST /api/reports/generate [32m201[0m 0.532 ms - 338[0m
[0mPOST /api/auth/register [32m201[0m 72.670 ms - 351[0m
[0mPOST /api/reports/generate [31m500[0m 23.262 ms - 130[0m
[0mPOST /api/reports/generate [33m400[0m 0.173 ms - 53[0m
[0mGET /api/reports [32m200[0m 2.075 ms - 153[0m
[0mGET /api/reports?page=1&limit=10 [32m200[0m 3.213 ms - 153[0m
[0mGET /api/reports?type=summary [32m200[0m 0.608 ms - 153[0m
[0mGET /api/reports?status=completed [32m200[0m 0.421 ms - 153[0m
[0mGET /api/reports/search?q=sales [32m200[0m 0.912 ms - 130[0m
[0mGET /api/reports/report123 [32m200[0m 0.734 ms - 159[0m
[0mGET /api/reports?sort=-generatedAt [32m200[0m 1.167 ms - 153[0m
[0mPOST /api/auth/register [32m201[0m 59.803 ms - 361[0m
[0mGET /api/reports/statistics [32m200[0m 0.424 ms - 126[0m
[0mPOST /api/reports/schedule [32m201[0m 0.856 ms - 192[0m
[0mPOST /api/auth/register [33m400[0m 1.380 ms - 54[0m
[0mPOST /api/reports/schedule [32m201[0m 0.199 ms - 192[0m
[0mPOST /api/auth/register [33m400[0m 0.930 ms - 652[0m
[0mPOST /api/reports/schedule [32m201[0m 0.202 ms - 192[0m
[0mGET /api/reports/scheduled [32m200[0m 0.743 ms - 31[0m
[0mPUT /api/reports/schedule/sched123 [32m200[0m 0.401 ms - 160[0m
[0mDELETE /api/reports/schedule/sched123 [32m200[0m 0.233 ms - 45[0m
[0mPATCH /api/reports/schedule/sched123/pause [32m200[0m 0.264 ms - 62[0m
[0mGET /api/reports/report123/export/pdf [32m200[0m 1.082 ms - 86[0m
[0mGET /api/reports/report123/export/excel [32m200[0m 0.409 ms - 97[0m
[0mGET /api/reports/report123/export/csv [32m200[0m 0.412 ms - 79[0m
[0mGET /api/reports/report123/export/json [32m200[0m 0.419 ms - 88[0m
[0mPOST /api/reports/export-bulk [32m200[0m 0.228 ms - 79[0m
[0mPOST /api/reports/report123/email [32m200[0m 0.252 ms - 93[0m
[0mPOST /api/reports/report123/schedule-export [32m201[0m 0.241 ms - 147[0m
[0mGET /api/reports?from=2026-01-01&to=2026-02-10 [32m200[0m 0.646 ms - 153[0m
[0mGET /api/reports?department=sales [32m200[0m 0.759 ms - 153[0m
[0mGET /api/reports?region=north [32m200[0m 0.524 ms - 153[0m
[0mPOST /api/auth/register [32m201[0m 64.539 ms - 366[0m
[0mGET /api/reports?department=sales&region=north&type=summary [32m200[0m 0.981 ms - 153[0m
[0mGET /api/reports?sort=-generatedAt [32m200[0m 0.386 ms - 153[0m
[0mGET /api/reports?sort=name [32m200[0m 0.477 ms - 153[0m
[0mGET /api/reports/metrics [32m200[0m 0.425 ms - 102[0m
[0mGET /api/reports/analytics/top-types [32m200[0m 0.681 ms - 119[0m
[0mGET /api/reports/analytics/performance [32m200[0m 0.423 ms - 162[0m
[0mGET /api/reports/analytics/trends [32m200[0m 0.424 ms - 115[0m
[0mGET /api/reports/analytics/most-accessed [32m200[0m 0.498 ms - 88[0m
[0mPOST /api/reports/report123/share [32m200[0m 0.260 ms - 91[0m
[0mPOST /api/reports/report123/share-link [32m201[0m 0.264 ms - 114[0m
[0mGET /api/reports/shared-with-me [32m200[0m 0.760 ms - 178[0m
[0mDELETE /api/reports/report123/share/user456 [32m200[0m 0.387 ms - 60[0m
[0mPATCH /api/reports/report123/share [32m200[0m 0.411 ms - 75[0m
[0mDELETE /api/reports/report123 [32m200[0m 0.312 ms - 80[0m
[0mPATCH /api/reports/report123/archive [32m200[0m 0.230 ms - 83[0m
[0mPOST /api/auth/login [32m200[0m 56.136 ms - 359[0m
[0mPATCH /api/reports/report123/restore [32m200[0m 0.238 ms - 84[0m
[0mPATCH /api/reports/report123/rename [32m200[0m 0.534 ms - 97[0m
[0mPOST /api/auth/login [33m401[0m 9.549 ms - 55[0m
[0mPOST /api/reports/report123/duplicate [32m201[0m 0.256 ms - 177[0m
[0mPATCH /api/reports/report123/tags [32m200[0m 0.254 ms - 84[0m
[0mPOST /api/reports/report123/comments [32m201[0m 0.277 ms - 75[0m
[0mGET /api/reports/nonexistent [33m404[0m 0.447 ms - 44[0m
[0mGET /api/reports [31m500[0m 1.165 ms - 130[0m
[0mPOST /api/reports/generate [32m201[0m 0.213 ms - 253[0m
[0mPOST /api/reports/generate [32m201[0m 0.307 ms - 253[0m
[0mPOST /api/reports/generate [32m201[0m 0.181 ms - 253[0m
[0mPOST /api/reports/generate [32m201[0m 0.139 ms - 253[0m
[0mPOST /api/reports/generate [32m201[0m 0.161 ms - 285[0m
[0mPOST /api/reports/generate [32m201[0m 0.596 ms - 28[0m
[0mPOST /api/reports/generate [32m201[0m 0.531 ms - 324[0m
[0mPOST /api/auth/login [33m401[0m 56.541 ms - 55[0m
[0mPOST /api/auth/register [32m201[0m 54.629 ms - 357[0m
[0mPOST /api/auth/logout [32m200[0m 2.276 ms - 46[0m
node.exe : PASS __tests__/reporting-routes.phase2.test.js
At line:1 char:1
+ & "C:\Program Files\nodejs/node.exe" "C:\Users\x-be\AppData\Roaming\n ...
+ ~~~~~~~~~~~~~~~~~~~~~~~~~~~~~~~~~~~~~~~~~~~~~~~~~~~~~~~~~~~~~~~~~~~~~
    + CategoryInfo          : NotSpecified: (PASS __tests__/....phase2.test.js 
   :String) [], RemoteException
    + FullyQualifiedErrorId : NativeCommandError
 
  ظù Console

    console.error
      ERROR ≡اْح {
        statusCode: 500,
        code: 'INTERNAL_ERROR',
        message: 'Generation failed',
        name: 'Error'
      }

    [0m [90m 104 |[39m   [90m// Programming or other unknown error: don't 
leak error details[39m
     [90m 105 |[39m   [36melse[39m {
    [31m[1m>[22m[39m[90m 106 |[39m     
console[33m.[39merror([32m'ERROR ≡اْح'[39m[33m,[39m err)[33m;[39m
     [90m     |[39m             [31m[1m^[22m[39m
     [90m 107 |[39m
     [90m 108 |[39m     res[33m.[39mstatus([35m500[39m)[33m.[39mjson({
     [90m 109 |[39m       success[33m:[39m [36mfalse[39m[33m,[39m[0m

      at error (middleware/errorHandler.enhanced.js:106:13)
      at sendErrorProd (middleware/errorHandler.enhanced.js:158:5)
      at Layer.handle_error (node_modules/express/lib/router/layer.js:71:5)
      at trim_prefix (node_modules/express/lib/router/index.js:326:13)
      at node_modules/express/lib/router/index.js:286:9
      at Function.process_params 
(node_modules/express/lib/router/index.js:346:12)
      at next (node_modules/express/lib/router/index.js:280:10)
      at Layer.handle_error (node_modules/express/lib/router/layer.js:67:12)
      at trim_prefix (node_modules/express/lib/router/index.js:326:13)
      at node_modules/express/lib/router/index.js:286:9
      at Function.process_params 
(node_modules/express/lib/router/index.js:346:12)
      at next (node_modules/express/lib/router/index.js:280:10)
      at Layer.handle_error (node_modules/express/lib/router/layer.js:67:12)
      at trim_prefix (node_modules/express/lib/router/index.js:326:13)
      at node_modules/express/lib/router/index.js:286:9
      at Function.process_params 
(node_modules/express/lib/router/index.js:346:12)
      at next (node_modules/express/lib/router/index.js:280:10)
      at node_modules/express/lib/router/index.js:646:15
      at next (node_modules/express/lib/router/index.js:265:14)
      at next (node_modules/express/lib/router/route.js:141:14)
      at next (api/routes/reporting.routes.js:27:21)
      at Layer.handle [as handle_request] 
(node_modules/express/lib/router/layer.js:95:5)
      at next (node_modules/express/lib/router/route.js:149:13)
      at Route.dispatch (node_modules/express/lib/router/route.js:119:3)
      at Layer.handle [as handle_request] 
(node_modules/express/lib/router/layer.js:95:5)
      at node_modules/express/lib/router/index.js:284:15
      at Function.process_params 
(node_modules/express/lib/router/index.js:346:12)
      at next (node_modules/express/lib/router/index.js:280:10)
      at Function.handle (node_modules/express/lib/router/index.js:175:3)
      at router (node_modules/express/lib/router/index.js:47:12)
      at Layer.handle [as handle_request] 
(node_modules/express/lib/router/layer.js:95:5)
      at trim_prefix (node_modules/express/lib/router/index.js:328:13)
      at node_modules/express/lib/router/index.js:286:9
      at Function.process_params 
(node_modules/express/lib/router/index.js:346:12)
      at next (node_modules/express/lib/router/index.js:280:10)
      at serveStatic (node_modules/serve-static/index.js:75:16)
      at Layer.handle [as handle_request] 
(node_modules/express/lib/router/layer.js:95:5)
      at trim_prefix (node_modules/express/lib/router/index.js:328:13)
      at node_modules/express/lib/router/index.js:286:9
      at Function.process_params 
(node_modules/express/lib/router/index.js:346:12)
      at next (node_modules/express/lib/router/index.js:280:10)
      at next (config/security.advanced.js:22:32)
      at advancedApiLimiter (server.js:341:3)
      at Layer.handle [as handle_request] 
(node_modules/express/lib/router/layer.js:95:5)
      at trim_prefix (node_modules/express/lib/router/index.js:328:13)
      at node_modules/express/lib/router/index.js:286:9
      at Function.process_params 
(node_modules/express/lib/router/index.js:346:12)
      at next (node_modules/express/lib/router/index.js:280:10)
      at next (middleware/rateLimiter.js:114:12)
      at apiLimiter (server.js:333:3)
      at Layer.handle [as handle_request] 
(node_modules/express/lib/router/layer.js:95:5)
      at trim_prefix (node_modules/express/lib/router/index.js:328:13)
      at node_modules/express/lib/router/index.js:286:9
      at Function.process_params 
(node_modules/express/lib/router/index.js:346:12)
      at next (node_modules/express/lib/router/index.js:280:10)
      at next (config/security.advanced.js:133:3)
      at Layer.handle [as handle_request] 
(node_modules/express/lib/router/layer.js:95:5)
      at trim_prefix (node_modules/express/lib/router/index.js:328:13)
      at node_modules/express/lib/router/index.js:286:9
      at Function.process_params 
(node_modules/express/lib/router/index.js:346:12)
      at next (node_modules/express/lib/router/index.js:280:10)
      at logger (node_modules/morgan/index.js:144:5)
      at Layer.handle [as handle_request] 
(node_modules/express/lib/router/layer.js:95:5)
      at trim_prefix (node_modules/express/lib/router/index.js:328:13)
      at node_modules/express/lib/router/index.js:286:9
      at Function.process_params 
(node_modules/express/lib/router/index.js:346:12)
      at next (node_modules/express/lib/router/index.js:280:10)
      at next (middleware/responseHandler.js:38:3)
      at Layer.handle [as handle_request] 
(node_modules/express/lib/router/layer.js:95:5)
      at trim_prefix (node_modules/express/lib/router/index.js:328:13)
      at node_modules/express/lib/router/index.js:286:9
      at Function.process_params 
(node_modules/express/lib/router/index.js:346:12)
      at next (node_modules/express/lib/router/index.js:280:10)
      at next (config/performance.js:62:14)
      at Layer.handle [as handle_request] 
(node_modules/express/lib/router/layer.js:95:5)
      at trim_prefix (node_modules/express/lib/router/index.js:328:13)
      at node_modules/express/lib/router/index.js:286:9
      at Function.process_params 
(node_modules/express/lib/router/index.js:346:12)
      at next (node_modules/express/lib/router/index.js:280:10)
      at next (config/performance.js:184:3)
      at Layer.handle [as handle_request] 
(node_modules/express/lib/router/layer.js:95:5)
      at trim_prefix (node_modules/express/lib/router/index.js:328:13)
      at node_modules/express/lib/router/index.js:286:9
      at Function.process_params 
(node_modules/express/lib/router/index.js:346:12)
      at next (node_modules/express/lib/router/index.js:280:10)
      at compression (node_modules/compression/index.js:243:5)
      at Layer.handle [as handle_request] 
(node_modules/express/lib/router/layer.js:95:5)
      at trim_prefix (node_modules/express/lib/router/index.js:328:13)
      at node_modules/express/lib/router/index.js:286:9
      at Function.process_params 
(node_modules/express/lib/router/index.js:346:12)
      at next (node_modules/express/lib/router/index.js:280:10)
      at next (middleware/requestValidation.js:198:3)
      at Layer.handle [as handle_request] 
(node_modules/express/lib/router/layer.js:95:5)
      at trim_prefix (node_modules/express/lib/router/index.js:328:13)
      at node_modules/express/lib/router/index.js:286:9
      at Function.process_params 
(node_modules/express/lib/router/index.js:346:12)
      at next (node_modules/express/lib/router/index.js:280:10)
      at hpp (node_modules/hpp/lib/index.js:146:9)

    console.error
      ERROR ≡اْح {
        statusCode: 500,
        code: 'INTERNAL_ERROR',
        message: 'DB Error',
        name: 'Error'
      }

    [0m [90m 104 |[39m   [90m// Programming or other unknown error: don't 
leak error details[39m
     [90m 105 |[39m   [36melse[39m {
    [31m[1m>[22m[39m[90m 106 |[39m     
console[33m.[39merror([32m'ERROR ≡اْح'[39m[33m,[39m err)[33m;[39m
     [90m     |[39m             [31m[1m^[22m[39m
     [90m 107 |[39m
     [90m 108 |[39m     res[33m.[39mstatus([35m500[39m)[33m.[39mjson({
     [90m 109 |[39m       success[33m:[39m [36mfalse[39m[33m,[39m[0m

      at error (middleware/errorHandler.enhanced.js:106:13)
      at sendErrorProd (middleware/errorHandler.enhanced.js:158:5)
      at Layer.handle_error (node_modules/express/lib/router/layer.js:71:5)
      at trim_prefix (node_modules/express/lib/router/index.js:326:13)
      at node_modules/express/lib/router/index.js:286:9
      at Function.process_params 
(node_modules/express/lib/router/index.js:346:12)
      at next (node_modules/express/lib/router/index.js:280:10)
      at Layer.handle_error (node_modules/express/lib/router/layer.js:67:12)
      at trim_prefix (node_modules/express/lib/router/index.js:326:13)
      at node_modules/express/lib/router/index.js:286:9
      at Function.process_params 
(node_modules/express/lib/router/index.js:346:12)
      at next (node_modules/express/lib/router/index.js:280:10)
      at Layer.handle_error (node_modules/express/lib/router/layer.js:67:12)
      at trim_prefix (node_modules/express/lib/router/index.js:326:13)
      at node_modules/express/lib/router/index.js:286:9
      at Function.process_params 
(node_modules/express/lib/router/index.js:346:12)
      at Immediate.next (node_modules/express/lib/router/index.js:280:10)
      at Immediate._onImmediate 
(node_modules/express/lib/router/index.js:646:15)

PASS __tests__/auth.test.js
  ظù Console

    console.error
      ظإî Login failed: User not found for email: nonexistent@example.com

    [0m [90m 111 |[39m     [36mconst[39m user [33m=[39m [36mawait[39m 
[33mUser[39m[33m.[39mfindOne({ email })[33m;[39m
     [90m 112 |[39m     [36mif[39m ([33m![39muser) {
    [31m[1m>[22m[39m[90m 113 |[39m       
console[33m.[39merror([32m'ظإî Login failed: User not found for 
email:'[39m[33m,[39m email)[33m;[39m
     [90m     |[39m               [31m[1m^[22m[39m
     [90m 114 |[39m       [36mreturn[39m 
res[33m.[39mstatus([35m401[39m)[33m.[39mjson({
     [90m 115 |[39m         success[33m:[39m [36mfalse[39m[33m,[39m
     [90m 116 |[39m         message[33m:[39m [32m'Invalid email or 
password'[39m[33m,[39m[0m

      at error (api/routes/auth.routes.js:113:15)

    console.error
      ظإî Login failed: Invalid password for email: newlogin@example.com

    [0m [90m 127 |[39m
     [90m 128 |[39m     [36mif[39m ([33m![39misPasswordValid) {
    [31m[1m>[22m[39m[90m 129 |[39m       
console[33m.[39merror([32m'ظإî Login failed: Invalid password for 
email:'[39m[33m,[39m email)[33m;[39m
     [90m     |[39m               [31m[1m^[22m[39m
     [90m 130 |[39m       
logSecurityEvent([32m'FAILED_LOGIN'[39m[33m,[39m {
     [90m 131 |[39m         email[33m,[39m
     [90m 132 |[39m         ip[33m:[39m getClientIP(req)[33m,[39m[0m

      at error (api/routes/auth.routes.js:129:15)

[0mPOST /api/messages [32m201[0m 0.713 ms - 168[0m
[0mPOST /api/messages [33m400[0m 0.617 ms - 49[0m
[0mPOST /api/messages [33m400[0m 0.165 ms - 69[0m
[0mPOST /api/messages [32m201[0m 0.234 ms - 168[0m
[0mPOST /api/messages [32m201[0m 0.218 ms - 168[0m
[0mPOST /api/messages [32m201[0m 0.282 ms - 168[0m
[0mPOST /api/messages [32m201[0m 0.202 ms - 168[0m
[0mPOST /api/messages [32m201[0m 0.281 ms - 168[0m
[0mGET /api/messages [32m200[0m 1.722 ms - 211[0m
[0mGET /api/messages?page=1&limit=10 [32m200[0m 0.472 ms - 211[0m
[0mGET /api/messages?sender=sender123 [32m200[0m 0.415 ms - 211[0m
[0mGET /api/messages?unread=true [32m200[0m 0.479 ms - 211[0m
[0mGET /api/messages/msg123 [32m200[0m 0.701 ms - 96[0m
[0mGET /api/messages/nonexistent [33m404[0m 0.560 ms - 47[0m
[0mGET /api/messages?sort=-createdAt [32m200[0m 0.408 ms - 211[0m
[0mPUT /api/messages/msg123 [32m200[0m 0.336 ms - 86[0m
[0mPATCH /api/messages/msg123/read [32m200[0m 0.387 ms - 76[0m
[0mPATCH /api/messages/mark-read [32m200[0m 0.534 ms - 196[0m
[0mPUT /api/messages/msg123 [32m200[0m 0.228 ms - 86[0m
[0mPUT /api/messages/msg123 [33m400[0m 0.194 ms - 49[0m
[0mPUT /api/messages/other-user-msg [33m403[0m 0.255 ms - 63[0m
[0mGET /api/messages/search?q=matching [32m200[0m 0.579 ms - 84[0m
[0mGET /api/messages?from=2026-01-01&to=2026-02-10 [32m200[0m 0.546 ms - 211[0m
[0mGET /api/messages?threadId=thread123 [32m200[0m 0.412 ms - 211[0m
[0mGET /api/messages/search?q=test@example.com [32m200[0m 0.375 ms - 84[0m
[0mDELETE /api/messages/msg123 [32m200[0m 0.463 ms - 78[0m
[0mDELETE /api/messages/msg123?soft=true [32m200[0m 0.274 ms - 78[0m
[0mPOST /api/messages/delete-bulk [32m200[0m 0.360 ms - 69[0m
[0mDELETE /api/messages/other-msg [33m403[0m 0.154 ms - 63[0m
[0mDELETE /api/messages/already-deleted [33m404[0m 0.307 ms - 47[0m
[0mPOST /api/threads [32m201[0m 0.361 ms - 270[0m
[0mGET /api/threads [32m200[0m 0.598 ms - 243[0m
[0mGET /api/threads/thread123 [32m200[0m 0.508 ms - 307[0m
[0mPOST /api/threads/thread123/messages [32m201[0m 0.313 ms - 225[0m
[0mPATCH /api/threads/thread123/archive [32m200[0m 0.523 ms - 57[0m
[0mGET /api/users [32m200[0m 1.700 ms - 384[0m
[0mPOST /api/threads/thread123/leave [32m200[0m 0.294 ms - 53[0m
[0mGET /api/messages/unread/count [32m200[0m 0.530 ms - 51[0m
[0mGET /api/users [32m200[0m 1.362 ms - 384[0m
[0mPATCH /api/conversations/conv123/mark-read [32m200[0m 0.674 ms - 119[0m
[0mGET /api/messages/unread [32m200[0m 0.501 ms - 40[0m
[0mGET /api/users [33m403[0m 1.015 ms - 51[0m
[0mPOST /api/messages/clear-unread [32m200[0m 0.395 ms - 31[0m
[0mGET /api/messages [31m500[0m 1.286 ms - 76[0m
[0mGET /api/users [33m401[0m 2.184 ms - 54[0m
[0mPOST /api/messages [31m500[0m 0.328 ms - 84[0m
[0mGET /api/users/user-1 [32m200[0m 0.856 ms - 202[0m
[0mPOST /api/messages [32m201[0m 0.244 ms - 168[0m
[0mGET /api/messages [31m500[0m 0.433 ms - 78[0m
[0mGET /api/users/non-existent [33m404[0m 1.570 ms - 44[0m
[0mGET /api/users/user-1 [32m200[0m 0.983 ms - 202[0m
[0mPOST /api/messages [32m201[0m 0.231 ms - 168[0m
[0mPOST /api/messages [32m201[0m 0.186 ms - 168[0m
[0mGET /api/users/user-1 [33m403[0m 0.909 ms - 51[0m
[0mPOST /api/messages [32m201[0m 0.264 ms - 168[0m
[0mPOST /api/messages [32m201[0m 0.194 ms - 168[0m
[0mPOST /api/messages [32m201[0m 0.167 ms - 168[0m
[0mGET /api/messages [32m200[0m 0.627 ms - 75[0m
[0mPOST /api/messages [32m201[0m 0.218 ms - 168[0m
[0mPOST /api/messages/group [32m201[0m 0.796 ms - 168[0m
[0mPOST /api/messages/schedule [32m201[0m 0.667 ms - 168[0m
[0mPOST /api/messages/msg123/react [32m200[0m 0.314 ms - 108[0m
[0mPOST /api/messages/msg123/forward [32m201[0m 1.040 ms - 168[0m
[0mPOST /api/threads/thread123/pin-message [32m200[0m 0.378 ms - 148[0m
[0mPOST /api/users [32m201[0m 65.913 ms - 178[0m
[0mPOST /api/users [33m400[0m 0.666 ms - 54[0m
[0mPOST /api/users [33m403[0m 0.948 ms - 51[0m
[0mPOST /api/users [31m500[0m 7.706 ms - 51[0m
[0mPUT /api/users/user-1 [32m200[0m 4.415 ms - 146[0m
[0mPUT /api/users/non-existent [33m404[0m 1.591 ms - 44[0m
[0mPUT /api/users/user-1 [33m403[0m 0.466 ms - 51[0m
[0mDELETE /api/users/user-1 [32m200[0m 0.677 ms - 54[0m
[0mDELETE /api/users/non-existent [33m404[0m 0.381 ms - 44[0m
[0mDELETE /api/users/user-1 [33m403[0m 0.332 ms - 51[0m
[0mGET /api/users/user-1/profile [33m404[0m 1.914 ms - 176[0m
[0mPUT /api/users/user-1/profile [33m404[0m 0.466 ms - 176[0m
[0mGET /api/users [33m403[0m 0.490 ms - 50[0m
[0mGET /api/users [33m401[0m 1.000 ms - 69[0m
[0mGET /api/users [33m401[0m 0.358 ms - 54[0m
PASS __tests__/messaging-routes.phase2.test.js
PASS __tests__/users.test.js
  ظù Console

    console.error
      Create user error: Error: Illegal arguments: undefined, string
          at _async (C:\Users\x-be\OneDrive\╪د┘┘à╪│╪ز┘╪»╪د╪ز\04-10-2025\66666
\backend\node_modules\bcryptjs\dist\bcrypt.js:214:46)
          at C:\Users\x-be\OneDrive\╪د┘┘à╪│╪ز┘╪»╪د╪ز\04-10-2025\66666\backend
\node_modules\bcryptjs\dist\bcrypt.js:223:17
          at new Promise (<anonymous>)
          at Object.bcrypt.hash (C:\Users\x-be\OneDrive\╪د┘┘à╪│╪ز┘╪»╪د╪ز\04-1
0-2025\66666\backend\node_modules\bcryptjs\dist\bcrypt.js:222:20)
          at hash (C:\Users\x-be\OneDrive\╪د┘┘à╪│╪ز┘╪»╪د╪ز\04-10-2025\66666\b
ackend\api\routes\users.routes.js:138:41)

    [0m [90m 164 |[39m     })[33m;[39m
     [90m 165 |[39m   } [36mcatch[39m (error) {
    [31m[1m>[22m[39m[90m 166 |[39m     
console[33m.[39merror([32m'Create user error:'[39m[33m,[39m 
error)[33m;[39m
     [90m     |[39m             [31m[1m^[22m[39m
     [90m 167 |[39m     [36mreturn[39m 
res[33m.[39mstatus([35m500[39m)[33m.[39mjson({
     [90m 168 |[39m       success[33m:[39m [36mfalse[39m[33m,[39m
     [90m 169 |[39m       message[33m:[39m [32m'Failed to create 
user'[39m[33m,[39m[0m

      at error (api/routes/users.routes.js:166:13)

[0mPOST /api/notifications [32m201[0m 0.552 ms - 194[0m
[0mPOST /api/notifications [32m201[0m 0.338 ms - 203[0m
[0mPOST /api/notifications [32m201[0m 0.262 ms - 199[0m
[0mPOST /api/notifications [32m201[0m 0.248 ms - 190[0m
[0mPOST /api/notifications [33m400[0m 1.087 ms - 60[0m
[0mPOST /api/notifications [33m400[0m 0.158 ms - 60[0m
[0mPOST /api/notifications [32m201[0m 0.595 ms - 180[0m
[0mPOST /api/notifications [32m201[0m 1.088 ms - 190[0m
[0mPOST /api/notifications [32m201[0m 0.233 ms - 198[0m
[0mGET /api/notifications [32m200[0m 2.493 ms - 80[0m
[0mGET /api/notifications?page=1&limit=10 [32m200[0m 1.645 ms - 80[0m
[0mGET /api/notifications?type=warning [32m200[0m 0.790 ms - 80[0m
[0mGET /api/notifications?unread=true [32m200[0m 0.797 ms - 80[0m
[0mGET /api/notifications/notif123 [32m200[0m 0.610 ms - 106[0m
[0mGET /api/notifications?sort=-createdAt [32m200[0m 1.012 ms - 80[0m
[0mGET /api/notifications/search?q=system [32m200[0m 0.635 ms - 221[0m
[0mGET /api/notifications?category=security [32m200[0m 0.809 ms - 80[0m
[0mPATCH /api/notifications/notif123/read [32m200[0m 1.035 ms - 102[0m
[0mPATCH /api/notifications/mark-read-bulk [32m200[0m 0.544 ms - 28[0m
[0mPATCH /api/notifications/mark-all-read [32m200[0m 0.347 ms - 28[0m
[0mPATCH /api/notifications/notif123/archive [32m200[0m 0.302 ms - 66[0m
[0mPATCH /api/notifications/notif123/restore [32m200[0m 0.297 ms - 67[0m
[0mPATCH /api/notifications/notif123/favorite [32m200[0m 0.360 ms - 66[0m
[0mPATCH /api/notifications/notif123/snooze [32m200[0m 0.435 ms - 92[0m
[0mDELETE /api/notifications/notif123 [32m200[0m 0.387 ms - 16[0m
[0mDELETE /api/notifications/notif123?soft=true [32m200[0m 0.234 ms - 16[0m
[0mPOST /api/notifications/delete-bulk [32m200[0m 0.440 ms - 28[0m
[0mPOST /api/notifications/delete-read [32m200[0m 0.360 ms - 29[0m
[0mPOST /api/notifications/cleanup [32m200[0m 0.353 ms - 58[0m
[0mGET /api/notifications/preferences [32m200[0m 0.469 ms - 108[0m
[0mPUT /api/notifications/preferences [32m200[0m 0.305 ms - 148[0m
[0mPATCH /api/notifications/preferences/types [32m200[0m 0.584 ms - 100[0m
[0mPATCH /api/notifications/preferences/quiet-hours [32m200[0m 0.358 ms - 119[0m
[0mPATCH /api/notifications/preferences/channels [32m200[0m 0.341 ms - 127[0m
[0mGET /api/notifications/templates [32m200[0m 0.541 ms - 91[0m
[0mGET /api/notifications/templates/welcome [32m200[0m 0.445 ms - 83[0m
[0mPOST /api/notifications/from-template [32m201[0m 0.386 ms - 135[0m
[0mPOST /api/notifications/email [32m201[0m 0.249 ms - 64[0m
[0mPOST /api/notifications/sms [32m201[0m 0.220 ms - 62[0m
[0mPOST /api/notifications/push [32m201[0m 0.226 ms - 59[0m
[0mGET /api/notifications/notif123/status [32m200[0m 0.452 ms - 84[0m
[0mPOST /api/notifications/notif123/retry [32m200[0m 0.346 ms - 70[0m
[0mGET /api/notifications/unread/count [32m200[0m 0.459 ms - 51[0m
[0mGET /api/notifications/unread/count-by-type [32m200[0m 0.459 ms - 70[0m
[0mPOST /api/notifications [33m400[0m 0.153 ms - 60[0m
[0mPOST /api/notifications [32m201[0m 0.366 ms - 180[0m
[0mPOST /api/notifications [32m201[0m 0.194 ms - 182[0m
[0mPOST /api/notifications [32m201[0m 0.138 ms - 182[0m
[0mPOST /api/notifications [32m201[0m 0.132 ms - 182[0m
[0mPOST /api/notifications [32m201[0m 0.147 ms - 182[0m
[0mPOST /api/notifications [32m201[0m 0.197 ms - 182[0m
[0mGET /api/notifications?userId=nonexistent [32m200[0m 2.091 ms - 80[0m
[0mPOST /api/notifications [32m201[0m 0.325 ms - -[0m
[0mPOST /api/notifications [32m201[0m 0.173 ms - 222[0m
[0mPOST /api/notifications/bulk-create [32m201[0m 0.482 ms - 478[0m
PASS __tests__/documents-routes.phase3.test.js
PASS __tests__/notifications-routes.phase2.test.js
[0mPOST /api/finance/transactions [32m201[0m 0.689 ms - 164[0m
[0mPOST /api/finance/transactions [32m201[0m 0.359 ms - 166[0m
[0mPOST /api/finance/transactions [33m400[0m 0.210 ms - 58[0m
[0mPOST /api/finance/transactions [33m400[0m 0.188 ms - 58[0m
[0mPOST /api/finance/transactions [33m400[0m 0.198 ms - 53[0m
[0mPOST /api/finance/transactions [32m201[0m 0.200 ms - 166[0m
[0mPOST /api/finance/transactions [32m201[0m 0.285 ms - 156[0m
[0mPOST /api/finance/transactions [32m201[0m 0.223 ms - 168[0m
[0mGET /api/finance/transactions [32m200[0m 0.751 ms - 224[0m
[0mGET /api/finance/transactions?page=1&limit=10 [32m200[0m 0.376 ms - 224[0m
[0mGET /api/finance/transactions?type=income [32m200[0m 0.837 ms - 224[0m
[0mGET /api/finance/transactions?from=2026-01-01&to=2026-02-10 [32m200[0m 0.386 ms - 224[0m
[0mGET /api/finance/transactions?category=sales [32m200[0m 0.388 ms - 224[0m
[0mGET /api/finance/transactions/trans123 [32m200[0m 0.513 ms - 101[0m
[0mGET /api/finance/transactions/search?q=sales [32m200[0m 1.073 ms - 179[0m
[0mGET /api/finance/transactions?aggregate=true [32m200[0m 0.481 ms - 280[0m
[0mPUT /api/finance/transactions/trans123 [32m200[0m 0.375 ms - 109[0m
[0mPUT /api/finance/transactions/trans123 [33m403[0m 0.152 ms - 65[0m
[0mPATCH /api/finance/transactions/trans123/status [32m200[0m 0.321 ms - 109[0m
[0mPOST /api/finance/transactions/trans123/receipts [32m200[0m 0.417 ms - 109[0m
[0mPOST /api/finance/transactions/trans123/reverse [32m201[0m 0.493 ms - 193[0m
[0mPOST /api/finance/budgets [32m201[0m 0.384 ms - 109[0m
[0mPOST /api/finance/budgets [33m400[0m 0.184 ms - 57[0m
[0mGET /api/finance/budgets [32m200[0m 0.543 ms - 104[0m
[0mGET /api/finance/budgets/budget123 [32m200[0m 2.619 ms - 112[0m
[0mPUT /api/finance/budgets/budget123 [32m200[0m 0.394 ms - 109[0m
[0mGET /api/finance/budgets [32m200[0m 0.376 ms - 104[0m
[0mDELETE /api/finance/budgets/budget123 [32m200[0m 0.340 ms - 40[0m
[0mGET /api/finance/balance [32m200[0m 0.516 ms - 90[0m
[0mGET /api/finance/balance?from=2026-01-01&to=2026-02-10 [32m200[0m 0.481 ms - 111[0m
[0mGET /api/finance/summary [32m200[0m 0.460 ms - 61[0m
[0mGET /api/finance/breakdown [32m200[0m 0.586 ms - 106[0m
[0mGET /api/finance/report/monthly?month=2&year=2026 [32m200[0m 0.628 ms - 163[0m
[0mGET /api/finance/export/csv [32m200[0m 0.563 ms - 41[0m
[0mGET /api/finance/export/pdf [32m200[0m 0.642 ms - 98[0m
[0mPOST /api/finance/reconcile [32m200[0m 0.384 ms - 163[0m
[0mGET /api/finance/discrepancies [32m200[0m 0.925 ms - 45[0m
[0mPOST /api/finance/discrepancies/disc123/resolve [32m200[0m 0.361 ms - 159[0m
[0mPOST /api/finance/validate-balance [32m200[0m 0.322 ms - 91[0m
[0mPOST /api/finance/payments [32m201[0m 0.377 ms - 233[0m
[0mGET /api/finance/payments?status=pending [32m200[0m 0.606 ms - 40[0m
[0mPATCH /api/finance/payments/pay123/complete [32m200[0m 0.822 ms - 134[0m
[0mPOST /api/finance/payments/pay123/cancel [32m200[0m 0.455 ms - 127[0m
[0mPOST /api/finance/transactions [32m201[0m 0.776 ms - 155[0m
[0mPOST /api/finance/transactions [32m201[0m 0.231 ms - 155[0m
[0mGET /api/finance/balance [32m200[0m 0.528 ms - 90[0m
[0mGET /api/finance/balance [32m200[0m 0.400 ms - 90[0m
[0mPOST /api/finance/transactions [32m201[0m 0.218 ms - 176[0m
[0mPOST /api/finance/transactions [32m201[0m 0.253 ms - 163[0m
[0mPOST /api/finance/transactions [32m201[0m 0.244 ms - 164[0m
[0mPOST /api/finance/transactions [32m201[0m 0.161 ms - 163[0m
[0mPOST /api/finance/transactions [32m201[0m 0.133 ms - 164[0m
[0mPOST /api/finance/transactions [32m201[0m 0.139 ms - 163[0m
[0mPOST /api/finance/transactions [32m201[0m 0.212 ms - 172[0m
[0mPOST /api/finance/transactions [32m201[0m 0.275 ms - 187[0m
[0mGET /api/payroll/monthly/10/2025 [32m200[0m 47.758 ms - 36[0m
[0mGET /api/payroll/monthly/10/2025 [33m401[0m 8.611 ms - 67[0m
[0mGET /api/payroll/monthly/13/2025 [32m200[0m 10.489 ms - 36[0m
[0mGET /api/payroll/699b04cff36acd47d89c13c1 [33m404[0m 4.406 ms - 58[0m
[0mGET /api/payroll/invalid-id [33m400[0m 2.964 ms - 128[0m
[0mPOST /api/payroll/create [33m400[0m 2.542 ms - 118[0m
[0mPOST /api/payroll/create [33m400[0m 5.045 ms - 103[0m
[0mPUT /api/payroll/699b04cff36acd47d89c13ca/submit-approval [33m404[0m 3.387 ms - 58[0m
[0mPUT /api/payroll/699b04cff36acd47d89c13cd/approve [33m404[0m 3.059 ms - 58[0m
[0mPOST /api/payroll/process-monthly [32m200[0m 3.456 ms - 52[0m
[0mPOST /api/payroll/compensation/structures [33m400[0m 13.784 ms - 378[0m
[0mGET /api/payroll/compensation/structures [32m200[0m 3.988 ms - 36[0m
[0mPOST /api/payroll/compensation/incentives [32m200[0m 4.950 ms - 470[0m
[0mGET /api/payroll/compensation/incentives/pending [32m200[0m 13.659 ms - -[0m
[0mPUT /api/payroll/compensation/incentives/699b04cff36acd47d89c13dc/approve [33m404[0m 3.490 ms - 58[0m
[0mPOST /api/payroll/compensation/penalties [33m400[0m 1.500 ms - 128[0m
[0mGET /api/payroll/stats/10/2025 [32m200[0m 7.253 ms - 85[0m
[0mGET /api/payroll/monthly/invalid/invalid [32m200[0m 4.093 ms - 36[0m
[0mGET /api/payroll/nonexistent-route [33m400[0m 2.030 ms - 135[0m
[0mPOST /api/payroll/create [33m400[0m 0.917 ms - 113[0m
PASS __tests__/finance-routes.phase2.test.js
PASS __tests__/payrollRoutes.test.js
[0mGET /api/health [32m200[0m 0.515 ms - 118[0m
[0mGET /api/v1/maintenance/schedules [33m404[0m 0.958 ms - 184[0m
[0mGET /api/v1/maintenance/schedules [33m404[0m 1.434 ms - 184[0m
[0mGET /api/v1/maintenance/schedules [33m404[0m 0.498 ms - 184[0m
[0mGET /api/v1/maintenance/schedules [33m404[0m 0.465 ms - 184[0m
[0mPOST /api/v1/maintenance/schedules [33m404[0m 0.395 ms - 185[0m
[0mPOST /api/v1/maintenance/schedules [33m404[0m 0.175 ms - 185[0m
[0mGET /api/v1/maintenance/schedules [33m404[0m 0.404 ms - 184[0m
[0mGET /api/v1/maintenance/predict/VEH-DEMO-001 [33m404[0m 0.368 ms - 206[0m
[0mGET /api/v1/maintenance/schedules [33m404[0m 1.029 ms - 184[0m
[0mGET /api/v1/maintenance/schedules [33m404[0m 0.389 ms - 184[0m
[0mPOST /api/v1/maintenance/schedules [33m404[0m 0.144 ms - 185[0m
[0mPOST /api/integrations/slack/configure [32m200[0m 0.479 ms - 45[0m
[0mPOST /api/integrations/slack/configure [31m500[0m 0.737 ms - 43[0m
[0mPOST /api/integrations/slack/send [32m200[0m 0.450 ms - 37[0m
[0mPOST /api/integrations/slack/send [31m500[0m 0.328 ms - 45[0m
[0mPOST /api/integrations/email/configure [32m200[0m 0.414 ms - 45[0m
[0mPOST /api/integrations/email/configure [33m400[0m 0.225 ms - 59[0m
[0mPOST /api/integrations/email/send [32m200[0m 0.322 ms - 39[0m
[0mPOST /api/integrations/email/send [31m500[0m 0.310 ms - 53[0m
[0mPOST /api/integrations/email/bulk [32m200[0m 0.322 ms - 25[0m
[0mPOST /api/integrations/email/bulk [31m500[0m 0.231 ms - 46[0m
[0mPOST /api/webhooks/register [33m404[0m 0.179 ms - 171[0m
[0mPOST /api/webhooks/register [33m404[0m 0.154 ms - 171[0m
[0mPOST /api/webhooks/webhook123/trigger [33m404[0m 0.257 ms - 191[0m
[0mPOST /api/webhooks/nonexistent/trigger [33m404[0m 0.180 ms - 193[0m
[0mPOST /api/webhooks/webhook123/trigger [33m404[0m 0.234 ms - 191[0m
[0mDELETE /api/webhooks/webhook123 [33m404[0m 0.174 ms - 177[0m
[0mDELETE /api/webhooks/nonexistent [33m404[0m 0.156 ms - 179[0m
[0mPOST /api/integrations/slack/configure [32m200[0m 0.197 ms - 45[0m
[0mPOST /api/webhooks/webhook123/trigger [33m404[0m 0.172 ms - 191[0m
[0mPOST /api/webhooks/register [33m404[0m 0.166 ms - 171[0m
[0mPOST /api/webhooks/register [33m404[0m 0.132 ms - 171[0m
[0mPOST /api/webhooks/register [33m404[0m 0.112 ms - 171[0m
[0mPOST /api/webhooks/register [33m404[0m 0.120 ms - 171[0m
[0mPOST /api/webhooks/register [33m404[0m 0.117 ms - 171[0m
[0mPOST /api/integrations/slack/send [32m200[0m 0.191 ms - 37[0m
[0mPOST /api/integrations/email/send [32m200[0m 0.227 ms - 39[0m
[0mPOST /api/integrations/email/bulk [32m200[0m 0.169 ms - 25[0m
[0mPOST /api/webhooks/webhook123/trigger [33m404[0m 0.162 ms - 191[0m
PASS __tests__/maintenance.comprehensive.test.js
PASS __tests__/integration-routes.comprehensive.test.js
PASS __tests__/notification-system.test.js
------------------------------------------|---------|----------|---------|---------|-----------------------------------------------------------------------------------------------------------------------------------------------------------------------------------------------------------------------------------------------------------------------------------------
File                                      | % Stmts | % Branch | % Funcs | % Lines | Uncovered Line #s                                                                                                                                                                                                                                                                       
------------------------------------------|---------|----------|---------|---------|-----------------------------------------------------------------------------------------------------------------------------------------------------------------------------------------------------------------------------------------------------------------------------------------
All files                                 |   34.71 |    19.89 |   23.63 |   35.56 |                                                                                                                                                                                                                                                                                         
 backend                                  |    55.9 |    31.76 |   18.51 |   56.09 |                                                                                                                                                                                                                                                                                         
  app.js                                  |     100 |      100 |     100 |     100 |                                                                                                                                                                                                                                                                                         
  server.js                               |   55.74 |    31.76 |   18.51 |   55.94 | 14,133,141,152,166,197-250,310,330,339,365,383,393,402,415,447,456,511,563-565,728,735,745,756-814,830-929,942-982,994-1024                                                                                                                                                             
 backend/api/routes                       |      41 |    30.59 |   25.97 |   43.92 |                                                                                                                                                                                                                                                                                         
  auth.routes.js                          |   49.55 |    45.45 |   42.85 |      50 | 12-13,86-87,104,165-167,180-223,254-275,288-319,332-373                                                                                                                                                                                                                                 
  crm.routes.legacy.js                    |    8.84 |        0 |       0 |   10.92 | 240-253,299-320,333-365,378-407,420-458,471-495,508-533,546-575,588-656                                                                                                                                                                                                                 
  documents.routes.js                     |   13.48 |        0 |       0 |   15.28 | 236-272,286-339,353-384,398-404,418-424,438-478,492-518,532-549,563-610,624-680,692-699,707-714,719-727,732-742,747-755,760-768,773-781                                                                                                                                                 
  modules.routes.js                       |      32 |        0 |       0 |      32 | 230-251,265-278,292-306                                                                                                                                                                                                                                                                 
  reporting.routes.js                     |   75.72 |    60.86 |   91.17 |   80.79 | 34,41,49,56,62,72,81,100,134,142,150,158,163,174,186,193,201,208,215,223,231,239,247,256-261                                                                                                                                                                                            
  users.routes.js                         |   76.54 |    45.23 |      75 |   75.64 | 9,17-18,21-25,29,32,45,67-68,108-109,214-215,232,260-261                                                                                                                                                                                                                                
 backend/config                           |   20.46 |    13.55 |   18.55 |   20.89 |                                                                                                                                                                                                                                                                                         
  backup.js                               |   17.85 |       25 |       0 |   17.85 | 15-17,23-43,50-70,76-102                                                                                                                                                                                                                                                                
  database.js                             |    6.89 |        0 |       0 |    6.97 | 9-129,134-147,153-159,166                                                                                                                                                                                                                                                               
  database.optimization.js                |   17.77 |        0 |       0 |   17.77 | 13-39,70-81,92-104,115-123,135-156                                                                                                                                                                                                                                                      
  inMemoryDB.js                           |   55.55 |     37.5 |   66.66 |   55.55 | 18-23,34-37,53-57                                                                                                                                                                                                                                                                       
  notificationTemplates.js                |     100 |      100 |     100 |     100 |                                                                                                                                                                                                                                                                                         
  performance.js                          |   29.34 |    11.76 |   31.25 |      30 | 19-50,65-97,106-117,125-142,180,230-266                                                                                                                                                                                                                                                 
  redis.js                                |    7.82 |    10.71 |       0 |    7.82 | 24-287,307-309                                                                                                                                                                                                                                                                          
  security.advanced.js                    |   70.73 |    34.61 |   66.66 |      70 | 32-34,67,73-85,106                                                                                                                                                                                                                                                                      
  security.config.js                      |    4.16 |    12.63 |    5.88 |    4.67 | 292-532,551-586                                                                                                                                                                                                                                                                         
 backend/controllers                      |    1.72 |        0 |       0 |    1.72 |                                                                                                                                                                                                                                                                                         
  disability-rehabilitation.controller.js |    1.72 |        0 |       0 |    1.72 | 20-399                                                                                                                                                                                                                                                                                  
 backend/db/seeders                       |   17.39 |        0 |       0 |   17.39 |                                                                                                                                                                                                                                                                                         
  initialData.js                          |   17.39 |        0 |       0 |   17.39 | 6-45                                                                                                                                                                                                                                                                                    
 backend/middleware                       |   33.49 |    17.54 |   23.36 |   33.77 |                                                                                                                                                                                                                                                                                         
  apiKey.middleware.js                    |      35 |       20 |     100 |      35 | 10,19-46                                                                                                                                                                                                                                                                                
  auth.js                                 |   37.31 |    27.27 |      25 |   37.87 | 14-28,37-41,51,74-75,94-114,130-144                                                                                                                                                                                                                                                     
  auth.middleware.js                      |   26.11 |       16 |   16.66 |   25.95 | 43,62-131,144-159,172-189,198-218,227-243,252-258,266-270,279,296-328,340-365,372-379,387-406                                                                                                                                                                                           
  errorHandler.enhanced.js                |   45.58 |       44 |   27.77 |   46.26 | 12-16,25-26,34-35,42-45,52-54,61,68,75-77,96,127,135,140,145,150,155,181-187,197-201                                                                                                                                                                                                    
  maintenance.middleware.js               |   64.51 |    41.66 |   66.66 |   64.51 | 14-20,39-40,49-54                                                                                                                                                                                                                                                                       
  rateLimiter.js                          |    20.3 |     7.59 |   22.22 |   20.45 | 22-25,33-53,65-82,94-105,117-131,138-149,163-180,188-206,214-248,256-272,279-280,288-296,303-347                                                                                                                                                                                        
  requestValidation.js                    |   59.52 |    34.37 |   26.66 |   59.52 | 13-28,62-109                                                                                                                                                                                                                                                                            
  responseHandler.js                      |   66.66 |        0 |      25 |   66.66 | 7,16,25                                                                                                                                                                                                                                                                                 
  sanitize.js                             |   83.33 |      100 |       0 |   83.33 | 14                                                                                                                                                                                                                                                                                      
  validation.js                           |   23.52 |     2.35 |   11.76 |      24 | 86-98,169-172,185-215,224-254,261-284,299-333,337-338,345,352-353,360-361                                                                                                                                                                                                               
 backend/models                           |    42.5 |    17.81 |   16.23 |   43.71 |                                                                                                                                                                                                                                                                                         
  ApiKey.js                               |   83.33 |      100 |       0 |   83.33 | 42                                                                                                                                                                                                                                                                                      
  Budget.js                               |     100 |      100 |     100 |     100 |                                                                                                                                                                                                                                                                                         
  Employee.js                             |   83.33 |      100 |       0 |   83.33 | 55                                                                                                                                                                                                                                                                                      
  Notification.js                         |   57.14 |        0 |       0 |   57.14 | 148-155                                                                                                                                                                                                                                                                                 
  Notification.memory.js                  |   30.64 |     9.09 |   21.73 |   33.33 | 10-12,16-17,26-52,64-65,83-207                                                                                                                                                                                                                                                          
  Session.js                              |      55 |       40 |       0 |      55 | 74,79-81,86-87,92,99,108                                                                                                                                                                                                                                                                
  Transaction.js                          |    87.5 |      100 |       0 |    87.5 | 21                                                                                                                                                                                                                                                                                      
  User.js                                 |   38.88 |        0 |       0 |   38.88 | 118-120,125-129,134-137                                                                                                                                                                                                                                                                 
  User.memory.js                          |   72.72 |    58.49 |      75 |   73.41 | 62-64,80-81,99,102,120,126-129,135-151                                                                                                                                                                                                                                                  
  attendance.model.js                     |     100 |      100 |     100 |     100 |                                                                                                                                                                                                                                                                                         
  compensation.model.js                   |   52.08 |        0 |      10 |   52.08 | 500-506,513-515,522-525,532-538,545-550,557-561,583,597,625                                                                                                                                                                                                                             
  conversation.model.js                   |   26.19 |        0 |       0 |   29.33 | 183,188-198,203-209,214-223,228-232,237-239,244-248,253-255,260-265,270,279-288,299-314,319-337,343-344,349-351                                                                                                                                                                         
  disability-rehabilitation.model.js      |   31.76 |        0 |       0 |   33.75 | 42-245,459-462,466-473,484-491,498,505-513,520-528,535-538,545-557,568,593,604-607,636-652                                                                                                                                                                                              
  leave.model.js                          |     100 |      100 |     100 |     100 |                                                                                                                                                                                                                                                                                         
  message.model.js                        |   37.77 |        0 |       0 |   40.47 | 144,149,154-158,163-167,172-176,181-188,198,208-217,223-228                                                                                                                                                                                                                             
  payroll.model.js                        |   30.12 |     5.43 |   14.81 |   29.45 | 252-257,264-279,286-298,305-312,319-335,342-348,355-362,369-378,385-394,401-410,417-424,431-436,443-445,452-455,462-465,472,505-507,554,604-616                                                                                                                                         
 backend/routes                           |   62.88 |    57.36 |   56.35 |   62.82 |                                                                                                                                                                                                                                                                                         
  conversations.routes.js                 |   84.61 |       50 |     100 |   84.61 | 23,36                                                                                                                                                                                                                                                                                   
  disability-rehabilitation.routes.js     |      95 |      100 |       0 |      95 | 153                                                                                                                                                                                                                                                                                     
  finance.routes.unified.js               |   66.39 |    79.59 |   84.37 |   66.39 | 64-66,122-123,152-153,169-170,194-195,213-214,238-239,268-269,281-286,325-326,342-343,359-360,379-380,396-397,424-425,447-448,468-469,500-501,521,526-527,557-558,585-586,607-608,631-632,658-659,694-695,718-719,742-743,766-767,783-788,804-843,855-870                               
  integration.routes.minimal.js           |   66.66 |       50 |      50 |   66.66 | 47,76-81,86-97,102-106,115,126                                                                                                                                                                                                                                                          
  messaging.routes.js                     |   58.86 |     54.1 |   69.56 |   58.57 | 43-44,62,75-76,88-102,126-127,159-160,195,214,302,309,327,343-344,362,369,376,395,412-413,431,470-471,492,506,525,538-539,553-582,597,607,619-620,638,657-658,679,686,703-704,723,730,748,765-766,786,813,825-826,846,865-866,881-912,925-945,958-978,991-1017,1032-1053                
  notifications.routes.js                 |   70.93 |    61.61 |     100 |   70.93 | 18,59-60,79,111-121,140-141,160-161,180-181,199-200,219-220,243-244,263-264,283-284,311-319,338-339,358-359,378-379,398-399,417,427-428,447-448,467-468,487-488,508,515,538,549-550,567,577-578,595,605-606,626,639-640,662-663,685-686,708-709,738-739,763-764,793-794,818-819,841-842 
  payroll.routes.js                       |    45.4 |     12.5 |      50 |    45.4 | 37,58,75-96,115-135,163,184-193,214-223,235-253,265-285,297-315,343,366,387,415,442,467-476,489-509,527,545-563,575-595,609-619,631-650                                                                                                                                                 
  phase17-advanced.routes.js              |   57.89 |      100 |       0 |   57.89 | 11,15,20,24,29,33,38,43                                                                                                                                                                                                                                                                 
  phases-18-20.routes.js                  |   54.54 |      100 |       0 |   54.54 | 11,15,19,23,27,32,36,40,44,48,53,57,61,65,69                                                                                                                                                                                                                                            
  phases-21-28.routes.js                  |   56.52 |      100 |       0 |   56.52 | 11,15,20,24,29,34,39,44,49,54                                                                                                                                                                                                                                                           
  phases-29-33.routes.js                  |   54.54 |      100 |       0 |   54.54 | 22,38,42,49,57,65,73,83,95,104,112,127,138,150,165                                                                                                                                                                                                                                      
  threads.routes.js                       |   83.01 |     73.8 |     100 |   83.01 | 45,68,97,115,136,154,161,216,232                                                                                                                                                                                                                                                        
 backend/services                         |   12.03 |     5.83 |   10.13 |   12.52 |                                                                                                                                                                                                                                                                                         
  advancedReportingService.js             |    0.28 |        0 |       0 |    0.31 | 15-948                                                                                                                                                                                                                                                                                  
  disability-rehabilitation.service.js    |     2.7 |        0 |       0 |    2.85 | 18-884                                                                                                                                                                                                                                                                                  
  externalIntegrationService.js           |     0.6 |        0 |       0 |    0.63 | 15-723                                                                                                                                                                                                                                                                                  
  finance.service.js                      |    2.12 |        0 |       0 |    2.29 | 16-602                                                                                                                                                                                                                                                                                  
  messaging.service.js                    |   26.82 |        0 |       0 |   26.82 | 13-39,47-71,79-88,96-104,112-118,126-134,142-149,157-164,172-181,189-195,203-215,223-235,243-257,265-274,282-289,297-304,312-315,323-330,338-345                                                                                                                                        
  notificationService.js                  |   50.36 |    38.75 |   46.77 |   50.73 | 123,190,209-220,278,310-311,347-352,365,394,411,421,431-432,446,456,470,480-801,830,860-974,990-1003,1011                                                                                                                                                                               
  notifications.service.js                |    1.93 |        0 |       0 |    1.98 | 14-588                                                                                                                                                                                                                                                                                  
  payrollCalculationService.js            |    9.93 |     0.71 |    9.09 |   10.19 | 25-85,95-336,354-363,373-485                                                                                                                                                                                                                                                            
 backend/utils                            |   28.57 |    19.35 |   22.72 |    29.7 |                                                                                                                                                                                                                                                                                         
  gracefulShutdown.js                     |   11.32 |     7.69 |   11.11 |   11.76 | 13-90,98-99                                                                                                                                                                                                                                                                             
  logger.js                               |   28.57 |        0 |       0 |   28.57 | 6-19                                                                                                                                                                                                                                                                                    
  security.js                             |   48.88 |    31.25 |   44.44 |   51.16 | 11,18,25-47,55-56,111,123-130                                                                                                                                                                                                                                                           
------------------------------------------|---------|----------|---------|---------|-----------------------------------------------------------------------------------------------------------------------------------------------------------------------------------------------------------------------------------------------------------------------------------------

Test Suites: 11 passed, 11 total
Tests:       421 passed, 421 total
Snapshots:   0 total
Time:        16.169 s, estimated 18 s
Ran all test suites matching /(auth\.test\.js|documents-routes\.phase3\.test\.j
s|messaging-routes\.phase2\.test\.js|finance-routes\.phase2\.test\.js|notificat
ions-routes\.phase2\.test\.js|reporting-routes\.phase2\.test\.js|payrollRoutes\
.test\.js|users\.test\.js|integration-routes\.comprehensive\.test\.js|maintenan
ce\.comprehensive\.test\.js|notification-system\.test\.js)/i.
