
> alawael-erp-backend@1.0.0 test
> jest --testPathPattern="(auth\.test\.js|documents-routes\.phase3\.test\.js|messaging-routes\.phase2\.test\.js|finance-routes\.phase2\.test\.js|notifications-routes\.phase2\.test\.js|reporting-routes\.phase2\.test\.js|payrollRoutes\.test\.js|users\.test\.js|integration-routes\.comprehensive\.test\.js|maintenance\.comprehensive\.test\.js|notification-system\.test\.js)" --coverage

[0mGET /api/health [32m200[0m 1.797 ms - 138[0m
[0mGET /api/v1/maintenance/schedules [33m401[0m 2.954 ms - 54[0m
[0mGET /api/v1/maintenance/schedules [33m403[0m 0.779 ms - 50[0m
[0mGET /api/v1/maintenance/schedules [33m401[0m 0.340 ms - 54[0m
[0mGET /api/v1/maintenance/schedules [33m403[0m 0.354 ms - 50[0m
[0mPOST /api/v1/maintenance/schedules [33m400[0m 0.264 ms - 89[0m
[0mPOST /api/v1/maintenance/schedules [33m400[0m 0.172 ms - 89[0m
[0mGET /api/v1/maintenance/schedules [33m403[0m 0.397 ms - 50[0m
[0mGET /api/v1/maintenance/predict/VEH-DEMO-001 [31m500[0m 51.145 ms - 138[0m
[0mGET /api/users [32m200[0m 4.148 ms - 384[0m
[0mGET /api/v1/maintenance/schedules [33m401[0m 0.390 ms - 54[0m
[0mGET /api/v1/maintenance/schedules [33m403[0m 0.599 ms - 50[0m
[0mPOST /api/v1/maintenance/schedules [33m400[0m 0.163 ms - 89[0m
[0mGET /api/users [32m200[0m 0.737 ms - 384[0m
[0mGET /api/users [33m403[0m 0.749 ms - 51[0m
[0mGET /api/users [33m401[0m 0.350 ms - 54[0m
[0mGET /api/users/user-1 [32m200[0m 0.871 ms - 202[0m
[0mGET /api/users/non-existent [33m404[0m 0.880 ms - 44[0m
[0mGET /api/users/user-1 [32m200[0m 0.541 ms - 202[0m
[0mGET /api/users/user-1 [33m403[0m 0.471 ms - 51[0m
[0mPOST /api/users [32m201[0m 58.029 ms - 178[0m
[0mPOST /api/users [33m400[0m 0.928 ms - 54[0m
[0mPOST /api/users [33m403[0m 0.358 ms - 51[0m
[0mPOST /api/users [31m500[0m 13.819 ms - 51[0m
[0mPUT /api/users/user-1 [32m200[0m 2.857 ms - 146[0m
[0mPUT /api/users/non-existent [33m404[0m 1.314 ms - 44[0m
[0mPUT /api/users/user-1 [33m403[0m 0.263 ms - 51[0m
[0mDELETE /api/users/user-1 [32m200[0m 0.630 ms - 54[0m
[0mDELETE /api/users/non-existent [33m404[0m 0.314 ms - 44[0m
[0mDELETE /api/users/user-1 [33m403[0m 0.291 ms - 51[0m
[0mGET /api/users/user-1/profile [33m404[0m 1.083 ms - 176[0m
[0mPUT /api/users/user-1/profile [33m404[0m 0.604 ms - 176[0m
[0mGET /api/users [33m403[0m 0.410 ms - 50[0m
[0mGET /api/users [33m401[0m 0.846 ms - 69[0m
[0mGET /api/users [33m401[0m 0.280 ms - 54[0m
node.exe : FAIL __tests__/maintenance.comprehensive.test.js
At line:1 char:1
+ & "C:\Program Files\nodejs/node.exe" "C:\Users\x-be\AppData\Roaming\n ...
+ ~~~~~~~~~~~~~~~~~~~~~~~~~~~~~~~~~~~~~~~~~~~~~~~~~~~~~~~~~~~~~~~~~~~~~
    + CategoryInfo          : NotSpecified: (FAIL __tests__/...hensive.test.js 
   :String) [], RemoteException
    + FullyQualifiedErrorId : NativeCommandError
 
  ظù Console

    console.error
      [ERROR] Error predicting maintenance: CastError: Cast to ObjectId failed 
for value "VEH-DEMO-001" (type string) at path "assetId" for model 
"Maintenance"
          at SchemaObjectId.Object.<anonymous>.SchemaObjectId.cast (C:\Users\x-
be\OneDrive\╪د┘┘à╪│╪ز┘╪»╪د╪ز\04-10-2025\66666\backend\node_modules\mongoose\l
ib\schema\objectId.js:253:11)
          at SchemaObjectId.Object.<anonymous>.SchemaType.applySetters (C:\User
s\x-be\OneDrive\╪د┘┘à╪│╪ز┘╪»╪د╪ز\04-10-2025\66666\backend\node_modules\mongoo
se\lib\schemaType.js:1280:12)
          at SchemaObjectId.Object.<anonymous>.SchemaType.castForQuery (C:\User
s\x-be\OneDrive\╪د┘┘à╪│╪ز┘╪»╪د╪ز\04-10-2025\66666\backend\node_modules\mongoo
se\lib\schemaType.js:1706:17)
          at cast (C:\Users\x-be\OneDrive\╪د┘┘à╪│╪ز┘╪»╪د╪ز\04-10-2025\66666\b
ackend\node_modules\mongoose\lib\cast.js:386:32)
          at model.Query.Object.<anonymous>.Query.cast (C:\Users\x-be\OneDrive\
╪د┘┘à╪│╪ز┘╪»╪د╪ز\04-10-2025\66666\backend\node_modules\mongoose\lib\query.js:
5040:12)
          at model.Query.Object.<anonymous>.Query._castConditions (C:\Users\x-b
e\OneDrive\╪د┘┘à╪│╪ز┘╪»╪د╪ز\04-10-2025\66666\backend\node_modules\mongoose\li
b\query.js:2374:10)
          at model.Query._find (C:\Users\x-be\OneDrive\╪د┘┘à╪│╪ز┘╪»╪د╪ز\04-10
-2025\66666\backend\node_modules\mongoose\lib\query.js:2401:8)
          at model.Query.exec (C:\Users\x-be\OneDrive\╪د┘┘à╪│╪ز┘╪»╪د╪ز\04-10-
2025\66666\backend\node_modules\mongoose\lib\query.js:4652:80)
          at MaintenanceService.predictMaintenanceNeeds (C:\Users\x-be\OneDrive
\╪د┘┘à╪│╪ز┘╪»╪د╪ز\04-10-2025\66666\backend\services\maintenanceService.js:164
:27)
          at C:\Users\x-be\OneDrive\╪د┘┘à╪│╪ز┘╪»╪د╪ز\04-10-2025\66666\backend
\routes\maintenance.js:191:26 {
        stringValue: '"VEH-DEMO-001"',
        messageFormat: undefined,
        kind: 'ObjectId',
        value: 'VEH-DEMO-001',
        path: 'assetId',
        reason: BSONError: input must be a 24 character hex string, 12 byte 
Uint8Array, or an integer
            at new ObjectId (C:\Users\x-be\OneDrive\╪د┘┘à╪│╪ز┘╪»╪د╪ز\04-10-20
25\66666\backend\node_modules\bson\src\objectid.ts:113:15)
            at castObjectId (C:\Users\x-be\OneDrive\╪د┘┘à╪│╪ز┘╪»╪د╪ز\04-10-20
25\66666\backend\node_modules\mongoose\lib\cast\objectid.js:25:12)
            at SchemaObjectId.Object.<anonymous>.SchemaObjectId.cast (C:\Users\
x-be\OneDrive\╪د┘┘à╪│╪ز┘╪»╪د╪ز\04-10-2025\66666\backend\node_modules\mongoose
\lib\schema\objectId.js:251:12)
            at SchemaObjectId.Object.<anonymous>.SchemaType.applySetters (C:\Us
ers\x-be\OneDrive\╪د┘┘à╪│╪ز┘╪»╪د╪ز\04-10-2025\66666\backend\node_modules\mong
oose\lib\schemaType.js:1280:12)
            at SchemaObjectId.Object.<anonymous>.SchemaType.castForQuery (C:\Us
ers\x-be\OneDrive\╪د┘┘à╪│╪ز┘╪»╪د╪ز\04-10-2025\66666\backend\node_modules\mong
oose\lib\schemaType.js:1706:17)
            at cast (C:\Users\x-be\OneDrive\╪د┘┘à╪│╪ز┘╪»╪د╪ز\04-10-2025\66666
\backend\node_modules\mongoose\lib\cast.js:386:32)
            at model.Query.Object.<anonymous>.Query.cast (C:\Users\x-be\OneDriv
e\╪د┘┘à╪│╪ز┘╪»╪د╪ز\04-10-2025\66666\backend\node_modules\mongoose\lib\query.j
s:5040:12)
            at model.Query.Object.<anonymous>.Query._castConditions (C:\Users\x
-be\OneDrive\╪د┘┘à╪│╪ز┘╪»╪د╪ز\04-10-2025\66666\backend\node_modules\mongoose\
lib\query.js:2374:10)
            at model.Query._find (C:\Users\x-be\OneDrive\╪د┘┘à╪│╪ز┘╪»╪د╪ز\04-
10-2025\66666\backend\node_modules\mongoose\lib\query.js:2401:8)
            at model.Query.exec (C:\Users\x-be\OneDrive\╪د┘┘à╪│╪ز┘╪»╪د╪ز\04-1
0-2025\66666\backend\node_modules\mongoose\lib\query.js:4652:80)
            at MaintenanceService.predictMaintenanceNeeds (C:\Users\x-be\OneDri
ve\╪د┘┘à╪│╪ز┘╪»╪د╪ز\04-10-2025\66666\backend\services\maintenanceService.js:1
64:27)
            at C:\Users\x-be\OneDrive\╪د┘┘à╪│╪ز┘╪»╪د╪ز\04-10-2025\66666\backe
nd\routes\maintenance.js:191:26,
        valueType: 'string'
      }

    [0m [90m  8 |[39m
     [90m  9 |[39m   error[33m:[39m (message[33m,[39m [33m...[39margs) 
[33m=>[39m {
    [31m[1m>[22m[39m[90m 10 |[39m     
console[33m.[39merror([32m`[ERROR] ${message}`[39m[33m,[39m 
[33m...[39margs)[33m;[39m
     [90m    |[39m             [31m[1m^[22m[39m
     [90m 11 |[39m   }[33m,[39m
     [90m 12 |[39m
     [90m 13 |[39m   warn[33m:[39m (message[33m,[39m [33m...[39margs) 
[33m=>[39m {[0m

      at Object.error (utils/logger.js:10:13)
      at MaintenanceService.error [as predictMaintenanceNeeds] 
(services/maintenanceService.js:220:14)
      at routes/maintenance.js:191:26

    console.error
      [ERROR] Error predicting maintenance: CastError: Cast to ObjectId failed 
for value "VEH-DEMO-001" (type string) at path "assetId" for model 
"Maintenance"
          at SchemaObjectId.Object.<anonymous>.SchemaObjectId.cast (C:\Users\x-
be\OneDrive\╪د┘┘à╪│╪ز┘╪»╪د╪ز\04-10-2025\66666\backend\node_modules\mongoose\l
ib\schema\objectId.js:253:11)
          at SchemaObjectId.Object.<anonymous>.SchemaType.applySetters (C:\User
s\x-be\OneDrive\╪د┘┘à╪│╪ز┘╪»╪د╪ز\04-10-2025\66666\backend\node_modules\mongoo
se\lib\schemaType.js:1280:12)
          at SchemaObjectId.Object.<anonymous>.SchemaType.castForQuery (C:\User
s\x-be\OneDrive\╪د┘┘à╪│╪ز┘╪»╪د╪ز\04-10-2025\66666\backend\node_modules\mongoo
se\lib\schemaType.js:1706:17)
          at cast (C:\Users\x-be\OneDrive\╪د┘┘à╪│╪ز┘╪»╪د╪ز\04-10-2025\66666\b
ackend\node_modules\mongoose\lib\cast.js:386:32)
          at model.Query.Object.<anonymous>.Query.cast (C:\Users\x-be\OneDrive\
╪د┘┘à╪│╪ز┘╪»╪د╪ز\04-10-2025\66666\backend\node_modules\mongoose\lib\query.js:
5040:12)
          at model.Query.Object.<anonymous>.Query._castConditions (C:\Users\x-b
e\OneDrive\╪د┘┘à╪│╪ز┘╪»╪د╪ز\04-10-2025\66666\backend\node_modules\mongoose\li
b\query.js:2374:10)
          at model.Query._find (C:\Users\x-be\OneDrive\╪د┘┘à╪│╪ز┘╪»╪د╪ز\04-10
-2025\66666\backend\node_modules\mongoose\lib\query.js:2401:8)
          at model.Query.exec (C:\Users\x-be\OneDrive\╪د┘┘à╪│╪ز┘╪»╪د╪ز\04-10-
2025\66666\backend\node_modules\mongoose\lib\query.js:4652:80)
          at MaintenanceService.predictMaintenanceNeeds (C:\Users\x-be\OneDrive
\╪د┘┘à╪│╪ز┘╪»╪د╪ز\04-10-2025\66666\backend\services\maintenanceService.js:164
:27)
          at C:\Users\x-be\OneDrive\╪د┘┘à╪│╪ز┘╪»╪د╪ز\04-10-2025\66666\backend
\routes\maintenance.js:191:26 {
        stringValue: '"VEH-DEMO-001"',
        messageFormat: undefined,
        kind: 'ObjectId',
        value: 'VEH-DEMO-001',
        path: 'assetId',
        reason: BSONError: input must be a 24 character hex string, 12 byte 
Uint8Array, or an integer
            at new ObjectId (C:\Users\x-be\OneDrive\╪د┘┘à╪│╪ز┘╪»╪د╪ز\04-10-20
25\66666\backend\node_modules\bson\src\objectid.ts:113:15)
            at castObjectId (C:\Users\x-be\OneDrive\╪د┘┘à╪│╪ز┘╪»╪د╪ز\04-10-20
25\66666\backend\node_modules\mongoose\lib\cast\objectid.js:25:12)
            at SchemaObjectId.Object.<anonymous>.SchemaObjectId.cast (C:\Users\
x-be\OneDrive\╪د┘┘à╪│╪ز┘╪»╪د╪ز\04-10-2025\66666\backend\node_modules\mongoose
\lib\schema\objectId.js:251:12)
            at SchemaObjectId.Object.<anonymous>.SchemaType.applySetters (C:\Us
ers\x-be\OneDrive\╪د┘┘à╪│╪ز┘╪»╪د╪ز\04-10-2025\66666\backend\node_modules\mong
oose\lib\schemaType.js:1280:12)
            at SchemaObjectId.Object.<anonymous>.SchemaType.castForQuery (C:\Us
ers\x-be\OneDrive\╪د┘┘à╪│╪ز┘╪»╪د╪ز\04-10-2025\66666\backend\node_modules\mong
oose\lib\schemaType.js:1706:17)
            at cast (C:\Users\x-be\OneDrive\╪د┘┘à╪│╪ز┘╪»╪د╪ز\04-10-2025\66666
\backend\node_modules\mongoose\lib\cast.js:386:32)
            at model.Query.Object.<anonymous>.Query.cast (C:\Users\x-be\OneDriv
e\╪د┘┘à╪│╪ز┘╪»╪د╪ز\04-10-2025\66666\backend\node_modules\mongoose\lib\query.j
s:5040:12)
            at model.Query.Object.<anonymous>.Query._castConditions (C:\Users\x
-be\OneDrive\╪د┘┘à╪│╪ز┘╪»╪د╪ز\04-10-2025\66666\backend\node_modules\mongoose\
lib\query.js:2374:10)
            at model.Query._find (C:\Users\x-be\OneDrive\╪د┘┘à╪│╪ز┘╪»╪د╪ز\04-
10-2025\66666\backend\node_modules\mongoose\lib\query.js:2401:8)
            at model.Query.exec (C:\Users\x-be\OneDrive\╪د┘┘à╪│╪ز┘╪»╪د╪ز\04-1
0-2025\66666\backend\node_modules\mongoose\lib\query.js:4652:80)
            at MaintenanceService.predictMaintenanceNeeds (C:\Users\x-be\OneDri
ve\╪د┘┘à╪│╪ز┘╪»╪د╪ز\04-10-2025\66666\backend\services\maintenanceService.js:1
64:27)
            at C:\Users\x-be\OneDrive\╪د┘┘à╪│╪ز┘╪»╪د╪ز\04-10-2025\66666\backe
nd\routes\maintenance.js:191:26,
        valueType: 'string'
      }

    [0m [90m  8 |[39m
     [90m  9 |[39m   error[33m:[39m (message[33m,[39m [33m...[39margs) 
[33m=>[39m {
    [31m[1m>[22m[39m[90m 10 |[39m     
console[33m.[39merror([32m`[ERROR] ${message}`[39m[33m,[39m 
[33m...[39margs)[33m;[39m
     [90m    |[39m             [31m[1m^[22m[39m
     [90m 11 |[39m   }[33m,[39m
     [90m 12 |[39m
     [90m 13 |[39m   warn[33m:[39m (message[33m,[39m [33m...[39margs) 
[33m=>[39m {[0m

      at Object.error (utils/logger.js:10:13)
      at error (routes/maintenance.js:205:14)

  ظù Security Tests ظ║ ┘è╪ش╪ذ ╪ث┘ ┘è╪▒┘╪╢ ╪د┘┘à╪│╪ز╪«╪»┘à┘è┘ ╪║┘è╪▒ 
╪د┘┘à╪╡╪▒╪ص ┘┘ç┘à

    expect(received).toContain(expected) // indexOf

    Expected value: 400
    Received array: [403, 404, 405]

    [0m [90m 275 |[39m       [33m.[39msend({ vehicleId[33m,[39m 
scheduleData[33m:[39m {} })
     [90m 276 |[39m       [33m.[39m[36mcatch[39m(() [33m=>[39m ({ 
status[33m:[39m [35m404[39m }))[33m;[39m
    [31m[1m>[22m[39m[90m 277 |[39m     expect([[35m403[39m[33m,[39m 
[35m404[39m[33m,[39m 
[35m405[39m])[33m.[39mtoContain(response[33m.[39mstatus)[33m;[39m
     [90m     |[39m                             [31m[1m^[22m[39m
     [90m 278 |[39m   })[33m;[39m
     [90m 279 |[39m })[33m;[39m
     [90m 280 |[39m[0m

      at Object.toContain (__tests__/maintenance.comprehensive.test.js:277:29)

  ظù Integration Tests - API Endpoints ظ║ ┘è╪ش╪ذ ╪ث┘ ┘è╪ز┘╪ذ╪ث ╪╣╪ذ╪▒ API

    expect(received).toContain(expected) // indexOf

    Expected value: 500
    Received array: [200, 400, 403, 404]

    [0m [90m 579 |[39m       
[33m.[39m[36mset[39m([32m'Authorization'[39m[33m,[39m [32m`Bearer 
${authToken}`[39m)[33m;[39m
     [90m 580 |[39m
    [31m[1m>[22m[39m[90m 581 |[39m     expect([[35m200[39m[33m,[39m 
[35m400[39m[33m,[39m [35m403[39m[33m,[39m 
[35m404[39m])[33m.[39mtoContain(response[33m.[39mstatus)[33m;[39m
     [90m     |[39m                                  [31m[1m^[22m[39m
     [90m 582 |[39m   })[33m;[39m
     [90m 583 |[39m })[33m;[39m
     [90m 584 |[39m[0m

      at Object.toContain (__tests__/maintenance.comprehensive.test.js:581:34)

  ظù Security Tests ظ║ ┘è╪ش╪ذ ╪ث┘ ┘è╪▒┘╪╢ ╪د┘┘à╪│╪ز╪«╪»┘à┘è┘ ╪║┘è╪▒ 
╪د┘┘à╪╡╪▒╪ص ┘┘ç┘à

    expect(received).toContain(expected) // indexOf

    Expected value: 400
    Received array: [403, 401, 404]

    [0m [90m 606 |[39m       [33m.[39msend({ vehicleId[33m,[39m 
scheduleData[33m:[39m {} })[33m;[39m
     [90m 607 |[39m
    [31m[1m>[22m[39m[90m 608 |[39m     expect([[35m403[39m[33m,[39m 
[35m401[39m[33m,[39m 
[35m404[39m])[33m.[39mtoContain(response[33m.[39mstatus)[33m;[39m
     [90m     |[39m                             [31m[1m^[22m[39m
     [90m 609 |[39m   })[33m;[39m
     [90m 610 |[39m })[33m;[39m
     [90m 611 |[39m[0m

      at Object.toContain (__tests__/maintenance.comprehensive.test.js:608:29)

PASS __tests__/users.test.js
  ظù Console

    console.error
      Create user error: Error: Illegal arguments: undefined, string
          at _async (C:\Users\x-be\OneDrive\╪د┘┘à╪│╪ز┘╪»╪د╪ز\04-10-2025\66666
\backend\node_modules\bcryptjs\dist\bcrypt.js:214:46)
          at C:\Users\x-be\OneDrive\╪د┘┘à╪│╪ز┘╪»╪د╪ز\04-10-2025\66666\backend
\node_modules\bcryptjs\dist\bcrypt.js:223:17
          at new Promise (<anonymous>)
          at Object.bcrypt.hash (C:\Users\x-be\OneDrive\╪د┘┘à╪│╪ز┘╪»╪د╪ز\04-1
0-2025\66666\backend\node_modules\bcryptjs\dist\bcrypt.js:222:20)
          at hash (C:\Users\x-be\OneDrive\╪د┘┘à╪│╪ز┘╪»╪د╪ز\04-10-2025\66666\b
ackend\api\routes\users.routes.js:138:41)

    [0m [90m 164 |[39m     })[33m;[39m
     [90m 165 |[39m   } [36mcatch[39m (error) {
    [31m[1m>[22m[39m[90m 166 |[39m     
console[33m.[39merror([32m'Create user error:'[39m[33m,[39m 
error)[33m;[39m
     [90m     |[39m             [31m[1m^[22m[39m
     [90m 167 |[39m     [36mreturn[39m 
res[33m.[39mstatus([35m500[39m)[33m.[39mjson({
     [90m 168 |[39m       success[33m:[39m [36mfalse[39m[33m,[39m
     [90m 169 |[39m       message[33m:[39m [32m'Failed to create 
user'[39m[33m,[39m[0m

      at error (api/routes/users.routes.js:166:13)

[0mGET /api/payroll/monthly/10/2025 [32m200[0m 50.762 ms - 36[0m
[0mGET /api/payroll/monthly/10/2025 [33m401[0m 5.821 ms - 67[0m
[0mGET /api/payroll/monthly/13/2025 [32m200[0m 22.579 ms - 36[0m
[0mGET /api/payroll/699c4ad2b89f92100d1d7b9a [33m404[0m 5.809 ms - 58[0m
[0mGET /api/payroll/invalid-id [33m400[0m 2.395 ms - 128[0m
[0mPOST /api/payroll/create [33m400[0m 2.103 ms - 118[0m
[0mPOST /api/payroll/create [33m400[0m 4.226 ms - 103[0m
[0mPUT /api/payroll/699c4ad2b89f92100d1d7bb6/submit-approval [33m404[0m 3.422 ms - 58[0m
[0mPUT /api/payroll/699c4ad2b89f92100d1d7bb9/approve [33m404[0m 2.744 ms - 58[0m
[0mPOST /api/payroll/process-monthly [32m200[0m 3.362 ms - 52[0m
[0mPOST /api/payroll/compensation/structures [33m400[0m 10.714 ms - 378[0m
[0mGET /api/payroll/compensation/structures [32m200[0m 3.258 ms - 36[0m
[0mPOST /api/payroll/compensation/incentives [32m200[0m 6.251 ms - 470[0m
[0mGET /api/payroll/compensation/incentives/pending [32m200[0m 21.665 ms - -[0m
[0mPOST /api/messages [32m201[0m 2.171 ms - 168[0m
[0mPUT /api/payroll/compensation/incentives/699c4ad2b89f92100d1d7bc8/approve [33m404[0m 6.755 ms - 58[0m
[0mPOST /api/messages [33m400[0m 0.319 ms - 49[0m
[0mPOST /api/payroll/compensation/penalties [33m400[0m 2.301 ms - 128[0m
[0mPOST /api/messages [33m400[0m 0.201 ms - 69[0m
[0mPOST /api/messages [32m201[0m 0.239 ms - 168[0m
[0mPOST /api/messages [32m201[0m 0.295 ms - 168[0m
[0mPOST /api/messages [32m201[0m 0.259 ms - 168[0m
[0mGET /api/payroll/stats/10/2025 [32m200[0m 9.065 ms - 85[0m
[0mPOST /api/messages [32m201[0m 0.226 ms - 168[0m
[0mGET /api/payroll/monthly/invalid/invalid [32m200[0m 4.648 ms - 36[0m
[0mPOST /api/messages [32m201[0m 0.214 ms - 168[0m
[0mGET /api/messages [32m200[0m 0.643 ms - 211[0m
[0mGET /api/payroll/nonexistent-route [33m400[0m 2.195 ms - 135[0m
[0mGET /api/messages?page=1&limit=10 [32m200[0m 0.979 ms - 211[0m
[0mPOST /api/payroll/create [33m400[0m 0.805 ms - 113[0m
[0mGET /api/messages?sender=sender123 [32m200[0m 0.406 ms - 211[0m
[0mGET /api/messages?unread=true [32m200[0m 0.485 ms - 211[0m
[0mGET /api/messages/msg123 [32m200[0m 0.532 ms - 96[0m
[0mGET /api/messages/nonexistent [33m404[0m 0.452 ms - 47[0m
[0mGET /api/messages?sort=-createdAt [32m200[0m 0.310 ms - 211[0m
[0mPUT /api/messages/msg123 [32m200[0m 0.334 ms - 86[0m
[0mPATCH /api/messages/msg123/read [32m200[0m 0.411 ms - 76[0m
[0mPATCH /api/messages/mark-read [32m200[0m 0.419 ms - 196[0m
[0mPUT /api/messages/msg123 [32m200[0m 0.249 ms - 86[0m
[0mPUT /api/messages/msg123 [33m400[0m 0.141 ms - 49[0m
[0mPUT /api/messages/other-user-msg [33m403[0m 0.169 ms - 63[0m
[0mGET /api/messages/search?q=matching [32m200[0m 0.526 ms - 84[0m
[0mGET /api/messages?from=2026-01-01&to=2026-02-10 [32m200[0m 0.444 ms - 211[0m
[0mGET /api/messages?threadId=thread123 [32m200[0m 0.425 ms - 211[0m
[0mGET /api/messages/search?q=test@example.com [32m200[0m 0.490 ms - 84[0m
[0mDELETE /api/messages/msg123 [32m200[0m 0.395 ms - 78[0m
[0mDELETE /api/messages/msg123?soft=true [32m200[0m 0.277 ms - 78[0m
[0mPOST /api/messages/delete-bulk [32m200[0m 0.321 ms - 69[0m
[0mDELETE /api/messages/other-msg [33m403[0m 0.164 ms - 63[0m
[0mDELETE /api/messages/already-deleted [33m404[0m 0.181 ms - 47[0m
[0mPOST /api/threads [32m201[0m 0.301 ms - 270[0m
[0mGET /api/threads [32m200[0m 0.474 ms - 243[0m
[0mGET /api/threads/thread123 [32m200[0m 0.426 ms - 307[0m
[0mPOST /api/threads/thread123/messages [32m201[0m 0.287 ms - 225[0m
[0mPATCH /api/threads/thread123/archive [32m200[0m 0.295 ms - 57[0m
[0mPOST /api/threads/thread123/leave [32m200[0m 0.288 ms - 53[0m
[0mGET /api/messages/unread/count [32m200[0m 0.513 ms - 51[0m
[0mPATCH /api/conversations/conv123/mark-read [32m200[0m 0.321 ms - 119[0m
[0mGET /api/messages/unread [32m200[0m 0.412 ms - 40[0m
[0mPOST /api/messages/clear-unread [32m200[0m 0.247 ms - 31[0m
[0mGET /api/messages [31m500[0m 1.001 ms - 76[0m
[0mPOST /api/messages [31m500[0m 0.199 ms - 84[0m
[0mPOST /api/messages [32m201[0m 0.186 ms - 168[0m
[0mGET /api/messages [31m500[0m 0.326 ms - 78[0m
[0mPOST /api/messages [32m201[0m 0.205 ms - 168[0m
[0mPOST /api/messages [32m201[0m 0.600 ms - 168[0m
[0mPOST /api/messages [32m201[0m 0.201 ms - 168[0m
[0mPOST /api/messages [32m201[0m 0.147 ms - 168[0m
[0mPOST /api/messages [32m201[0m 0.145 ms - 168[0m
[0mGET /api/messages [32m200[0m 0.417 ms - 75[0m
[0mPOST /api/messages [32m201[0m 0.185 ms - 168[0m
[0mPOST /api/messages/group [32m201[0m 0.323 ms - 168[0m
[0mPOST /api/messages/schedule [32m201[0m 0.311 ms - 168[0m
[0mPOST /api/messages/msg123/react [32m200[0m 0.323 ms - 108[0m
[0mPOST /api/messages/msg123/forward [32m201[0m 0.296 ms - 168[0m
[0mPOST /api/threads/thread123/pin-message [32m200[0m 0.284 ms - 148[0m
PASS __tests__/payrollRoutes.test.js
PASS __tests__/messaging-routes.phase2.test.js
[0mPOST /api/finance/transactions [32m201[0m 0.519 ms - 164[0m
[0mPOST /api/finance/transactions [32m201[0m 0.242 ms - 166[0m
[0mPOST /api/finance/transactions [33m400[0m 0.196 ms - 58[0m
[0mPOST /api/finance/transactions [33m400[0m 0.189 ms - 58[0m
[0mPOST /api/finance/transactions [33m400[0m 0.161 ms - 53[0m
[0mPOST /api/finance/transactions [32m201[0m 0.223 ms - 166[0m
[0mPOST /api/finance/transactions [32m201[0m 0.216 ms - 156[0m
[0mPOST /api/finance/transactions [32m201[0m 0.213 ms - 168[0m
[0mGET /api/finance/transactions [32m200[0m 0.692 ms - 224[0m
[0mGET /api/finance/transactions?page=1&limit=10 [32m200[0m 0.490 ms - 224[0m
[0mGET /api/finance/transactions?type=income [32m200[0m 0.291 ms - 224[0m
[0mGET /api/finance/transactions?from=2026-01-01&to=2026-02-10 [32m200[0m 0.298 ms - 224[0m
[0mGET /api/finance/transactions?category=sales [32m200[0m 0.403 ms - 224[0m
[0mGET /api/finance/transactions/trans123 [32m200[0m 0.440 ms - 101[0m
[0mGET /api/finance/transactions/search?q=sales [32m200[0m 0.608 ms - 179[0m
[0mGET /api/finance/transactions?aggregate=true [32m200[0m 0.318 ms - 280[0m
[0mPUT /api/finance/transactions/trans123 [32m200[0m 0.305 ms - 109[0m
[0mPUT /api/finance/transactions/trans123 [33m403[0m 0.184 ms - 65[0m
[0mPATCH /api/finance/transactions/trans123/status [32m200[0m 0.318 ms - 109[0m
[0mPOST /api/finance/transactions/trans123/receipts [32m200[0m 0.334 ms - 109[0m
[0mPOST /api/finance/transactions/trans123/reverse [32m201[0m 0.321 ms - 193[0m
[0mPOST /api/finance/budgets [32m201[0m 0.333 ms - 109[0m
[0mPOST /api/finance/budgets [33m400[0m 0.166 ms - 57[0m
[0mGET /api/finance/budgets [32m200[0m 0.664 ms - 104[0m
[0mGET /api/finance/budgets/budget123 [32m200[0m 0.604 ms - 112[0m
[0mPUT /api/finance/budgets/budget123 [32m200[0m 0.316 ms - 109[0m
[0mGET /api/finance/budgets [32m200[0m 0.327 ms - 104[0m
[0mDELETE /api/finance/budgets/budget123 [32m200[0m 0.228 ms - 40[0m
[0mGET /api/finance/balance [32m200[0m 0.479 ms - 90[0m
[0mGET /api/finance/balance?from=2026-01-01&to=2026-02-10 [32m200[0m 0.471 ms - 111[0m
[0mGET /api/finance/summary [32m200[0m 0.431 ms - 61[0m
[0mGET /api/finance/breakdown [32m200[0m 0.441 ms - 106[0m
[0mGET /api/finance/report/monthly?month=2&year=2026 [32m200[0m 0.449 ms - 163[0m
[0mGET /api/finance/export/csv [32m200[0m 0.985 ms - 41[0m
[0mGET /api/finance/export/pdf [32m200[0m 0.887 ms - 98[0m
[0mPOST /api/finance/reconcile [32m200[0m 0.322 ms - 163[0m
[0mGET /api/finance/discrepancies [32m200[0m 0.493 ms - 45[0m
[0mPOST /api/finance/discrepancies/disc123/resolve [32m200[0m 0.381 ms - 159[0m
[0mPOST /api/finance/validate-balance [32m200[0m 0.910 ms - 91[0m
[0mPOST /api/finance/payments [32m201[0m 0.337 ms - 233[0m
[0mGET /api/finance/payments?status=pending [32m200[0m 0.452 ms - 40[0m
[0mPATCH /api/finance/payments/pay123/complete [32m200[0m 0.266 ms - 134[0m
[0mPOST /api/finance/payments/pay123/cancel [32m200[0m 0.289 ms - 127[0m
[0mPOST /api/finance/transactions [32m201[0m 0.166 ms - 155[0m
[0mPOST /api/finance/transactions [32m201[0m 0.226 ms - 155[0m
[0mGET /api/finance/balance [32m200[0m 0.409 ms - 90[0m
[0mGET /api/finance/balance [32m200[0m 0.324 ms - 90[0m
[0mPOST /api/finance/transactions [32m201[0m 0.233 ms - 176[0m
[0mPOST /api/finance/transactions [32m201[0m 0.186 ms - 163[0m
[0mPOST /api/finance/transactions [32m201[0m 0.577 ms - 164[0m
[0mPOST /api/finance/transactions [32m201[0m 0.210 ms - 163[0m
[0mPOST /api/finance/transactions [32m201[0m 0.128 ms - 164[0m
[0mPOST /api/finance/transactions [32m201[0m 0.133 ms - 163[0m
[0mPOST /api/finance/transactions [32m201[0m 0.165 ms - 172[0m
[0mPOST /api/finance/transactions [32m201[0m 0.166 ms - 187[0m
[0mPOST /api/auth/register [32m201[0m 61.592 ms - 351[0m
[0mPOST /api/auth/register [32m201[0m 51.472 ms - 361[0m
[0mPOST /api/auth/register [33m400[0m 0.642 ms - 54[0m
[0mPOST /api/auth/register [33m400[0m 0.917 ms - 652[0m
[0mPOST /api/auth/register [32m201[0m 52.580 ms - 366[0m
[0mPOST /api/auth/login [32m200[0m 50.951 ms - 359[0m
[0mPOST /api/auth/login [33m401[0m 3.388 ms - 55[0m
[0mPOST /api/auth/login [33m401[0m 61.515 ms - 55[0m
[0mPOST /api/auth/register [32m201[0m 53.145 ms - 357[0m
[0mPOST /api/auth/logout [32m200[0m 0.579 ms - 46[0m
PASS __tests__/finance-routes.phase2.test.js
PASS __tests__/auth.test.js
  ظù Console

    console.error
      ظإî Login failed: User not found for email: nonexistent@example.com

    [0m [90m 111 |[39m     [36mconst[39m user [33m=[39m [36mawait[39m 
[33mUser[39m[33m.[39mfindOne({ email })[33m;[39m
     [90m 112 |[39m     [36mif[39m ([33m![39muser) {
    [31m[1m>[22m[39m[90m 113 |[39m       
console[33m.[39merror([32m'ظإî Login failed: User not found for 
email:'[39m[33m,[39m email)[33m;[39m
     [90m     |[39m               [31m[1m^[22m[39m
     [90m 114 |[39m       [36mreturn[39m 
res[33m.[39mstatus([35m401[39m)[33m.[39mjson({
     [90m 115 |[39m         success[33m:[39m [36mfalse[39m[33m,[39m
     [90m 116 |[39m         message[33m:[39m [32m'Invalid email or 
password'[39m[33m,[39m[0m

      at error (api/routes/auth.routes.js:113:15)

    console.error
      ظإî Login failed: Invalid password for email: newlogin@example.com

    [0m [90m 127 |[39m
     [90m 128 |[39m     [36mif[39m ([33m![39misPasswordValid) {
    [31m[1m>[22m[39m[90m 129 |[39m       
console[33m.[39merror([32m'ظإî Login failed: Invalid password for 
email:'[39m[33m,[39m email)[33m;[39m
     [90m     |[39m               [31m[1m^[22m[39m
     [90m 130 |[39m       
logSecurityEvent([32m'FAILED_LOGIN'[39m[33m,[39m {
     [90m 131 |[39m         email[33m,[39m
     [90m 132 |[39m         ip[33m:[39m getClientIP(req)[33m,[39m[0m

      at error (api/routes/auth.routes.js:129:15)

[0mPOST /api/reports/generate [32m201[0m 1.552 ms - 253[0m
[0mPOST /api/reports/generate [32m201[0m 0.275 ms - 259[0m
[0mPOST /api/reports/generate [32m201[0m 0.197 ms - 288[0m
[0mPOST /api/reports/generate [32m201[0m 0.195 ms - 315[0m
[0mPOST /api/reports/generate [32m201[0m 0.231 ms - 348[0m
[0mPOST /api/reports/generate [32m201[0m 0.194 ms - 338[0m
[0mPOST /api/reports/generate [31m500[0m 12.628 ms - 130[0m
[0mPOST /api/reports/generate [33m400[0m 0.147 ms - 53[0m
[0mGET /api/reports [32m200[0m 0.833 ms - 153[0m
[0mGET /api/reports?page=1&limit=10 [32m200[0m 0.309 ms - 153[0m
[0mGET /api/reports?type=summary [32m200[0m 0.427 ms - 153[0m
[0mGET /api/reports?status=completed [32m200[0m 0.604 ms - 153[0m
[0mGET /api/reports/search?q=sales [32m200[0m 0.481 ms - 130[0m
[0mGET /api/reports/report123 [32m200[0m 0.399 ms - 159[0m
[0mGET /api/reports?sort=-generatedAt [32m200[0m 0.348 ms - 153[0m
[0mGET /api/reports/statistics [32m200[0m 0.364 ms - 126[0m
[0mPOST /api/reports/schedule [32m201[0m 0.258 ms - 192[0m
[0mPOST /api/reports/schedule [32m201[0m 0.183 ms - 192[0m
[0mPOST /api/reports/schedule [32m201[0m 0.131 ms - 192[0m
[0mGET /api/reports/scheduled [32m200[0m 0.432 ms - 31[0m
[0mPUT /api/reports/schedule/sched123 [32m200[0m 0.257 ms - 160[0m
[0mDELETE /api/reports/schedule/sched123 [32m200[0m 0.205 ms - 45[0m
[0mPATCH /api/reports/schedule/sched123/pause [32m200[0m 0.157 ms - 62[0m
[0mGET /api/reports/report123/export/pdf [32m200[0m 0.561 ms - 86[0m
[0mGET /api/reports/report123/export/excel [32m200[0m 0.299 ms - 97[0m
[0mGET /api/reports/report123/export/csv [32m200[0m 0.303 ms - 79[0m
[0mGET /api/reports/report123/export/json [32m200[0m 0.276 ms - 88[0m
[0mPOST /api/reports/export-bulk [32m200[0m 0.195 ms - 79[0m
[0mPOST /api/reports/report123/email [32m200[0m 0.242 ms - 93[0m
[0mPOST /api/reports/report123/schedule-export [32m201[0m 0.301 ms - 147[0m
[0mGET /api/reports?from=2026-01-01&to=2026-02-10 [32m200[0m 0.367 ms - 153[0m
[0mGET /api/reports?department=sales [32m200[0m 0.430 ms - 153[0m
[0mGET /api/reports?region=north [32m200[0m 1.823 ms - 153[0m
[0mGET /api/reports?department=sales&region=north&type=summary [32m200[0m 1.278 ms - 153[0m
[0mGET /api/reports?sort=-generatedAt [32m200[0m 0.509 ms - 153[0m
[0mGET /api/reports?sort=name [32m200[0m 0.704 ms - 153[0m
[0mGET /api/reports/metrics [32m200[0m 0.518 ms - 102[0m
[0mGET /api/reports/analytics/top-types [32m200[0m 0.463 ms - 119[0m
[0mGET /api/reports/analytics/performance [32m200[0m 0.517 ms - 162[0m
[0mGET /api/reports/analytics/trends [32m200[0m 0.444 ms - 115[0m
[0mGET /api/reports/analytics/most-accessed [32m200[0m 0.668 ms - 88[0m
[0mPOST /api/reports/report123/share [32m200[0m 0.635 ms - 91[0m
[0mPOST /api/reports/report123/share-link [32m201[0m 1.101 ms - 114[0m
[0mGET /api/reports/shared-with-me [32m200[0m 2.383 ms - 178[0m
[0mDELETE /api/reports/report123/share/user456 [32m200[0m 0.825 ms - 60[0m
[0mPATCH /api/reports/report123/share [32m200[0m 0.681 ms - 75[0m
[0mDELETE /api/reports/report123 [32m200[0m 0.356 ms - 80[0m
[0mPATCH /api/reports/report123/archive [32m200[0m 0.349 ms - 83[0m
[0mPATCH /api/reports/report123/restore [32m200[0m 0.283 ms - 84[0m
[0mPATCH /api/reports/report123/rename [32m200[0m 0.268 ms - 97[0m
[0mPOST /api/reports/report123/duplicate [32m201[0m 0.302 ms - 177[0m
[0mPATCH /api/reports/report123/tags [32m200[0m 1.706 ms - 84[0m
[0mPOST /api/reports/report123/comments [32m201[0m 0.309 ms - 75[0m
[0mGET /api/reports/nonexistent [33m404[0m 0.446 ms - 44[0m
[0mGET /api/reports [31m500[0m 2.113 ms - 130[0m
[0mPOST /api/reports/generate [32m201[0m 0.213 ms - 253[0m
[0mPOST /api/reports/generate [32m201[0m 0.252 ms - 253[0m
[0mPOST /api/reports/generate [32m201[0m 0.148 ms - 253[0m
[0mPOST /api/reports/generate [32m201[0m 0.163 ms - 253[0m
[0mPOST /api/reports/generate [32m201[0m 0.229 ms - 285[0m
[0mPOST /api/reports/generate [32m201[0m 0.259 ms - 28[0m
[0mPOST /api/reports/generate [32m201[0m 0.255 ms - 324[0m
PASS __tests__/reporting-routes.phase2.test.js
  ظù Console

    console.error
      ERROR ≡اْح {
        statusCode: 500,
        code: 'INTERNAL_ERROR',
        message: 'Generation failed',
        name: 'Error'
      }

    [0m [90m 104 |[39m   [90m// Programming or other unknown error: don't 
leak error details[39m
     [90m 105 |[39m   [36melse[39m {
    [31m[1m>[22m[39m[90m 106 |[39m     
console[33m.[39merror([32m'ERROR ≡اْح'[39m[33m,[39m err)[33m;[39m
     [90m     |[39m             [31m[1m^[22m[39m
     [90m 107 |[39m
     [90m 108 |[39m     res[33m.[39mstatus([35m500[39m)[33m.[39mjson({
     [90m 109 |[39m       success[33m:[39m [36mfalse[39m[33m,[39m[0m

      at error (middleware/errorHandler.enhanced.js:106:13)
      at sendErrorProd (middleware/errorHandler.enhanced.js:158:5)
      at Layer.handle_error (node_modules/express/lib/router/layer.js:71:5)
      at trim_prefix (node_modules/express/lib/router/index.js:326:13)
      at node_modules/express/lib/router/index.js:286:9
      at Function.process_params 
(node_modules/express/lib/router/index.js:346:12)
      at next (node_modules/express/lib/router/index.js:280:10)
      at Layer.handle_error (node_modules/express/lib/router/layer.js:67:12)
      at trim_prefix (node_modules/express/lib/router/index.js:326:13)
      at node_modules/express/lib/router/index.js:286:9
      at Function.process_params 
(node_modules/express/lib/router/index.js:346:12)
      at next (node_modules/express/lib/router/index.js:280:10)
      at Layer.handle_error (node_modules/express/lib/router/layer.js:67:12)
      at trim_prefix (node_modules/express/lib/router/index.js:326:13)
      at node_modules/express/lib/router/index.js:286:9
      at Function.process_params 
(node_modules/express/lib/router/index.js:346:12)
      at next (node_modules/express/lib/router/index.js:280:10)
      at node_modules/express/lib/router/index.js:646:15
      at next (node_modules/express/lib/router/index.js:265:14)
      at next (node_modules/express/lib/router/route.js:141:14)
      at next (api/routes/reporting.routes.js:27:21)
      at Layer.handle [as handle_request] 
(node_modules/express/lib/router/layer.js:95:5)
      at next (node_modules/express/lib/router/route.js:149:13)
      at Route.dispatch (node_modules/express/lib/router/route.js:119:3)
      at Layer.handle [as handle_request] 
(node_modules/express/lib/router/layer.js:95:5)
      at node_modules/express/lib/router/index.js:284:15
      at Function.process_params 
(node_modules/express/lib/router/index.js:346:12)
      at next (node_modules/express/lib/router/index.js:280:10)
      at Function.handle (node_modules/express/lib/router/index.js:175:3)
      at router (node_modules/express/lib/router/index.js:47:12)
      at Layer.handle [as handle_request] 
(node_modules/express/lib/router/layer.js:95:5)
      at trim_prefix (node_modules/express/lib/router/index.js:328:13)
      at node_modules/express/lib/router/index.js:286:9
      at Function.process_params 
(node_modules/express/lib/router/index.js:346:12)
      at next (node_modules/express/lib/router/index.js:280:10)
      at serveStatic (node_modules/serve-static/index.js:75:16)
      at Layer.handle [as handle_request] 
(node_modules/express/lib/router/layer.js:95:5)
      at trim_prefix (node_modules/express/lib/router/index.js:328:13)
      at node_modules/express/lib/router/index.js:286:9
      at Function.process_params 
(node_modules/express/lib/router/index.js:346:12)
      at next (node_modules/express/lib/router/index.js:280:10)
      at next (config/security.advanced.js:22:32)
      at advancedApiLimiter (server.js:355:3)
      at Layer.handle [as handle_request] 
(node_modules/express/lib/router/layer.js:95:5)
      at trim_prefix (node_modules/express/lib/router/index.js:328:13)
      at node_modules/express/lib/router/index.js:286:9
      at Function.process_params 
(node_modules/express/lib/router/index.js:346:12)
      at next (node_modules/express/lib/router/index.js:280:10)
      at next (middleware/rateLimiter.js:114:12)
      at apiLimiter (server.js:347:3)
      at Layer.handle [as handle_request] 
(node_modules/express/lib/router/layer.js:95:5)
      at trim_prefix (node_modules/express/lib/router/index.js:328:13)
      at node_modules/express/lib/router/index.js:286:9
      at Function.process_params 
(node_modules/express/lib/router/index.js:346:12)
      at next (node_modules/express/lib/router/index.js:280:10)
      at next (config/security.advanced.js:133:3)
      at Layer.handle [as handle_request] 
(node_modules/express/lib/router/layer.js:95:5)
      at trim_prefix (node_modules/express/lib/router/index.js:328:13)
      at node_modules/express/lib/router/index.js:286:9
      at Function.process_params 
(node_modules/express/lib/router/index.js:346:12)
      at next (node_modules/express/lib/router/index.js:280:10)
      at logger (node_modules/morgan/index.js:144:5)
      at Layer.handle [as handle_request] 
(node_modules/express/lib/router/layer.js:95:5)
      at trim_prefix (node_modules/express/lib/router/index.js:328:13)
      at node_modules/express/lib/router/index.js:286:9
      at Function.process_params 
(node_modules/express/lib/router/index.js:346:12)
      at next (node_modules/express/lib/router/index.js:280:10)
      at next (middleware/responseHandler.js:38:3)
      at Layer.handle [as handle_request] 
(node_modules/express/lib/router/layer.js:95:5)
      at trim_prefix (node_modules/express/lib/router/index.js:328:13)
      at node_modules/express/lib/router/index.js:286:9
      at Function.process_params 
(node_modules/express/lib/router/index.js:346:12)
      at next (node_modules/express/lib/router/index.js:280:10)
      at next (config/performance.js:62:14)
      at Layer.handle [as handle_request] 
(node_modules/express/lib/router/layer.js:95:5)
      at trim_prefix (node_modules/express/lib/router/index.js:328:13)
      at node_modules/express/lib/router/index.js:286:9
      at Function.process_params 
(node_modules/express/lib/router/index.js:346:12)
      at next (node_modules/express/lib/router/index.js:280:10)
      at next (config/performance.js:184:3)
      at Layer.handle [as handle_request] 
(node_modules/express/lib/router/layer.js:95:5)
      at trim_prefix (node_modules/express/lib/router/index.js:328:13)
      at node_modules/express/lib/router/index.js:286:9
      at Function.process_params 
(node_modules/express/lib/router/index.js:346:12)
      at next (node_modules/express/lib/router/index.js:280:10)
      at compression (node_modules/compression/index.js:243:5)
      at Layer.handle [as handle_request] 
(node_modules/express/lib/router/layer.js:95:5)
      at trim_prefix (node_modules/express/lib/router/index.js:328:13)
      at node_modules/express/lib/router/index.js:286:9
      at Function.process_params 
(node_modules/express/lib/router/index.js:346:12)
      at next (node_modules/express/lib/router/index.js:280:10)
      at next (middleware/requestValidation.js:198:3)
      at Layer.handle [as handle_request] 
(node_modules/express/lib/router/layer.js:95:5)
      at trim_prefix (node_modules/express/lib/router/index.js:328:13)
      at node_modules/express/lib/router/index.js:286:9
      at Function.process_params 
(node_modules/express/lib/router/index.js:346:12)
      at next (node_modules/express/lib/router/index.js:280:10)
      at hpp (node_modules/hpp/lib/index.js:146:9)

    console.error
      ERROR ≡اْح {
        statusCode: 500,
        code: 'INTERNAL_ERROR',
        message: 'DB Error',
        name: 'Error'
      }

    [0m [90m 104 |[39m   [90m// Programming or other unknown error: don't 
leak error details[39m
     [90m 105 |[39m   [36melse[39m {
    [31m[1m>[22m[39m[90m 106 |[39m     
console[33m.[39merror([32m'ERROR ≡اْح'[39m[33m,[39m err)[33m;[39m
     [90m     |[39m             [31m[1m^[22m[39m
     [90m 107 |[39m
     [90m 108 |[39m     res[33m.[39mstatus([35m500[39m)[33m.[39mjson({
     [90m 109 |[39m       success[33m:[39m [36mfalse[39m[33m,[39m[0m

      at error (middleware/errorHandler.enhanced.js:106:13)
      at sendErrorProd (middleware/errorHandler.enhanced.js:158:5)
      at Layer.handle_error (node_modules/express/lib/router/layer.js:71:5)
      at trim_prefix (node_modules/express/lib/router/index.js:326:13)
      at node_modules/express/lib/router/index.js:286:9
      at Function.process_params 
(node_modules/express/lib/router/index.js:346:12)
      at next (node_modules/express/lib/router/index.js:280:10)
      at Layer.handle_error (node_modules/express/lib/router/layer.js:67:12)
      at trim_prefix (node_modules/express/lib/router/index.js:326:13)
      at node_modules/express/lib/router/index.js:286:9
      at Function.process_params 
(node_modules/express/lib/router/index.js:346:12)
      at next (node_modules/express/lib/router/index.js:280:10)
      at Layer.handle_error (node_modules/express/lib/router/layer.js:67:12)
      at trim_prefix (node_modules/express/lib/router/index.js:326:13)
      at node_modules/express/lib/router/index.js:286:9
      at Function.process_params 
(node_modules/express/lib/router/index.js:346:12)
      at Immediate.next (node_modules/express/lib/router/index.js:280:10)
      at Immediate._onImmediate 
(node_modules/express/lib/router/index.js:646:15)

PASS __tests__/documents-routes.phase3.test.js
[0mPOST /api/notifications [32m201[0m 0.628 ms - 194[0m
[0mPOST /api/notifications [32m201[0m 0.190 ms - 203[0m
[0mPOST /api/notifications [32m201[0m 0.177 ms - 199[0m
[0mPOST /api/notifications [32m201[0m 0.192 ms - 190[0m
[0mPOST /api/notifications [33m400[0m 0.158 ms - 60[0m
[0mPOST /api/notifications [33m400[0m 0.193 ms - 60[0m
[0mPOST /api/notifications [32m201[0m 0.207 ms - 180[0m
[0mPOST /api/notifications [32m201[0m 0.230 ms - 190[0m
[0mPOST /api/notifications [32m201[0m 0.170 ms - 198[0m
[0mGET /api/notifications [32m200[0m 1.140 ms - 80[0m
[0mGET /api/notifications?page=1&limit=10 [32m200[0m 0.581 ms - 80[0m
[0mGET /api/notifications?type=warning [32m200[0m 0.509 ms - 80[0m
[0mGET /api/notifications?unread=true [32m200[0m 0.653 ms - 80[0m
[0mGET /api/notifications/notif123 [32m200[0m 0.642 ms - 106[0m
[0mGET /api/notifications?sort=-createdAt [32m200[0m 0.818 ms - 80[0m
[0mGET /api/notifications/search?q=system [32m200[0m 0.668 ms - 221[0m
[0mGET /api/notifications?category=security [32m200[0m 0.668 ms - 80[0m
[0mPATCH /api/notifications/notif123/read [32m200[0m 1.324 ms - 102[0m
[0mPATCH /api/notifications/mark-read-bulk [32m200[0m 1.141 ms - 28[0m
[0mPATCH /api/notifications/mark-all-read [32m200[0m 0.325 ms - 28[0m
[0mPATCH /api/notifications/notif123/archive [32m200[0m 0.245 ms - 66[0m
[0mPATCH /api/notifications/notif123/restore [32m200[0m 0.227 ms - 67[0m
[0mPATCH /api/notifications/notif123/favorite [32m200[0m 0.302 ms - 66[0m
[0mPATCH /api/notifications/notif123/snooze [32m200[0m 0.291 ms - 92[0m
[0mDELETE /api/notifications/notif123 [32m200[0m 0.784 ms - 16[0m
[0mDELETE /api/notifications/notif123?soft=true [32m200[0m 0.197 ms - 16[0m
[0mPOST /api/notifications/delete-bulk [32m200[0m 0.344 ms - 28[0m
[0mPOST /api/notifications/delete-read [32m200[0m 0.231 ms - 29[0m
[0mPOST /api/notifications/cleanup [32m200[0m 0.302 ms - 58[0m
[0mGET /api/notifications/preferences [32m200[0m 0.680 ms - 108[0m
[0mPUT /api/notifications/preferences [32m200[0m 0.397 ms - 148[0m
PASS __tests__/notification-system.test.js
[0mPATCH /api/notifications/preferences/types [32m200[0m 0.957 ms - 100[0m
[0mPATCH /api/notifications/preferences/quiet-hours [32m200[0m 0.749 ms - 119[0m
[0mPATCH /api/notifications/preferences/channels [32m200[0m 0.355 ms - 127[0m
[0mGET /api/notifications/templates [32m200[0m 0.709 ms - 91[0m
[0mGET /api/notifications/templates/welcome [32m200[0m 0.589 ms - 83[0m
[0mPOST /api/notifications/from-template [32m201[0m 0.272 ms - 135[0m
[0mPOST /api/notifications/email [32m201[0m 0.221 ms - 64[0m
[0mPOST /api/notifications/sms [32m201[0m 0.232 ms - 62[0m
[0mPOST /api/notifications/push [32m201[0m 0.260 ms - 59[0m
[0mGET /api/notifications/notif123/status [32m200[0m 0.602 ms - 84[0m
[0mPOST /api/notifications/notif123/retry [32m200[0m 0.242 ms - 70[0m
[0mGET /api/notifications/unread/count [32m200[0m 0.391 ms - 51[0m
[0mGET /api/notifications/unread/count-by-type [32m200[0m 0.568 ms - 70[0m
[0mPOST /api/notifications [33m400[0m 0.143 ms - 60[0m
[0mPOST /api/notifications [32m201[0m 0.156 ms - 180[0m
[0mPOST /api/notifications [32m201[0m 0.189 ms - 182[0m
[0mPOST /api/notifications [32m201[0m 0.126 ms - 182[0m
[0mPOST /api/notifications [32m201[0m 0.122 ms - 182[0m
[0mPOST /api/notifications [32m201[0m 0.121 ms - 182[0m
[0mPOST /api/notifications [32m201[0m 0.116 ms - 182[0m
[0mGET /api/notifications?userId=nonexistent [32m200[0m 0.748 ms - 80[0m
[0mPOST /api/notifications [32m201[0m 0.325 ms - -[0m
[0mPOST /api/notifications [32m201[0m 0.173 ms - 222[0m
[0mPOST /api/notifications/bulk-create [32m201[0m 0.355 ms - 478[0m
FAIL __tests__/integration-routes.comprehensive.test.js
  ظù Test suite failed to run

    Route.get() requires a callback function but got a [object Undefined]

    [0m [90m 25 |[39m [90m * @access  Private[39m
     [90m 26 |[39m [90m */[39m
    [31m[1m>[22m[39m[90m 27 |[39m 
router[33m.[39m[36mget[39m([32m'/schedules'[39m[33m,[39m
     [90m    |[39m        [31m[1m^[22m[39m
     [90m 28 |[39m   authenticate[33m,[39m
     [90m 29 |[39m   asyncHandler([36masync[39m (req[33m,[39m res) 
[33m=>[39m {
     [90m 30 |[39m     [36mtry[39m {[0m

      at Route.<computed> [as get] 
(node_modules/express/lib/router/route.js:216:15)
      at Function.proto.<computed> [as get] 
(node_modules/express/lib/router/index.js:521:19)
      at Object.get (routes/maintenance.js:27:8)
      at Object.require (server.js:94:27)
      at Object.require 
(__tests__/integration-routes.comprehensive.test.js:35:13)

PASS __tests__/notifications-routes.phase2.test.js
------------------------------------------|---------|----------|---------|---------|-----------------------------------------------------------------------------------------------------------------------------------------------------------------------------------------------------------------------------------------------------------------------------------------
File                                      | % Stmts | % Branch | % Funcs | % Lines | Uncovered Line #s                                                                                                                                                                                                                                                                       
------------------------------------------|---------|----------|---------|---------|-----------------------------------------------------------------------------------------------------------------------------------------------------------------------------------------------------------------------------------------------------------------------------------------
All files                                 |   31.54 |    16.21 |   19.41 |   32.36 |                                                                                                                                                                                                                                                                                         
 backend                                  |    58.3 |    32.53 |   19.23 |   58.49 |                                                                                                                                                                                                                                                                                         
  app.js                                  |     100 |      100 |     100 |     100 |                                                                                                                                                                                                                                                                                         
  server.js                               |   58.16 |    32.53 |   19.23 |   58.36 | 14,147,155,166,180,211-264,324,344,353,379,401,410,423,455,464,529-530,540,592-594,757,764,774,785-843,859-958,971-1011,1023-1053                                                                                                                                                       
 backend/api/routes                       |      41 |    30.59 |   25.97 |   43.92 |                                                                                                                                                                                                                                                                                         
  auth.routes.js                          |   49.55 |    45.45 |   42.85 |      50 | 12-13,86-87,104,165-167,180-223,254-275,288-319,332-373                                                                                                                                                                                                                                 
  crm.routes.legacy.js                    |    8.84 |        0 |       0 |   10.92 | 240-253,299-320,333-365,378-407,420-458,471-495,508-533,546-575,588-656                                                                                                                                                                                                                 
  documents.routes.js                     |   13.48 |        0 |       0 |   15.28 | 236-272,286-339,353-384,398-404,418-424,438-478,492-518,532-549,563-610,624-680,692-699,707-714,719-727,732-742,747-755,760-768,773-781                                                                                                                                                 
  modules.routes.js                       |      32 |        0 |       0 |      32 | 230-251,265-278,292-306                                                                                                                                                                                                                                                                 
  reporting.routes.js                     |   75.72 |    60.86 |   91.17 |   80.79 | 34,41,49,56,62,72,81,100,134,142,150,158,163,174,186,193,201,208,215,223,231,239,247,256-261                                                                                                                                                                                            
  users.routes.js                         |   76.54 |    45.23 |      75 |   75.64 | 9,17-18,21-25,29,32,45,67-68,108-109,214-215,232,260-261                                                                                                                                                                                                                                
 backend/config                           |   20.46 |    13.22 |   18.55 |   20.89 |                                                                                                                                                                                                                                                                                         
  backup.js                               |   17.85 |       25 |       0 |   17.85 | 15-17,23-43,50-70,76-102                                                                                                                                                                                                                                                                
  database.js                             |    6.89 |        0 |       0 |    6.97 | 9-129,134-147,153-159,166                                                                                                                                                                                                                                                               
  database.optimization.js                |   17.77 |        0 |       0 |   17.77 | 13-39,70-81,92-104,115-123,135-156                                                                                                                                                                                                                                                      
  inMemoryDB.js                           |   55.55 |     37.5 |   66.66 |   55.55 | 18-23,34-37,53-57                                                                                                                                                                                                                                                                       
  notificationTemplates.js                |     100 |      100 |     100 |     100 |                                                                                                                                                                                                                                                                                         
  performance.js                          |   29.34 |    11.76 |   31.25 |      30 | 19-50,65-97,106-117,125-142,180,230-266                                                                                                                                                                                                                                                 
  redis.js                                |    7.82 |    10.71 |       0 |    7.82 | 24-287,307-309                                                                                                                                                                                                                                                                          
  security.advanced.js                    |   70.73 |    26.92 |   66.66 |      70 | 32-34,67,73-85,106                                                                                                                                                                                                                                                                      
  security.config.js                      |    4.16 |    13.68 |    5.88 |    4.67 | 292-532,551-586                                                                                                                                                                                                                                                                         
 backend/controllers                      |    1.72 |        0 |       0 |    1.72 |                                                                                                                                                                                                                                                                                         
  disability-rehabilitation.controller.js |    1.72 |        0 |       0 |    1.72 | 20-399                                                                                                                                                                                                                                                                                  
 backend/db/seeders                       |   17.39 |        0 |       0 |   17.39 |                                                                                                                                                                                                                                                                                         
  initialData.js                          |   17.39 |        0 |       0 |   17.39 | 6-45                                                                                                                                                                                                                                                                                    
 backend/middleware                       |   33.87 |    17.46 |   24.29 |    34.1 |                                                                                                                                                                                                                                                                                         
  apiKey.middleware.js                    |      35 |       20 |     100 |      35 | 10,19-46                                                                                                                                                                                                                                                                                
  auth.js                                 |   40.57 |    26.31 |   33.33 |    40.9 | 14-28,37-41,51,74-75,94-114,122-128,135-139                                                                                                                                                                                                                                             
  auth.middleware.js                      |   26.11 |       16 |   16.66 |   25.95 | 43,62-131,144-159,172-189,198-218,227-243,252-258,266-270,279,296-328,340-365,372-379,387-406                                                                                                                                                                                           
  errorHandler.enhanced.js                |   45.58 |       44 |   27.77 |   46.26 | 12-16,25-26,34-35,42-45,52-54,61,68,75-77,96,127,135,140,145,150,155,181-187,197-201                                                                                                                                                                                                    
  maintenance.middleware.js               |   64.51 |    41.66 |   66.66 |   64.51 | 14-20,39-40,49-54                                                                                                                                                                                                                                                                       
  rateLimiter.js                          |    20.3 |     7.59 |   22.22 |   20.45 | 22-25,33-53,65-82,94-105,117-131,138-149,163-180,188-206,214-248,256-272,279-280,288-296,303-347                                                                                                                                                                                        
  requestValidation.js                    |   59.52 |    34.37 |   26.66 |   59.52 | 13-28,62-109                                                                                                                                                                                                                                                                            
  responseHandler.js                      |   66.66 |        0 |      25 |   66.66 | 7,16,25                                                                                                                                                                                                                                                                                 
  sanitize.js                             |   83.33 |      100 |       0 |   83.33 | 14                                                                                                                                                                                                                                                                                      
  validation.js                           |   23.52 |     2.35 |   11.76 |      24 | 86-98,169-172,185-215,224-254,261-284,299-333,337-338,345,352-353,360-361                                                                                                                                                                                                               
 backend/models                           |   48.37 |    15.43 |   13.81 |      50 |                                                                                                                                                                                                                                                                                         
  Analytics.js                            |     100 |      100 |     100 |     100 |                                                                                                                                                                                                                                                                                         
  ApiKey.js                               |   83.33 |      100 |       0 |   83.33 | 42                                                                                                                                                                                                                                                                                      
  Assessment.js                           |      80 |      100 |       0 |      80 | 121-122                                                                                                                                                                                                                                                                                 
  Asset.js                                |   77.77 |      100 |       0 |   77.77 | 75-76                                                                                                                                                                                                                                                                                   
  AuditLog.js                             |   72.72 |        0 |       0 |   72.72 | 66,70,74                                                                                                                                                                                                                                                                                
  Budget.js                               |     100 |      100 |     100 |     100 |                                                                                                                                                                                                                                                                                         
  DisabilityProgram.js                    |   77.77 |      100 |       0 |   77.77 | 74-75                                                                                                                                                                                                                                                                                   
  DisabilitySession.js                    |      80 |      100 |       0 |      80 | 85-86                                                                                                                                                                                                                                                                                   
  Document.js                             |   31.34 |        0 |       0 |      35 | 246-249,254-259,265-281,286,296-312,316,323,327-330,337,345-346,351-353,358-360                                                                                                                                                                                                         
  Employee.js                             |   83.33 |      100 |       0 |   83.33 | 55                                                                                                                                                                                                                                                                                      
  Goal.js                                 |      80 |      100 |       0 |      80 | 103-104                                                                                                                                                                                                                                                                                 
  Maintenance.js                          |   83.33 |      100 |       0 |   83.33 | 122-123                                                                                                                                                                                                                                                                                 
  MaintenancePrediction.js                |      80 |      100 |       0 |      80 | 103-104                                                                                                                                                                                                                                                                                 
  Notification.js                         |   57.14 |        0 |       0 |   57.14 | 148-155                                                                                                                                                                                                                                                                                 
  Notification.memory.js                  |   30.64 |     9.09 |   21.73 |   33.33 | 10-12,16-17,26-52,64-65,83-207                                                                                                                                                                                                                                                          
  Report.js                               |    87.5 |      100 |       0 |    87.5 | 80                                                                                                                                                                                                                                                                                      
  Schedule.js                             |   77.77 |      100 |       0 |   77.77 | 86-87                                                                                                                                                                                                                                                                                   
  Session.js                              |      55 |       40 |       0 |      55 | 74,79-81,86-87,92,99,108                                                                                                                                                                                                                                                                
  Transaction.js                          |    87.5 |      100 |       0 |    87.5 | 21                                                                                                                                                                                                                                                                                      
  User.js                                 |   38.88 |        0 |       0 |   38.88 | 118-120,125-129,134-137                                                                                                                                                                                                                                                                 
  User.memory.js                          |   72.72 |    58.49 |      75 |   73.41 | 62-64,80-81,99,102,120,126-129,135-151                                                                                                                                                                                                                                                  
  Webhook.js                              |      80 |      100 |       0 |      80 | 131-132                                                                                                                                                                                                                                                                                 
  WebhookDelivery.js                      |   81.81 |      100 |       0 |   81.81 | 117-118                                                                                                                                                                                                                                                                                 
  attendance.model.js                     |     100 |      100 |     100 |     100 |                                                                                                                                                                                                                                                                                         
  compensation.model.js                   |   52.08 |        0 |      10 |   52.08 | 500-506,513-515,522-525,532-538,545-550,557-561,583,597,625                                                                                                                                                                                                                             
  conversation.model.js                   |   26.19 |        0 |       0 |   29.33 | 183,188-198,203-209,214-223,228-232,237-239,244-248,253-255,260-265,270,279-288,299-314,319-337,343-344,349-351                                                                                                                                                                         
  disability-rehabilitation.model.js      |   31.76 |        0 |       0 |   33.75 | 42-245,459-462,466-473,484-491,498,505-513,520-528,535-538,545-557,568,593,604-607,636-652                                                                                                                                                                                              
  index.js                                |     100 |      100 |     100 |     100 |                                                                                                                                                                                                                                                                                         
  leave.model.js                          |     100 |      100 |     100 |     100 |                                                                                                                                                                                                                                                                                         
  message.model.js                        |   37.77 |        0 |       0 |   40.47 | 144,149,154-158,163-167,172-176,181-188,198,208-217,223-228                                                                                                                                                                                                                             
  payroll.model.js                        |   30.12 |     5.43 |   14.81 |   29.45 | 252-257,264-279,286-298,305-312,319-335,342-348,355-362,369-378,385-394,401-410,417-424,431-436,443-445,452-455,462-465,472,505-507,554,604-616                                                                                                                                         
 backend/routes                           |   47.64 |    33.91 |   35.97 |   47.68 |                                                                                                                                                                                                                                                                                         
  analytics.js                            |   26.47 |        0 |       0 |   26.47 | 13-19,30-38,54-62,78-90,106-124,140-149,165-174,190-214,230-239,249-250                                                                                                                                                                                                                 
  assets.js                               |   25.75 |        0 |       0 |   25.75 | 13-19,30-39,56-82,98-114,131-150,167-183,199-209,225-234,244-245                                                                                                                                                                                                                        
  conversations.routes.js                 |   84.61 |       50 |     100 |   84.61 | 23,36                                                                                                                                                                                                                                                                                   
  disability-rehabilitation.js            |   18.89 |        0 |       0 |   18.89 | 13-19,28-37,51-76,90-106,120-139,154-170,185-210,225-235,250-266,281-300,315-340,355-371,386-411,426-442,457-475,485-486                                                                                                                                                                
  disability-rehabilitation.routes.js     |      95 |      100 |       0 |      95 | 153                                                                                                                                                                                                                                                                                     
  finance.routes.unified.js               |   66.39 |    79.59 |   84.37 |   66.39 | 64-66,122-123,152-153,169-170,194-195,213-214,238-239,268-269,281-286,325-326,342-343,359-360,379-380,396-397,424-425,447-448,468-469,500-501,521,526-527,557-558,585-586,607-608,631-632,658-659,694-695,718-719,742-743,766-767,783-788,804-843,855-870                               
  health.routes.js                        |   15.71 |        0 |       0 |   16.66 | 17-51,68-98,111-162,175-232,245-263,275                                                                                                                                                                                                                                                 
  integration.routes.minimal.js           |   23.33 |        0 |       0 |   23.33 | 15-20,25-30,39-47,52-57,62-67,76-81,86-97,102-106,115,126                                                                                                                                                                                                                               
  maintenance.js                          |   33.33 |     11.9 |   27.27 |   33.33 | 14,30-39,64-79,94-110,125-144,159-175,193-200,221-247,262-278,293-309,319-320                                                                                                                                                                                                           
  messaging.routes.js                     |   58.86 |     54.1 |   69.56 |   58.57 | 43-44,62,75-76,88-102,126-127,159-160,195,214,302,309,327,343-344,362,369,376,395,412-413,431,470-471,492,506,525,538-539,553-582,597,607,619-620,638,657-658,679,686,703-704,723,730,748,765-766,786,813,825-826,846,865-866,881-912,925-945,958-978,991-1017,1032-1053                
  notifications.routes.js                 |   70.93 |    61.61 |     100 |   70.93 | 18,59-60,79,111-121,140-141,160-161,180-181,199-200,219-220,243-244,263-264,283-284,311-319,338-339,358-359,378-379,398-399,417,427-428,447-448,467-468,487-488,508,515,538,549-550,567,577-578,595,605-606,626,639-640,662-663,685-686,708-709,738-739,763-764,793-794,818-819,841-842 
  payroll.routes.js                       |    45.4 |     12.5 |      50 |    45.4 | 37,58,75-96,115-135,163,184-193,214-223,235-253,265-285,297-315,343,366,387,415,442,467-476,489-509,527,545-563,575-595,609-619,631-650                                                                                                                                                 
  phase17-advanced.routes.js              |   57.89 |      100 |       0 |   57.89 | 11,15,20,24,29,33,38,43                                                                                                                                                                                                                                                                 
  phases-18-20.routes.js                  |   54.54 |      100 |       0 |   54.54 | 11,15,19,23,27,32,36,40,44,48,53,57,61,65,69                                                                                                                                                                                                                                            
  phases-21-28.routes.js                  |   56.52 |      100 |       0 |   56.52 | 11,15,20,24,29,34,39,44,49,54                                                                                                                                                                                                                                                           
  phases-29-33.routes.js                  |   54.54 |      100 |       0 |   54.54 | 22,38,42,49,57,65,73,83,95,104,112,127,138,150,165                                                                                                                                                                                                                                      
  reports.js                              |   21.83 |        0 |       0 |   21.83 | 13-19,30-39,55-79,95-111,127-142,159-175,191-200,216-225,241-266,282-298,308-309                                                                                                                                                                                                        
  schedules.js                            |   24.32 |        0 |       0 |   24.32 | 13-19,30-39,56-82,98-114,131-150,167-183,199-209,225-238,254-273,283-284                                                                                                                                                                                                                
  threads.routes.js                       |   83.01 |     73.8 |     100 |   83.01 | 45,68,97,115,136,154,161,216,232                                                                                                                                                                                                                                                        
  webhooks.js                             |   21.95 |        0 |       0 |   21.95 | 13-19,31-40,57-88,105-121,138-157,174-190,207-229,246-264,281-301,311-312                                                                                                                                                                                                               
 backend/services                         |    9.84 |     4.54 |    7.63 |   10.31 |                                                                                                                                                                                                                                                                                         
  advancedReportingService.js             |    0.28 |        0 |       0 |    0.31 | 15-948                                                                                                                                                                                                                                                                                  
  assetManagementService.js               |     5.4 |        0 |       0 |    5.63 | 9-216                                                                                                                                                                                                                                                                                   
  disability-rehabilitation.service.js    |     2.7 |        0 |       0 |    2.85 | 18-884                                                                                                                                                                                                                                                                                  
  disabilityRehabilitationService.js      |     4.6 |        0 |       0 |    4.89 | 19-460                                                                                                                                                                                                                                                                                  
  externalIntegrationService.js           |     0.6 |        0 |       0 |    0.63 | 15-723                                                                                                                                                                                                                                                                                  
  finance.service.js                      |    2.12 |        0 |       0 |    2.29 | 16-602                                                                                                                                                                                                                                                                                  
  maintenanceService.js                   |    7.82 |        0 |    4.54 |    8.91 | 17-152,168-207,229-354                                                                                                                                                                                                                                                                  
  messaging.service.js                    |   26.82 |        0 |       0 |   26.82 | 13-39,47-71,79-88,96-104,112-118,126-134,142-149,157-164,172-181,189-195,203-215,223-235,243-257,265-274,282-289,297-304,312-315,323-330,338-345                                                                                                                                        
  notificationService.js                  |   50.36 |    38.75 |   46.77 |   50.73 | 123,190,209-220,278,310-311,347-352,365,394,411,421,431-432,446,456,470,480-801,830,860-974,990-1003,1011                                                                                                                                                                               
  notifications.service.js                |    1.93 |        0 |       0 |    1.98 | 14-588                                                                                                                                                                                                                                                                                  
  payrollCalculationService.js            |    9.93 |     0.71 |    9.09 |   10.19 | 25-85,95-336,354-363,373-485                                                                                                                                                                                                                                                            
  performanceAnalyticsService.js          |    4.54 |        0 |       0 |       5 | 9-375                                                                                                                                                                                                                                                                                   
  reportService.js                        |    3.38 |        0 |       0 |    3.44 | 9-357                                                                                                                                                                                                                                                                                   
  scheduleManagementService.js            |    5.63 |        0 |       0 |    5.88 | 9-213                                                                                                                                                                                                                                                                                   
  webhookService.js                       |    4.83 |        0 |       0 |    5.12 | 18-384                                                                                                                                                                                                                                                                                  
 backend/utils                            |   29.52 |    19.35 |   27.27 |   30.69 |                                                                                                                                                                                                                                                                                         
  gracefulShutdown.js                     |   11.32 |     7.69 |   11.11 |   11.76 | 13-90,98-99                                                                                                                                                                                                                                                                             
  logger.js                               |   42.85 |        0 |      25 |   42.85 | 6,14-19                                                                                                                                                                                                                                                                                 
  security.js                             |   48.88 |    31.25 |   44.44 |   51.16 | 11,18,25-47,55-56,111,123-130                                                                                                                                                                                                                                                           
------------------------------------------|---------|----------|---------|---------|-----------------------------------------------------------------------------------------------------------------------------------------------------------------------------------------------------------------------------------------------------------------------------------------

Test Suites: 2 failed, 9 passed, 11 total
Tests:       3 failed, 394 passed, 397 total
Snapshots:   0 total
Time:        14.203 s, estimated 17 s
Ran all test suites matching /(auth\.test\.js|documents-routes\.phase3\.test\.j
s|messaging-routes\.phase2\.test\.js|finance-routes\.phase2\.test\.js|notificat
ions-routes\.phase2\.test\.js|reporting-routes\.phase2\.test\.js|payrollRoutes\
.test\.js|users\.test\.js|integration-routes\.comprehensive\.test\.js|maintenan
ce\.comprehensive\.test\.js|notification-system\.test\.js)/i.
